###############################################################################
#
# IAR ELF Linker V7.30.3.8024/W32 for ARM                 09/Jul/2017  04:37:25
# Copyright 2007-2014 IAR Systems AB.
#
#    Output file  =  
#        D:\VS程序\Freescale\2017光电直立\Prj\IAR\FN15_Release\Exe\vcan_Kinetis.out
#    Map file     =  
#        D:\VS程序\Freescale\2017光电直立\Prj\IAR\FN15_Release\List\vcan_Kinetis.map
#    Command line =  
#        D:\VS程序\Freescale\2017光电直立\Prj\IAR\FN15_Release\Obj\CarControl.o
#        D:\VS程序\Freescale\2017光电直立\Prj\IAR\FN15_Release\Obj\diskio.o
#        D:\VS程序\Freescale\2017光电直立\Prj\IAR\FN15_Release\Obj\ff.o
#        D:\VS程序\Freescale\2017光电直立\Prj\IAR\FN15_Release\Obj\Gyro.o
#        D:\VS程序\Freescale\2017光电直立\Prj\IAR\FN15_Release\Obj\Image.o
#        D:\VS程序\Freescale\2017光电直立\Prj\IAR\FN15_Release\Obj\main.o
#        D:\VS程序\Freescale\2017光电直立\Prj\IAR\FN15_Release\Obj\map.o
#        D:\VS程序\Freescale\2017光电直立\Prj\IAR\FN15_Release\Obj\misc.o
#        D:\VS程序\Freescale\2017光电直立\Prj\IAR\FN15_Release\Obj\MK60_adc.o
#        D:\VS程序\Freescale\2017光电直立\Prj\IAR\FN15_Release\Obj\MK60_can.o
#        D:\VS程序\Freescale\2017光电直立\Prj\IAR\FN15_Release\Obj\MK60_conf.o
#        D:\VS程序\Freescale\2017光电直立\Prj\IAR\FN15_Release\Obj\MK60_dac.o
#        D:\VS程序\Freescale\2017光电直立\Prj\IAR\FN15_Release\Obj\MK60_dma.o
#        D:\VS程序\Freescale\2017光电直立\Prj\IAR\FN15_Release\Obj\MK60_DWT.o
#        D:\VS程序\Freescale\2017光电直立\Prj\IAR\FN15_Release\Obj\MK60_flash.o
#        D:\VS程序\Freescale\2017光电直立\Prj\IAR\FN15_Release\Obj\MK60_flexbus.o
#        D:\VS程序\Freescale\2017光电直立\Prj\IAR\FN15_Release\Obj\MK60_ftm.o
#        D:\VS程序\Freescale\2017光电直立\Prj\IAR\FN15_Release\Obj\MK60_gpio.o
#        D:\VS程序\Freescale\2017光电直立\Prj\IAR\FN15_Release\Obj\MK60_i2c.o
#        D:\VS程序\Freescale\2017光电直立\Prj\IAR\FN15_Release\Obj\MK60_it.o
#        D:\VS程序\Freescale\2017光电直立\Prj\IAR\FN15_Release\Obj\MK60_lptmr.o
#        D:\VS程序\Freescale\2017光电直立\Prj\IAR\FN15_Release\Obj\MK60_mcg.o
#        D:\VS程序\Freescale\2017光电直立\Prj\IAR\FN15_Release\Obj\MK60_PIT.o
#        D:\VS程序\Freescale\2017光电直立\Prj\IAR\FN15_Release\Obj\MK60_port.o
#        D:\VS程序\Freescale\2017光电直立\Prj\IAR\FN15_Release\Obj\MK60_rtc.o
#        D:\VS程序\Freescale\2017光电直立\Prj\IAR\FN15_Release\Obj\MK60_sdhc.o
#        D:\VS程序\Freescale\2017光电直立\Prj\IAR\FN15_Release\Obj\MK60_spi.o
#        D:\VS程序\Freescale\2017光电直立\Prj\IAR\FN15_Release\Obj\MK60_SysTick.o
#        D:\VS程序\Freescale\2017光电直立\Prj\IAR\FN15_Release\Obj\MK60_uart.o
#        D:\VS程序\Freescale\2017光电直立\Prj\IAR\FN15_Release\Obj\MK60_usb.o
#        D:\VS程序\Freescale\2017光电直立\Prj\IAR\FN15_Release\Obj\MK60_wdog.o
#        D:\VS程序\Freescale\2017光电直立\Prj\IAR\FN15_Release\Obj\motor.o
#        D:\VS程序\Freescale\2017光电直立\Prj\IAR\FN15_Release\Obj\PID.o
#        D:\VS程序\Freescale\2017光电直立\Prj\IAR\FN15_Release\Obj\startup_MK60DZ10.o
#        D:\VS程序\Freescale\2017光电直立\Prj\IAR\FN15_Release\Obj\system_MK60DZ10.o
#        D:\VS程序\Freescale\2017光电直立\Prj\IAR\FN15_Release\Obj\USB.o
#        D:\VS程序\Freescale\2017光电直立\Prj\IAR\FN15_Release\Obj\USB_CDC.o
#        D:\VS程序\Freescale\2017光电直立\Prj\IAR\FN15_Release\Obj\VCAN_ASCII.o
#        D:\VS程序\Freescale\2017光电直立\Prj\IAR\FN15_Release\Obj\VCAN_BMP.o
#        D:\VS程序\Freescale\2017光电直立\Prj\IAR\FN15_Release\Obj\VCAN_camera.o
#        D:\VS程序\Freescale\2017光电直立\Prj\IAR\FN15_Release\Obj\VCAN_computer.o
#        D:\VS程序\Freescale\2017光电直立\Prj\IAR\FN15_Release\Obj\vcan_img2sd.o
#        D:\VS程序\Freescale\2017光电直立\Prj\IAR\FN15_Release\Obj\VCAN_key.o
#        D:\VS程序\Freescale\2017光电直立\Prj\IAR\FN15_Release\Obj\VCAN_key_event.o
#        D:\VS程序\Freescale\2017光电直立\Prj\IAR\FN15_Release\Obj\VCAN_LCD.o
#        D:\VS程序\Freescale\2017光电直立\Prj\IAR\FN15_Release\Obj\VCAN_LCD_CH.o
#        D:\VS程序\Freescale\2017光电直立\Prj\IAR\FN15_Release\Obj\VCAN_LCD_ILI9341.o
#        D:\VS程序\Freescale\2017光电直立\Prj\IAR\FN15_Release\Obj\VCAN_LCD_ST7735R.o
#        D:\VS程序\Freescale\2017光电直立\Prj\IAR\FN15_Release\Obj\VCAN_LCD_ST7735S.o
#        D:\VS程序\Freescale\2017光电直立\Prj\IAR\FN15_Release\Obj\VCAN_LED.o
#        D:\VS程序\Freescale\2017光电直立\Prj\IAR\FN15_Release\Obj\VCAN_MMA7455.o
#        D:\VS程序\Freescale\2017光电直立\Prj\IAR\FN15_Release\Obj\VCAN_NRF24L0.o
#        D:\VS程序\Freescale\2017光电直立\Prj\IAR\FN15_Release\Obj\VCAN_NRF24L0_MSG.o
#        D:\VS程序\Freescale\2017光电直立\Prj\IAR\FN15_Release\Obj\VCAN_OV7725_Eagle.o
#        D:\VS程序\Freescale\2017光电直立\Prj\IAR\FN15_Release\Obj\VCAN_OV7725_Wolf.o
#        D:\VS程序\Freescale\2017光电直立\Prj\IAR\FN15_Release\Obj\VCAN_RTC_count.o
#        D:\VS程序\Freescale\2017光电直立\Prj\IAR\FN15_Release\Obj\VCAN_SCCB.o
#        D:\VS程序\Freescale\2017光电直立\Prj\IAR\FN15_Release\Obj\vcan_sd_app.o
#        D:\VS程序\Freescale\2017光电直立\Prj\IAR\FN15_Release\Obj\Vcan_touch.o
#        D:\VS程序\Freescale\2017光电直立\Prj\IAR\FN15_Release\Obj\VCAN_TSL1401.o
#        D:\VS程序\Freescale\2017光电直立\Prj\IAR\FN15_Release\Obj\VCAN_UI_VAR.o
#        D:\VS程序\Freescale\2017光电直立\Prj\IAR\FN15_Release\Obj\vectors.o
#        --redirect _Printf=_PrintfLargeNoMb --redirect _Scanf=_ScanfLargeNoMb
#        -o
#        D:\VS程序\Freescale\2017光电直立\Prj\IAR\FN15_Release\Exe\vcan_Kinetis.out
#        --map
#        D:\VS程序\Freescale\2017光电直立\Prj\IAR\FN15_Release\List\vcan_Kinetis.map
#        --config "D:\VS程序\Freescale\2017光电直立\Prj\IAR\config
#        files\vcan_ROM_K60N1M.icf"
#        D:\VS程序\Freescale\2017光电直立\Prj\IAR\..\..\Lib\CMSIS\iar_cortexM4l_math.a
#        --entry __iar_program_start --redirect __write=__write_buffered
#        --inline --vfe
#
###############################################################################

*******************************************************************************
*** RUNTIME MODEL ATTRIBUTES
***

CppFlavor       = *
__SystemLibrary = DLib


*******************************************************************************
*** PLACEMENT SUMMARY
***

"A1":  place at 0x00000000 { ro section .intvec };
"A2":  place at 0x00000410 { ro section .noinit };
"P1":  place in [from 0x00000000 to 0x00100000] { ro, block CodeRelocate };
"P2":  place in [from 0x1fff0410 to 0x20010000] {
          rw, block CodeRelocateRam, block CSTACK, block HEAP };

  Section              Kind        Address    Size  Object
  -------              ----        -------    ----  ------
"A1":                                        0x410
  .intvec              const    0x00000000   0x410  vectors.o [1]
                              - 0x00000410   0x410

"P1", part 1 of 2:                             0x0
  .rodata              const    0x00000410     0x0  zero_init3.o [5]

"A2":                                          0x8
  .noinit              ro code  0x00000410     0x8  startup_MK60DZ10.o [1]
                              - 0x00000418     0x8

"P1", part 2 of 2:                          0xb06c
  .rodata              const    0x00000418  0x4b78  map.o [1]
  .text                ro code  0x00004f90  0x1680  Image.o [1]
  .text                ro code  0x00006610    0x66  ABImemset.o [5]
  .text                ro code  0x00006676    0x22  zero_init3.o [5]
  .text                ro code  0x00006698    0x4e  FltToDbl.o [4]
  .text                ro code  0x000066e8    0xe8  DblAdd.o [4]
  .text                ro code  0x000067d0    0x4c  DblToI32.o [4]
  .text                ro code  0x0000681c    0x30  I32ToDbl.o [4]
  .text                ro code  0x0000684c   0x246  DblDiv.o [4]
  .text                ro code  0x00006a94    0x90  DblToFlt.o [4]
  .text                ro code  0x00006b24   0x100  sqrt.o [4]
  .text                ro code  0x00006c24   0x1a2  DblMul.o [4]
  .text                ro code  0x00006dc8   0x37c  VCAN_LCD.o [1]
  .text                ro code  0x00007144   0x16c  DblSub.o [4]
  .text                ro code  0x000072b0     0xc  iarEdom.o [5]
  .text                ro code  0x000072bc   0xb94  VCAN_LCD_ST7735S.o [1]
  .text                ro code  0x00007e50     0xc  errno.o [3]
  .text                ro code  0x00007e5c    0x80  MK60_gpio.o [1]
  .text                ro code  0x00007edc    0x74  MK60_port.o [1]
  .text                ro code  0x00007f50    0x34  MK60_SysTick.o [1]
  .text                ro code  0x00007f84     0x2  xtls.o [3]
  .data_init                    0x00007f88   0xbfc  <Block>
    Initializer bytes  ro data  0x00007f88   0xbfc  <for .data-1>
  .text                ro code  0x00008b84   0xb3c  main.o [1]
  .text                ro code  0x000096c0   0x168  CarControl.o [1]
  .text                ro code  0x00009828   0x310  Gyro.o [1]
  .text                ro code  0x00009b38   0x160  VCAN_OV7725_Eagle.o [1]
  .text                ro code  0x00009c98   0x430  VCAN_SCCB.o [1]
  .text                ro code  0x0000a0c8   0x284  MK60_ftm.o [1]
  .text                ro code  0x0000a34c    0xcc  motor.o [1]
  .text                ro code  0x0000a418   0x17c  MK60_uart.o [1]
  .text                ro code  0x0000a594    0x18  misc.o [1]
  .text                ro code  0x0000a5ac    0x3c  MK60_PIT.o [1]
  .text                ro code  0x0000a5e8    0x48  VCAN_computer.o [1]
  .text                ro code  0x0000a630    0x76  ABImemcpy_unaligned.o [5]
  .text                ro code  0x0000a6a8     0x6  ABImemclr.o [5]
  .text                ro code  0x0000a6b0    0x7a  VCAN_camera.o [1]
  .text                ro code  0x0000a72c    0xd4  VCAN_key.o [1]
  .text                ro code  0x0000a800    0x80  PID.o [1]
  .text                ro code  0x0000a880   0x128  MK60_adc.o [1]
  .text                ro code  0x0000a9a8    0xec  MK60_dma.o [1]
  .rodata              const    0x0000aa94   0x600  VCAN_ASCII.o [1]
  Veneer               ro code  0x0000b094     0x8  - Linker created -
  .text                ro code  0x0000b09c   0x200  MK60_mcg.o [1]
  .text                ro code  0x0000b29c    0xd8  system_MK60DZ10.o [1]
  .text                ro code  0x0000b374    0x2c  MK60_wdog.o [1]
  CodeRelocate                  0x0000b3a0    0x3c  <Block>
    Initializer bytes  ro data  0x0000b3a0    0x3c  <for CodeRelocateRam-1>
  .text                ro code  0x0000b3dc    0x28  data_init.o [5]
  .text                ro code  0x0000b404    0x22  fpinit_M.o [4]
  .iar.init_table      const    0x0000b428    0x10  - Linker created -
  .text                ro code  0x0000b438    0x1a  cmain.o [5]
  .text                ro code  0x0000b452     0x4  exit.o [3]
  .text                ro code  0x0000b458     0xa  cexit.o [5]
  .text                ro code  0x0000b464     0xc  XXexit.o [5]
  .text                ro code  0x0000b470     0xc  cstartup_M.o [5]
  .text                ro code  0x0000b47c     0x4  MK60_conf.o [1]
  Initializer bytes    ro data  0x0000b480     0x4  <for P2 s0>
                              - 0x0000b484  0xb06c

"P2":                                       0x8798
  .data                         0x1fff0410   0xbfc  <Block>
    .data-1                     0x1fff0410   0xbf9  <Init block>
      .data            inited   0x1fff0410    0x34  Gyro.o [1]
      .data            inited   0x1fff0444     0x4  Image.o [1]
      .data            inited   0x1fff0448    0x5c  Image.o [1]
      .data            inited   0x1fff04a4     0x4  Image.o [1]
      .data            inited   0x1fff04a8     0x4  Image.o [1]
      .data            inited   0x1fff04ac    0x40  main.o [1]
      .data            inited   0x1fff04ec   0x4b0  main.o [1]
      .data            inited   0x1fff099c   0x4cc  main.o [1]
      .data            inited   0x1fff0e68    0x44  main.o [1]
      .data            inited   0x1fff0eac     0x4  main.o [1]
      .data            inited   0x1fff0eb0     0x4  main.o [1]
      .data            inited   0x1fff0eb4     0x4  main.o [1]
      .data            inited   0x1fff0eb8     0x4  main.o [1]
      .data            inited   0x1fff0ebc     0x8  MK60_adc.o [1]
      .data            inited   0x1fff0ec4    0x20  MK60_ftm.o [1]
      .data            inited   0x1fff0ee4    0x14  MK60_gpio.o [1]
      .data            inited   0x1fff0ef8    0x58  MK60_mcg.o [1]
      .data            inited   0x1fff0f50     0x4  MK60_mcg.o [1]
      .data            inited   0x1fff0f54    0x14  MK60_port.o [1]
      .data            inited   0x1fff0f68    0x18  MK60_uart.o [1]
      .data            inited   0x1fff0f80    0x14  VCAN_key.o [1]
      .data            inited   0x1fff0f94     0x6  VCAN_LCD_ST7735S.o [1]
      .data            inited   0x1fff0f9c     0x8  VCAN_OV7725_Eagle.o [1]
      .data            inited   0x1fff0fa4    0x65  VCAN_OV7725_Eagle.o [1]
  CodeRelocateRam               0x1fff100c    0x3c  <Block>
    CodeRelocateRam-1           0x1fff100c    0x3c  <Init block>
      .textrw          inited   0x1fff100c    0x3c  MK60_mcg.o [1]
  .bss                          0x1fff1048  0x7b5c  <Block>
    .bss               zero     0x1fff1048    0x70  CarControl.o [1]
    .bss               zero     0x1fff10b8   0x284  Image.o [1]
    .bss               zero     0x1fff133c   0x4ec  Image.o [1]
    .bss               zero     0x1fff1828  0x2580  Image.o [1]
    .bss               zero     0x1fff3da8   0x2d0  Image.o [1]
    .bss               zero     0x1fff4078  0x2580  Image.o [1]
    .bss               zero     0x1fff65f8  0x2580  Image.o [1]
    .bss               zero     0x1fff8b78     0x8  Image.o [1]
    .bss               zero     0x1fff8b80    0x18  Image.o [1]
    .bss               zero     0x1fff8b98     0xc  system_MK60DZ10.o [1]
  P2 s0                         0x1fff8ba4     0x4  <Init block>
    __DLIB_PERTHREAD   inited   0x1fff8ba4     0x4  errno.o [3]
                              - 0x1fff8ba8  0x8798


*******************************************************************************
*** INIT TABLE
***

          Address     Size
          -------     ----
Zero (__iar_zero_init3)
    1 destination range, total size 0x7b5c:
          0x1fff1048  0x7b5c



*******************************************************************************
*** MODULE SUMMARY
***

    Module                 ro code  rw code  ro data  rw data
    ------                 -------  -------  -------  -------
D:\VS程序\Freescale\2017光电直立\Prj\IAR\FN15_Release\Obj: [1]
    CarControl.o               360                        112
    Gyro.o                     784                52       52
    Image.o                  5 760               104   31 560
    MK60_PIT.o                  60
    MK60_SysTick.o              52
    MK60_adc.o                 296                 8        8
    MK60_conf.o                  4
    MK60_dma.o                 236
    MK60_ftm.o                 644                32       32
    MK60_gpio.o                128                20       20
    MK60_mcg.o                 512       60      152       92
    MK60_port.o                116                20       20
    MK60_uart.o                380                24       24
    MK60_wdog.o                 44
    PID.o                      128
    VCAN_ASCII.o                               1 536
    VCAN_LCD.o                 892
    VCAN_LCD_ST7735S.o       2 964                 6        6
    VCAN_OV7725_Eagle.o        352               111      109
    VCAN_SCCB.o              1 072
    VCAN_camera.o              122
    VCAN_computer.o             72
    VCAN_key.o                 212                20       20
    main.o                   2 876             2 576    2 576
    map.o                                     19 320
    misc.o                      24
    motor.o                    204
    startup_MK60DZ10.o           8
    system_MK60DZ10.o          216                         12
    vectors.o                                  1 040
    ---------------------------------------------------------
    Total:                  18 518       60   25 021   34 643

command line: [2]
    ---------------------------------------------------------
    Total:

dl7M_tlf.a: [3]
    errno.o                     12                 4        4
    exit.o                       4
    xtls.o                       2
    ---------------------------------------------------------
    Total:                      18                 4        4

m7M_tls.a: [4]
    DblAdd.o                   232
    DblDiv.o                   582
    DblMul.o                   418
    DblSub.o                   364
    DblToFlt.o                 144
    DblToI32.o                  76
    FltToDbl.o                  78
    I32ToDbl.o                  48
    fpinit_M.o                  34
    sqrt.o                     256
    ---------------------------------------------------------
    Total:                   2 232

rt7M_tl.a: [5]
    ABImemclr.o                  6
    ABImemcpy_unaligned.o      118
    ABImemset.o                102
    XXexit.o                    12
    cexit.o                     10
    cmain.o                     26
    cstartup_M.o                12
    data_init.o                 40
    iarEdom.o                   12
    zero_init3.o                34
    ---------------------------------------------------------
    Total:                     372

    Gaps                        16                 2        2
    Linker created               8                19
-------------------------------------------------------------
    Grand Total:            21 164       60   25 046   34 649


*******************************************************************************
*** ENTRY LIST
***

Entry                      Address    Size  Type      Object
-----                      -------    ----  ----      ------
.bss$$Base              0x1fff1048           --   Gb  - Linker created -
.bss$$Limit             0x1fff8ba4           --   Gb  - Linker created -
.data$$Base             0x1fff0410           --   Gb  - Linker created -
.data$$Limit            0x1fff100c           --   Gb  - Linker created -
.data_init$$Base        0x00007f88           --   Gb  - Linker created -
.data_init$$Limit       0x00008b84           --   Gb  - Linker created -
?main                   0x0000b439          Code  Gb  cmain.o [5]
A                       0x1fff8b80     0x4  Data  Gb  Image.o [1]
AAGAFilter              0x00004f91    0x68  Code  Gb  Image.o [1]
AB                      0x1fff8b8c     0x4  Data  Gb  Image.o [1]
ADCN                    0x1fff0ebc     0x8  Data  Gb  MK60_adc.o [1]
Acc_Offset              0x1fff0428     0x4  Data  Gb  Gyro.o [1]
Acc_Smp                 0x1fff0410     0x4  Data  Gb  Gyro.o [1]
AllInit                 0x00008b85    0x7c  Code  Gb  main.o [1]
Angle                   0x1fff0420     0x4  Data  Gb  Gyro.o [1]
AngleAcceleArry         0x1fff04b0     0xc  Data  Gb  main.o [1]
AngleAcceleration_AD    0x0000987f    0x42  Code  Gb  Gyro.o [1]
Angle_Smp               0x1fff0418     0x4  Data  Gb  Gyro.o [1]
Angle_dot               0x1fff0424     0x4  Data  Gb  Gyro.o [1]
Angle_dot_Smp           0x1fff041c     0x4  Data  Gb  Gyro.o [1]
BC                      0x1fff8b88     0x4  Data  Gb  Image.o [1]
C                       0x1fff8b84     0x4  Data  Gb  Image.o [1]
CalculateLeadLine       0x000055d9   0x16a  Code  Gb  Image.o [1]
CarGo                   0x1fff0e64     0x4  Data  Gb  main.o [1]
CarInit                 0x000096c1    0x72  Code  Gb  CarControl.o [1]
CarRate                 0x1fff04e4     0x4  Data  Gb  main.o [1]
CarSpeed                0x1fff107c     0x4  Data  Gb  CarControl.o [1]
Car_Info                0x1fff104c    0x30  Data  Gb  CarControl.o [1]
CarpetSearch            0x000064cd   0x110  Code  Gb  Image.o [1]
CodeRelocate$$Base      0x0000b3a0           --   Gb  - Linker created -
CodeRelocate$$Limit     0x0000b3dc           --   Gb  - Linker created -
CodeRelocateRam$$Base   0x1fff100c           --   Gb  - Linker created -
CodeRelocateRam$$Limit  0x1fff1048           --   Gb  - Linker created -
Complement_Filter_Ex    0x00009ac1    0x72  Code  Gb  Gyro.o [1]
CompleteLine            0x00005515    0xc4  Code  Gb  Image.o [1]
ConGraph                0x1fff133c   0x4b0  Data  Gb  Image.o [1]
CrossMakeUpLine         0x000060e1    0xc6  Code  Gb  Image.o [1]
CrossRecognize          0x0000579d   0x3b2  Code  Gb  Image.o [1]
Cuvre                   0x1fff0448    0x10  Data  Gb  Image.o [1]
CuvreControl            0x000061a7    0x5c  Code  Gb  Image.o [1]
DFS                     0x0000641d    0xa6  Code  Gb  Image.o [1]
DMA0_IRQHandler         0x00008fb9     0x4  Code  Gb  main.o [1]
DirKd                   0x1fff0eb8     0x4  Data  Gb  main.o [1]
DirKp                   0x1fff0eb4     0x4  Data  Gb  main.o [1]
DirPID                  0x1fff109c    0x1c  Data  Gb  CarControl.o [1]
EX_Angle                0x1fff0430     0x4  Data  Gb  Gyro.o [1]
EX_DeltaAngle           0x1fff0434     0x4  Data  Gb  Gyro.o [1]
EX_GravityAdjustTime    0x1fff0438     0x4  Data  Gb  Gyro.o [1]
EX_angle_k              0x1fff043c     0x4  Data  Gb  Gyro.o [1]
EX_gyro_k               0x1fff0440     0x4  Data  Gb  Gyro.o [1]
EdgeTrace               0x000053a9   0x16a  Code  Gb  Image.o [1]
FTMN                    0x1fff0ec4    0x10  Data  Gb  MK60_ftm.o [1]
FTM_port_mux            0x0000a0c9   0x10e  Code  Lc  MK60_ftm.o [1]
GPIOX                   0x1fff0ee4    0x14  Data  Gb  MK60_gpio.o [1]
GetBiasDownRAngle       0x00005b4f    0x4e  Code  Gb  Image.o [1]
GetBiasUpRAngle         0x00005b9d    0x4c  Code  Gb  Image.o [1]
GetLSMatchingLine       0x00005bef    0x88  Code  Gb  Image.o [1]
GetStraightDownRAngle   0x00005f51    0xb0  Code  Gb  Image.o [1]
GetStraightUpRAngle     0x00006009    0xd8  Code  Gb  Image.o [1]
GyroInit                0x00009829    0x2a  Code  Gb  Gyro.o [1]
Gyro_Offset             0x1fff042c     0x4  Data  Gb  Gyro.o [1]
Gyro_Smp                0x1fff0414     0x4  Data  Gb  Gyro.o [1]
HighSpeed               0x1fff0e60     0x4  Data  Gb  main.o [1]
ImageBuffer2            0x1fff1828  0x2580  Data  Gb  Image.o [1]
IsConnect               0x1fff17ec    0x3c  Data  Gb  Image.o [1]
JudgeLineType           0x00005c7d    0xe4  Code  Gb  Image.o [1]
KEY_PTxn                0x1fff0f80     0x8  Data  Gb  VCAN_key.o [1]
KeyFree                 0x1fff0e80     0x1  Data  Gb  main.o [1]
LCDShowMode             0x1fff09ac     0x1  Data  Gb  main.o [1]
LCD_Img_gray_Z          0x00007079    0xa8  Code  Gb  VCAN_LCD.o [1]
LCD_ST7735S_dir         0x000079cb   0x334  Code  Gb  VCAN_LCD_ST7735S.o [1]
LCD_ST7735S_init        0x000072bd   0x70e  Code  Gb  VCAN_LCD_ST7735S.o [1]
LCD_ST7735S_ptlon       0x00007cff   0x13a  Code  Gb  VCAN_LCD_ST7735S.o [1]
LCD_char                0x00006ed5    0xd8  Code  Gb  VCAN_LCD.o [1]
LCD_clear               0x00006e53    0x28  Code  Gb  VCAN_LCD.o [1]
LCD_init                0x00006dc9    0x26  Code  Gb  VCAN_LCD.o [1]
LCD_line_display        0x000062a9   0x166  Code  Gb  Image.o [1]
LCD_num_BC              0x00006fad    0xcc  Code  Gb  VCAN_LCD.o [1]
LCD_point               0x00006e7b    0x5a  Code  Gb  VCAN_LCD.o [1]
LCD_rectangle           0x00006def    0x64  Code  Gb  VCAN_LCD.o [1]
LPulseSum               0x1fff04bc     0x2  Data  Gb  main.o [1]
LineType                0x1fff0478     0x4  Data  Gb  Image.o [1]
LocPID_Calc             0x0000a81b    0x62  Code  Gb  PID.o [1]
Lpulse                  0x1fff04dc     0x4  Data  Gb  main.o [1]
MAX_HORLINE_LENGTH      0x1fff04a8     0x4  Data  Gb  Image.o [1]
MAX_STRAIGHT_AREA       0x1fff04a4     0x4  Data  Gb  Image.o [1]
MIN_CON_POINT           0x1fff0494     0x4  Data  Gb  Image.o [1]
PID_Init                0x0000a801    0x1a  Code  Gb  PID.o [1]
PIT0InteruptEventCount  0x1fff04e0     0x4  Data  Gb  main.o [1]
PIT0_IRQHandler         0x00008e3d   0x15e  Code  Gb  main.o [1]
PORTA_IRQHandler        0x00008f9d    0x1c  Code  Gb  main.o [1]
PORTX                   0x1fff0f54    0x14  Data  Gb  MK60_port.o [1]
ParameterSet            0x00008fbd   0x680  Code  Gb  main.o [1]
Parameters_Init         0x00009855    0x2a  Code  Gb  Gyro.o [1]
RPulseSum               0x1fff04be     0x2  Data  Gb  main.o [1]
ReadSensorData          0x000098c1   0x1ca  Code  Gb  Gyro.o [1]
RecordBWChange          0x00004ff9    0x8a  Code  Gb  Image.o [1]
Region$$Table$$Base     0x0000b428           --   Gb  - Linker created -
Region$$Table$$Limit    0x0000b438           --   Gb  - Linker created -
Reset_Handler           0x00000411          Code  Gb  startup_MK60DZ10.o [1]
ReverseSearchLine       0x00005d79   0x1d8  Code  Gb  Image.o [1]
Rpulse                  0x1fff04d8     0x4  Data  Gb  main.o [1]
SCCB_GPIO_init          0x00009c99    0x2a  Code  Gb  VCAN_SCCB.o [1]
SCCB_ReadByte           0x00009eef    0x20  Code  Gb  VCAN_SCCB.o [1]
SCCB_ReadByte_one       0x00009f0f   0x1aa  Code  Lc  VCAN_SCCB.o [1]
SCCB_SendByte           0x00009df1    0x5a  Code  Lc  VCAN_SCCB.o [1]
SCCB_Start              0x00009cc3    0x6a  Code  Lc  VCAN_SCCB.o [1]
SCCB_Stop               0x00009d2d    0x64  Code  Lc  VCAN_SCCB.o [1]
SCCB_WaitAck            0x00009d91    0x60  Code  Lc  VCAN_SCCB.o [1]
SCCB_WriteByte          0x00009e4b    0xa4  Code  Gb  VCAN_SCCB.o [1]
ST7735S_get_h           0x00007e39     0x6  Code  Gb  VCAN_LCD_ST7735S.o [1]
ST7735S_get_w           0x00007e3f     0x6  Code  Gb  VCAN_LCD_ST7735S.o [1]
SearchBaseLines         0x00005083   0x320  Code  Gb  Image.o [1]
SpeedChange             0x1fff04e8     0x4  Data  Gb  main.o [1]
SpeedControl            0x00009789    0x5e  Code  Gb  CarControl.o [1]
SpeedControlPeriod      0x1fff04ad     0x1  Data  Gb  main.o [1]
SpeedKi                 0x1fff0eb0     0x4  Data  Gb  main.o [1]
SpeedKp                 0x1fff0eac     0x4  Data  Gb  main.o [1]
SpeedPID                0x1fff1080    0x1c  Data  Gb  CarControl.o [1]
Straigth                0x00009733    0x56  Code  Gb  CarControl.o [1]
T                       0x1fff8b90     0x4  Data  Gb  Image.o [1]
UARTN                   0x1fff0f68    0x18  Data  Gb  MK60_uart.o [1]
Upright_Kd              0x1fff0e98    0x14  Data  Gb  main.o [1]
Upright_Kp              0x1fff0e84    0x14  Data  Gb  main.o [1]
WIDTH                   0x1fff047c     0x4  Data  Gb  Image.o [1]
X                       0x1fff8b94     0x4  Data  Gb  Image.o [1]
__BOOT_STACK_ADDRESS {Abs}
                        0x2000fff8           --   Gb  command line/config [2]
__VECTOR_RAM {Abs}      0x1fff0000           --   Gb  command line/config [2]
__VECTOR_TABLE {Abs}    0x00000000           --   Gb  command line/config [2]
__aeabi_d2f             0x00006a95          Code  Gb  DblToFlt.o [4]
__aeabi_d2iz            0x000067d1          Code  Gb  DblToI32.o [4]
__aeabi_dadd            0x000066e9          Code  Gb  DblAdd.o [4]
__aeabi_ddiv            0x0000684d          Code  Gb  DblDiv.o [4]
__aeabi_dmul            0x00006c25          Code  Gb  DblMul.o [4]
__aeabi_errno_addr      0x00007e51     0x6  Code  Gb  errno.o [3]
__aeabi_f2d             0x00006699          Code  Gb  FltToDbl.o [4]
__aeabi_i2d             0x0000681d          Code  Gb  I32ToDbl.o [4]
__aeabi_memclr          0x0000a6a9          Code  Gb  ABImemclr.o [5]
__aeabi_memset          0x00006611          Code  Gb  ABImemset.o [5]
__aeabi_ui2d            0x00006831          Code  Gb  I32ToDbl.o [4]
__cmain                 0x0000b439          Code  Gb  cmain.o [5]
__code_start__ {Abs}    0x00000410           --   Gb  command line/config [2]
__exit                  0x0000b465          Code  Gb  XXexit.o [5]
__iar_Errno             0x1fff8ba4     0x4  Data  Gb  errno.o [3]
__iar_Memset            0x00006611          Code  Gb  ABImemset.o [5]
__iar_Memset_word       0x00006619          Code  Gb  ABImemset.o [5]
__iar_d2uiz             0x000067fd          Code  Gb  DblToI32.o [4]
__iar_dadd              0x000066fd          Code  Gb  DblAdd.o [4]
__iar_data_init3        0x0000b3dd    0x28  Code  Gb  data_init.o [5]
__iar_dlib_perthread_access
                        0x00007f85     0x2  Code  Gb  xtls.o [3]
__iar_dsub              0x00007145          Code  Gb  DblSub.o [4]
__iar_dsubStart         0x00007157          Code  Gb  DblSub.o [4]
__iar_edom              0x000072b1          Code  Gb  iarEdom.o [5]
__iar_init_vfp          0x0000b405          Code  Gb  fpinit_M.o [4]
__iar_program_start     0x0000b471          Code  Gb  cstartup_M.o [5]
__iar_sqrt              0x00006b35          Code  Gb  sqrt.o [4]
__iar_ui2d              0x00006835          Code  Gb  I32ToDbl.o [4]
__iar_unaligned___aeabi_memcpy
                        0x0000a631          Code  Gb  ABImemcpy_unaligned.o [5]
__iar_unaligned___aeabi_memcpy4
                        0x0000a651          Code  Gb  ABImemcpy_unaligned.o [5]
__iar_unaligned___aeabi_memcpy8
                        0x0000a651          Code  Gb  ABImemcpy_unaligned.o [5]
__iar_vfp_sqrt          0x00006b25          Code  Gb  sqrt.o [4]
__iar_vfp_sqrtl         0x00006b25          Code  Gb  sqrt.o [4]
__iar_zero_init3        0x00006677    0x22  Code  Gb  zero_init3.o [5]
__vector_table          0x00000000   0x410  Data  Gb  vectors.o [1]
_call_main              0x0000b445          Code  Gb  cmain.o [5]
_exit                   0x0000b459          Code  Gb  cexit.o [5]
_main                   0x0000b44f          Code  Gb  cmain.o [5]
acc_init                0x1fff04c0     0xc  Data  Gb  main.o [1]
adc_init                0x0000a881    0xea  Code  Gb  MK60_adc.o [1]
adc_once                0x0000a96b    0x36  Code  Gb  MK60_adc.o [1]
ascii_8x16              0x0000aa94   0x600  Data  Gb  VCAN_ASCII.o [1]
bus_clk_khz             0x1fff8ba0     0x4  Data  Gb  system_MK60DZ10.o [1]
common_startup          0x0000b2f9    0x48  Code  Gb  system_MK60DZ10.o [1]
core_clk_khz            0x1fff8b98     0x4  Data  Gb  system_MK60DZ10.o [1]
core_clk_mhz            0x1fff8b9c     0x4  Data  Gb  system_MK60DZ10.o [1]
default_isr             0x0000b47d     0x2  Code  Gb  MK60_conf.o [1]
dma_portx2buff_init     0x0000a9a9    0xec  Code  Gb  MK60_dma.o [1]
exit                    0x0000b453     0x4  Code  Gb  exit.o [3]
ftm_mod                 0x1fff0ed4    0x10  Data  Lc  MK60_ftm.o [1]
ftm_pwm_duty            0x0000a265    0x38  Code  Gb  MK60_ftm.o [1]
ftm_pwm_init            0x0000a1d7    0x8e  Code  Gb  MK60_ftm.o [1]
ftm_quad_clean          0x0000a32f     0x2  Code  Gb  MK60_ftm.o [1]
ftm_quad_get            0x0000a323     0xc  Code  Gb  MK60_ftm.o [1]
ftm_quad_init           0x0000a29d    0x86  Code  Gb  MK60_ftm.o [1]
gpio_get                0x00007ec1    0x18  Code  Gb  MK60_gpio.o [1]
gpio_init               0x00007e5d    0x42  Code  Gb  MK60_gpio.o [1]
gpio_set                0x00007e9f    0x22  Code  Gb  MK60_gpio.o [1]
gyro_init               0x1fff04cc     0xc  Data  Gb  main.o [1]
half                    0x1fff04a0     0x4  Data  Gb  Image.o [1]
imageProcess            0x00006203    0xa4  Code  Gb  Image.o [1]
img                     0x1fff09b0   0x4b0  Data  Gb  main.o [1]
img_extract             0x0000a6b1    0x76  Code  Gb  VCAN_camera.o [1]
imgbuff                 0x1fff04ec   0x4b0  Data  Gb  main.o [1]
imgsize                 0x1fff09a0     0x4  Data  Gb  main.o [1]
key_check               0x0000a7db    0x20  Code  Gb  VCAN_key.o [1]
key_init                0x0000a72d    0xae  Code  Gb  VCAN_key.o [1]
key_msg_flag            0x1fff0f8a     0x1  Data  Gb  VCAN_key.o [1]
key_msg_front           0x1fff0f88     0x1  Data  Gb  VCAN_key.o [1]
key_msg_rear            0x1fff0f89     0x1  Data  Gb  VCAN_key.o [1]
leadLine                0x1fff3f88    0xf0  Data  Gb  Image.o [1]
leadYEnd                0x1fff0474     0x4  Data  Gb  Image.o [1]
leadYStart              0x1fff0470     0x4  Data  Gb  Image.o [1]
leadlength              0x1fff0480     0x4  Data  Gb  Image.o [1]
leadnum0                0x1fff0498     0x4  Data  Gb  Image.o [1]
leadnumhalf             0x1fff049c     0x4  Data  Gb  Image.o [1]
leftEdge                0x00004f18    0x3c  Data  Gb  map.o [1]
leftHalf                0x1fff10bc   0x140  Data  Gb  Image.o [1]
leftLine                0x1fff3da8    0xf0  Data  Gb  Image.o [1]
leftYEnd                0x1fff0464     0x4  Data  Gb  Image.o [1]
leftYStart              0x1fff0460     0x4  Data  Gb  Image.o [1]
limit                   0x1fff04ac     0x1  Data  Gb  main.o [1]
ls                      0x1fff8b78     0x8  Data  Gb  Image.o [1]
main                    0x00008c01   0x23c  Code  Gb  main.o [1]
mapX                    0x00002998  0x2580  Data  Gb  map.o [1]
mapY                    0x00000418  0x2580  Data  Gb  map.o [1]
mcg_cfg                 0x1fff0ef8    0x58  Data  Gb  MK60_mcg.o [1]
mcg_div                 0x1fff0f50     0x4  Data  Gb  MK60_mcg.o [1]
mcg_div_count           0x0000b09d   0x176  Code  Gb  MK60_mcg.o [1]
midpoint_before         0x1fff0484     0x4  Data  Gb  Image.o [1]
midpoint_before_E       0x1fff0488     0x4  Data  Gb  Image.o [1]
modle_key               0x1fff0e81     0x1  Data  Gb  main.o [1]
motor_control           0x0000a387    0x8c  Code  Gb  motor.o [1]
motor_init              0x0000a34d    0x3a  Code  Gb  motor.o [1]
ov7725_eagle_cfgnum     0x1fff1008     0x1  Data  Gb  VCAN_OV7725_Eagle.o [1]
ov7725_eagle_dma        0x00009c23    0x12  Code  Gb  VCAN_OV7725_Eagle.o [1]
ov7725_eagle_get_img    0x00009c35    0x34  Code  Gb  VCAN_OV7725_Eagle.o [1]
ov7725_eagle_img_buff   0x1fff0fa0     0x4  Data  Gb  VCAN_OV7725_Eagle.o [1]
ov7725_eagle_img_flag   0x1fff0f9c     0x1  Data  Gb  VCAN_OV7725_Eagle.o [1]
ov7725_eagle_init       0x00009b39    0xac  Code  Gb  VCAN_OV7725_Eagle.o [1]
ov7725_eagle_reg        0x1fff0fa4    0x64  Data  Gb  VCAN_OV7725_Eagle.o [1]
ov7725_eagle_vsync      0x00009be5    0x3e  Code  Gb  VCAN_OV7725_Eagle.o [1]
p1                      0x1fff048c     0x4  Data  Gb  Image.o [1]
p2                      0x1fff0490     0x4  Data  Gb  Image.o [1]
pProcess                0x1fff0444     0x4  Data  Gb  Image.o [1]
pit_init                0x0000a5ad    0x30  Code  Gb  MK60_PIT.o [1]
pll_init                0x0000b213    0x7c  Code  Gb  MK60_mcg.o [1]
port_init               0x00007edd    0x2c  Code  Gb  MK60_port.o [1]
port_init_NoALT         0x00007f09    0x38  Code  Gb  MK60_port.o [1]
processBuf1             0x1fff4078  0x2580  Data  Gb  Image.o [1]
processBuf2             0x1fff65f8  0x2580  Data  Gb  Image.o [1]
rightEdge               0x00004f54    0x3c  Data  Gb  map.o [1]
rightHalf               0x1fff11fc   0x140  Data  Gb  Image.o [1]
rightLine               0x1fff3e98    0xf0  Data  Gb  Image.o [1]
rightYEnd               0x1fff046c     0x4  Data  Gb  Image.o [1]
rightYStart             0x1fff0468     0x4  Data  Gb  Image.o [1]
set_sys_dividers        0x1fff100d    0x3c  Code  Gb  MK60_mcg.o [1]
set_vector_handler      0x0000a59b     0x8  Code  Gb  misc.o [1]
site2                   0x1fff099c     0x4  Data  Gb  main.o [1]
site_1                  0x1fff09a8     0x4  Data  Gb  main.o [1]
site_x_1                0x1fff0e68     0x4  Data  Gb  main.o [1]
site_x_2                0x1fff0e74     0x4  Data  Gb  main.o [1]
site_y_1                0x1fff0e6c     0x4  Data  Gb  main.o [1]
site_y_2                0x1fff0e78     0x4  Data  Gb  main.o [1]
site_z_1                0x1fff0e70     0x4  Data  Gb  main.o [1]
site_z_2                0x1fff0e7c     0x4  Data  Gb  main.o [1]
size_2                  0x1fff09a4     0x4  Data  Gb  main.o [1]
sqrt                    0x00006b35          Code  Gb  sqrt.o [4]
sqrtl                   0x00006b35          Code  Gb  sqrt.o [4]
st7735s_dir             0x1fff0f94     0x1  Data  Gb  VCAN_LCD_ST7735S.o [1]
st7735s_h               0x1fff0f96     0x2  Data  Gb  VCAN_LCD_ST7735S.o [1]
st7735s_w               0x1fff0f98     0x2  Data  Gb  VCAN_LCD_ST7735S.o [1]
start                   0x0000b29d    0x28  Code  Gb  system_MK60DZ10.o [1]
sysinit                 0x0000b2c5    0x34  Code  Gb  system_MK60DZ10.o [1]
systick_delay_ms        0x00007f51    0x2a  Code  Gb  MK60_SysTick.o [1]
t                       0x1fff1048     0x1  Data  Gb  CarControl.o [1]
uart_init               0x0000a419   0x148  Code  Gb  MK60_uart.o [1]
uart_putbuff            0x0000a561    0x24  Code  Gb  MK60_uart.o [1]
vcan_sendimg            0x0000a5e9    0x16  Code  Gb  VCAN_computer.o [1]
wdog_disable            0x0000b375    0x26  Code  Gb  MK60_wdog.o [1]
write_vtor              0x0000a595     0x6  Code  Gb  misc.o [1]
ys                      0x1fff0458     0x8  Data  Gb  Image.o [1]
zhuantou                0x1fff10b8     0x1  Data  Gb  Image.o [1]


[1] = D:\VS程序\Freescale\2017光电直立\Prj\IAR\FN15_Release\Obj
[2] = command line
[3] = dl7M_tlf.a
[4] = m7M_tls.a
[5] = rt7M_tl.a

  21 164 bytes of readonly  code memory
      60 bytes of readwrite code memory
  25 046 bytes of readonly  data memory
  34 649 bytes of readwrite data memory

Errors: none
Warnings: none
