###############################################################################
#
# IAR ELF Linker V7.30.3.8024/W32 for ARM                 10/Mar/2017  19:51:30
# Copyright 2007-2014 IAR Systems AB.
#
#    Output file  =  
#        E:\文档库\ROBOT
#        Lab\三轴加速度和陀螺仪互补滤波拟合\Prj\IAR\FN15_Debug\Exe\vcan_Kinetis.out
#    Map file     =  
#        E:\文档库\ROBOT
#        Lab\三轴加速度和陀螺仪互补滤波拟合\Prj\IAR\FN15_Debug\List\vcan_Kinetis.map
#    Command line =  
#        "E:\文档库\ROBOT
#        Lab\三轴加速度和陀螺仪互补滤波拟合\Prj\IAR\FN15_Debug\Obj\diskio.o"
#        "E:\文档库\ROBOT
#        Lab\三轴加速度和陀螺仪互补滤波拟合\Prj\IAR\FN15_Debug\Obj\ff.o"
#        "E:\文档库\ROBOT
#        Lab\三轴加速度和陀螺仪互补滤波拟合\Prj\IAR\FN15_Debug\Obj\Gyro.o"
#        "E:\文档库\ROBOT
#        Lab\三轴加速度和陀螺仪互补滤波拟合\Prj\IAR\FN15_Debug\Obj\main.o"
#        "E:\文档库\ROBOT
#        Lab\三轴加速度和陀螺仪互补滤波拟合\Prj\IAR\FN15_Debug\Obj\misc.o"
#        "E:\文档库\ROBOT
#        Lab\三轴加速度和陀螺仪互补滤波拟合\Prj\IAR\FN15_Debug\Obj\MK60_adc.o"
#        "E:\文档库\ROBOT
#        Lab\三轴加速度和陀螺仪互补滤波拟合\Prj\IAR\FN15_Debug\Obj\MK60_can.o"
#        "E:\文档库\ROBOT
#        Lab\三轴加速度和陀螺仪互补滤波拟合\Prj\IAR\FN15_Debug\Obj\MK60_conf.o"
#        "E:\文档库\ROBOT
#        Lab\三轴加速度和陀螺仪互补滤波拟合\Prj\IAR\FN15_Debug\Obj\MK60_dac.o"
#        "E:\文档库\ROBOT
#        Lab\三轴加速度和陀螺仪互补滤波拟合\Prj\IAR\FN15_Debug\Obj\MK60_dma.o"
#        "E:\文档库\ROBOT
#        Lab\三轴加速度和陀螺仪互补滤波拟合\Prj\IAR\FN15_Debug\Obj\MK60_DWT.o"
#        "E:\文档库\ROBOT
#        Lab\三轴加速度和陀螺仪互补滤波拟合\Prj\IAR\FN15_Debug\Obj\MK60_flash.o"
#        "E:\文档库\ROBOT
#        Lab\三轴加速度和陀螺仪互补滤波拟合\Prj\IAR\FN15_Debug\Obj\MK60_flexbus.o"
#        "E:\文档库\ROBOT
#        Lab\三轴加速度和陀螺仪互补滤波拟合\Prj\IAR\FN15_Debug\Obj\MK60_ftm.o"
#        "E:\文档库\ROBOT
#        Lab\三轴加速度和陀螺仪互补滤波拟合\Prj\IAR\FN15_Debug\Obj\MK60_gpio.o"
#        "E:\文档库\ROBOT
#        Lab\三轴加速度和陀螺仪互补滤波拟合\Prj\IAR\FN15_Debug\Obj\MK60_i2c.o"
#        "E:\文档库\ROBOT
#        Lab\三轴加速度和陀螺仪互补滤波拟合\Prj\IAR\FN15_Debug\Obj\MK60_it.o"
#        "E:\文档库\ROBOT
#        Lab\三轴加速度和陀螺仪互补滤波拟合\Prj\IAR\FN15_Debug\Obj\MK60_lptmr.o"
#        "E:\文档库\ROBOT
#        Lab\三轴加速度和陀螺仪互补滤波拟合\Prj\IAR\FN15_Debug\Obj\MK60_mcg.o"
#        "E:\文档库\ROBOT
#        Lab\三轴加速度和陀螺仪互补滤波拟合\Prj\IAR\FN15_Debug\Obj\MK60_PIT.o"
#        "E:\文档库\ROBOT
#        Lab\三轴加速度和陀螺仪互补滤波拟合\Prj\IAR\FN15_Debug\Obj\MK60_port.o"
#        "E:\文档库\ROBOT
#        Lab\三轴加速度和陀螺仪互补滤波拟合\Prj\IAR\FN15_Debug\Obj\MK60_rtc.o"
#        "E:\文档库\ROBOT
#        Lab\三轴加速度和陀螺仪互补滤波拟合\Prj\IAR\FN15_Debug\Obj\MK60_sdhc.o"
#        "E:\文档库\ROBOT
#        Lab\三轴加速度和陀螺仪互补滤波拟合\Prj\IAR\FN15_Debug\Obj\MK60_spi.o"
#        "E:\文档库\ROBOT
#        Lab\三轴加速度和陀螺仪互补滤波拟合\Prj\IAR\FN15_Debug\Obj\MK60_SysTick.o"
#        "E:\文档库\ROBOT
#        Lab\三轴加速度和陀螺仪互补滤波拟合\Prj\IAR\FN15_Debug\Obj\MK60_uart.o"
#        "E:\文档库\ROBOT
#        Lab\三轴加速度和陀螺仪互补滤波拟合\Prj\IAR\FN15_Debug\Obj\MK60_usb.o"
#        "E:\文档库\ROBOT
#        Lab\三轴加速度和陀螺仪互补滤波拟合\Prj\IAR\FN15_Debug\Obj\MK60_wdog.o"
#        "E:\文档库\ROBOT
#        Lab\三轴加速度和陀螺仪互补滤波拟合\Prj\IAR\FN15_Debug\Obj\motor.o"
#        "E:\文档库\ROBOT
#        Lab\三轴加速度和陀螺仪互补滤波拟合\Prj\IAR\FN15_Debug\Obj\startup_MK60DZ10.o"
#        "E:\文档库\ROBOT
#        Lab\三轴加速度和陀螺仪互补滤波拟合\Prj\IAR\FN15_Debug\Obj\system_MK60DZ10.o"
#        "E:\文档库\ROBOT
#        Lab\三轴加速度和陀螺仪互补滤波拟合\Prj\IAR\FN15_Debug\Obj\USB.o"
#        "E:\文档库\ROBOT
#        Lab\三轴加速度和陀螺仪互补滤波拟合\Prj\IAR\FN15_Debug\Obj\USB_CDC.o"
#        "E:\文档库\ROBOT
#        Lab\三轴加速度和陀螺仪互补滤波拟合\Prj\IAR\FN15_Debug\Obj\VCAN_ASCII.o"
#        "E:\文档库\ROBOT
#        Lab\三轴加速度和陀螺仪互补滤波拟合\Prj\IAR\FN15_Debug\Obj\VCAN_BMP.o"
#        "E:\文档库\ROBOT
#        Lab\三轴加速度和陀螺仪互补滤波拟合\Prj\IAR\FN15_Debug\Obj\vcan_img2sd.o"
#        "E:\文档库\ROBOT
#        Lab\三轴加速度和陀螺仪互补滤波拟合\Prj\IAR\FN15_Debug\Obj\VCAN_key.o"
#        "E:\文档库\ROBOT
#        Lab\三轴加速度和陀螺仪互补滤波拟合\Prj\IAR\FN15_Debug\Obj\VCAN_key_event.o"
#        "E:\文档库\ROBOT
#        Lab\三轴加速度和陀螺仪互补滤波拟合\Prj\IAR\FN15_Debug\Obj\VCAN_LCD.o"
#        "E:\文档库\ROBOT
#        Lab\三轴加速度和陀螺仪互补滤波拟合\Prj\IAR\FN15_Debug\Obj\VCAN_LCD_CH.o"
#        "E:\文档库\ROBOT
#        Lab\三轴加速度和陀螺仪互补滤波拟合\Prj\IAR\FN15_Debug\Obj\VCAN_LCD_ILI9341.o"
#        "E:\文档库\ROBOT
#        Lab\三轴加速度和陀螺仪互补滤波拟合\Prj\IAR\FN15_Debug\Obj\VCAN_LCD_ST7735R.o"
#        "E:\文档库\ROBOT
#        Lab\三轴加速度和陀螺仪互补滤波拟合\Prj\IAR\FN15_Debug\Obj\VCAN_LCD_ST7735S.o"
#        "E:\文档库\ROBOT
#        Lab\三轴加速度和陀螺仪互补滤波拟合\Prj\IAR\FN15_Debug\Obj\VCAN_LED.o"
#        "E:\文档库\ROBOT
#        Lab\三轴加速度和陀螺仪互补滤波拟合\Prj\IAR\FN15_Debug\Obj\VCAN_MMA7455.o"
#        "E:\文档库\ROBOT
#        Lab\三轴加速度和陀螺仪互补滤波拟合\Prj\IAR\FN15_Debug\Obj\VCAN_NRF24L0.o"
#        "E:\文档库\ROBOT
#        Lab\三轴加速度和陀螺仪互补滤波拟合\Prj\IAR\FN15_Debug\Obj\VCAN_NRF24L0_MSG.o"
#        "E:\文档库\ROBOT
#        Lab\三轴加速度和陀螺仪互补滤波拟合\Prj\IAR\FN15_Debug\Obj\VCAN_OV7725_Eagle.o"
#        "E:\文档库\ROBOT
#        Lab\三轴加速度和陀螺仪互补滤波拟合\Prj\IAR\FN15_Debug\Obj\VCAN_OV7725_Wolf.o"
#        "E:\文档库\ROBOT
#        Lab\三轴加速度和陀螺仪互补滤波拟合\Prj\IAR\FN15_Debug\Obj\VCAN_RTC_count.o"
#        "E:\文档库\ROBOT
#        Lab\三轴加速度和陀螺仪互补滤波拟合\Prj\IAR\FN15_Debug\Obj\VCAN_SCCB.o"
#        "E:\文档库\ROBOT
#        Lab\三轴加速度和陀螺仪互补滤波拟合\Prj\IAR\FN15_Debug\Obj\vcan_sd_app.o"
#        "E:\文档库\ROBOT
#        Lab\三轴加速度和陀螺仪互补滤波拟合\Prj\IAR\FN15_Debug\Obj\Vcan_touch.o"
#        "E:\文档库\ROBOT
#        Lab\三轴加速度和陀螺仪互补滤波拟合\Prj\IAR\FN15_Debug\Obj\VCAN_TSL1401.o"
#        "E:\文档库\ROBOT
#        Lab\三轴加速度和陀螺仪互补滤波拟合\Prj\IAR\FN15_Debug\Obj\VCAN_UI_VAR.o"
#        "E:\文档库\ROBOT
#        Lab\三轴加速度和陀螺仪互补滤波拟合\Prj\IAR\FN15_Debug\Obj\vectors.o"
#        --redirect _Printf=_PrintfLargeNoMb --redirect _Scanf=_ScanfLargeNoMb
#        -o "E:\文档库\ROBOT
#        Lab\三轴加速度和陀螺仪互补滤波拟合\Prj\IAR\FN15_Debug\Exe\vcan_Kinetis.out"
#        --map "E:\文档库\ROBOT
#        Lab\三轴加速度和陀螺仪互补滤波拟合\Prj\IAR\FN15_Debug\List\vcan_Kinetis.map"
#        --config "E:\文档库\ROBOT
#        Lab\三轴加速度和陀螺仪互补滤波拟合\Prj\IAR\config
#        files\vcan_ROM_K60N1M.icf" "E:\文档库\ROBOT
#        Lab\三轴加速度和陀螺仪互补滤波拟合\Prj\IAR\..\..\Lib\CMSIS\iar_cortexM4l_math.a"
#        --entry __iar_program_start --redirect __write=__write_buffered --vfe
#
###############################################################################

*******************************************************************************
*** RUNTIME MODEL ATTRIBUTES
***

CppFlavor       = *
__SystemLibrary = DLib


*******************************************************************************
*** PLACEMENT SUMMARY
***

"A1":  place at 0x00000000 { ro section .intvec };
"A2":  place at 0x00000410 { ro section .noinit };
"P1":  place in [from 0x00000000 to 0x00100000] { ro, block CodeRelocate };
"P2":  place in [from 0x1fff0410 to 0x20010000] {
          rw, block CodeRelocateRam, block CSTACK, block HEAP };

  Section              Kind        Address    Size  Object
  -------              ----        -------    ----  ------
"A1":                                        0x410
  .intvec              const    0x00000000   0x410  vectors.o [1]
                              - 0x00000410   0x410

"P1", part 1 of 2:                             0x0
  .rodata              const    0x00000410     0x0  zero_init3.o [5]

"A2":                                          0x8
  .noinit              ro code  0x00000410     0x8  startup_MK60DZ10.o [1]
                              - 0x00000418     0x8

"P1", part 2 of 2:                          0x43a0
  .text                ro code  0x00000418   0xbee  xprintflarge_nomb.o [3]
  .text                ro code  0x00001006    0x22  zero_init3.o [5]
  .text                ro code  0x00001028    0x16  strchr.o [5]
  .rodata              const    0x0000103e     0x2  main.o [1]
  .text                ro code  0x00001040    0x36  strlen.o [5]
  .rodata              const    0x00001076     0x2  main.o [1]
  .text                ro code  0x00001078    0x58  memchr.o [5]
  .text                ro code  0x000010d0    0xee  I64DivMod.o [5]
  .text                ro code  0x000011c0    0x76  ABImemcpy_unaligned.o [5]
  .text                ro code  0x00001236    0x42  xdnorm.o [4]
  .text                ro code  0x00001278    0x2e  DblCmpLe.o [4]
  .text                ro code  0x000012a8   0x1a2  DblMul.o [4]
  .text                ro code  0x0000144c   0x246  DblDiv.o [4]
  .text                ro code  0x00001694    0x2c  DblToI32.o [4]
  .text                ro code  0x000016c0    0x1c  I32ToDbl.o [4]
  .text                ro code  0x000016dc   0x180  DblSub.o [4]
  .text                ro code  0x0000185c    0x6c  localeconv.o [3]
  .text                ro code  0x000018c8     0xe  div.o [3]
  .text                ro code  0x000018d8     0x2  I64DivZer.o [5]
  .text                ro code  0x000018dc    0xe8  DblAdd.o [4]
  .text                ro code  0x000019c4     0x2  xtls.o [3]
  .data_init                    0x000019c8   0x81c  <Block>
    Initializer bytes  ro data  0x000019c8   0x81c  <for .data-1>
  .text                ro code  0x000021e4   0x5e0  MK60_ftm.o [1]
  .text                ro code  0x000027c4    0xb0  MK60_port.o [1]
  Veneer               ro code  0x00002874     0x8  - Linker created -
  Veneer               ro code  0x0000287c     0x8  - Linker created -
  .text                ro code  0x00002884   0x140  MK60_conf.o [1]
  .text                ro code  0x000029c4    0x70  VCAN_LED.o [1]
  .text                ro code  0x00002a34    0x24  printf.o [3]
  .text                ro code  0x00002a58    0x64  MK60_SysTick.o [1]
  .text                ro code  0x00002abc   0x26c  MK60_uart.o [1]
  .text                ro code  0x00002d28    0x9c  VCAN_key.o [1]
  .text                ro code  0x00002dc4   0x130  MK60_gpio.o [1]
  Veneer               ro code  0x00002ef4     0x8  - Linker created -
  .text                ro code  0x00002efc   0x3d4  MK60_mcg.o [1]
  .text                ro code  0x000032d0   0x2b8  MK60_adc.o [1]
  .text                ro code  0x00003588   0x238  Gyro.o [1]
  .text                ro code  0x000037c0    0x32  I32ToFlt.o [4]
  .text                ro code  0x000037f4    0x84  FltAdd.o [4]
  .text                ro code  0x00003878    0x44  FltToS32.o [4]
  .text                ro code  0x000038bc    0xd8  FltMul.o [4]
  .text                ro code  0x00003994    0xe6  FltSub.o [4]
  .text                ro code  0x00003a7c    0x4e  FltToDbl.o [4]
  .text                ro code  0x00003acc    0x90  DblToFlt.o [4]
  .text                ro code  0x00003b5c    0xfc  FltDiv.o [4]
  .text                ro code  0x00003c58   0x20c  main.o [1]
  .text                ro code  0x00003e64    0xd4  motor.o [1]
  .text                ro code  0x00003f38    0x50  misc.o [1]
  .text                ro code  0x00003f88    0x7c  MK60_PIT.o [1]
  CodeRelocate                  0x00004004   0x1f0  <Block>
    Initializer bytes  ro data  0x00004004   0x1f0  <for CodeRelocateRam-1>
  .text                ro code  0x000041f4   0x140  system_MK60DZ10.o [1]
  .text                ro code  0x00004334    0x40  MK60_wdog.o [1]
  .rodata              const    0x00004374    0x54  MK60_flash.o [1]
  .rodata              const    0x000043c8    0x54  MK60_gpio.o [1]
  .rodata              const    0x0000441c    0x54  MK60_SysTick.o [1]
  .rodata              const    0x00004470    0x54  MK60_uart.o [1]
  .rodata              const    0x000044c4    0x50  MK60_adc.o [1]
  .rodata              const    0x00004514    0x50  MK60_PIT.o [1]
  .rodata              const    0x00004564    0x4c  misc.o [1]
  .rodata              const    0x000045b0    0x48  MK60_ftm.o [1]
  .rodata              const    0x000045f8    0x3c  MK60_conf.o [1]
  .text                ro code  0x00004634    0x28  data_init.o [5]
  .rodata              const    0x0000465c    0x24  MK60_conf.o [1]
  .iar.init_table      const    0x00004680    0x10  - Linker created -
  .rodata              const    0x00004690    0x20  MK60_conf.o [1]
  .text                ro code  0x000046b0    0x1a  cmain.o [5]
  .text                ro code  0x000046ca     0x4  low_level_init.o [3]
  .text                ro code  0x000046ce     0x4  exit.o [3]
  .text                ro code  0x000046d4     0xa  cexit.o [5]
  .text                ro code  0x000046e0     0xc  XXexit.o [5]
  .text                ro code  0x000046ec    0x16  xprout.o [3]
  .text                ro code  0x00004704     0xc  putchar.o [3]
  .rodata              const    0x00004710    0x14  MK60_conf.o [1]
  .text                ro code  0x00004724     0xc  cstartup_M.o [5]
  Initializer bytes    ro data  0x00004730    0x88  <for P2 s0>
                              - 0x000047b8  0x43a0

"P2":                                        0xb78
  .data                         0x1fff0410   0x81c  <Block>
    .data-1                     0x1fff0410   0x81c  <Init block>
      .data            inited   0x1fff0410     0x4  Gyro.o [1]
      .data            inited   0x1fff0414     0x4  Gyro.o [1]
      .data            inited   0x1fff0418     0x4  Gyro.o [1]
      .data            inited   0x1fff041c     0x4  Gyro.o [1]
      .data            inited   0x1fff0420     0x4  Gyro.o [1]
      .data            inited   0x1fff0424     0x8  MK60_adc.o [1]
      .data            inited   0x1fff042c   0x708  MK60_conf.o [1]
      .data            inited   0x1fff0b34    0x10  MK60_ftm.o [1]
      .data            inited   0x1fff0b44    0x14  MK60_gpio.o [1]
      .data            inited   0x1fff0b58    0x58  MK60_mcg.o [1]
      .data            inited   0x1fff0bb0     0x4  MK60_mcg.o [1]
      .data            inited   0x1fff0bb4    0x14  MK60_port.o [1]
      .data            inited   0x1fff0bc8    0x18  MK60_uart.o [1]
      .data            inited   0x1fff0be0     0x8  VCAN_key.o [1]
      .data            inited   0x1fff0be8     0x4  VCAN_LED.o [1]
      .data            inited   0x1fff0bec    0x40  xfiles.o [3]
  CodeRelocateRam               0x1fff0c2c   0x1f0  <Block>
    CodeRelocateRam-1           0x1fff0c2c   0x1f0  <Init block>
      Veneer           inited   0x1fff0c2c     0x8  - Linker created -
      Veneer           inited   0x1fff0c34     0x8  - Linker created -
      .textrw          inited   0x1fff0c3c   0x190  MK60_flash.o [1]
      .textrw          inited   0x1fff0dcc    0x50  MK60_mcg.o [1]
  .bss                          0x1fff0e1c    0xe4  <Block>
    .bss               zero     0x1fff0e1c     0x4  Gyro.o [1]
    .bss               zero     0x1fff0e20     0x4  Gyro.o [1]
    .bss               zero     0x1fff0e24     0x4  Gyro.o [1]
    .bss               zero     0x1fff0e28     0x4  Gyro.o [1]
    .bss               zero     0x1fff0e2c     0x4  Gyro.o [1]
    .bss               zero     0x1fff0e30     0x4  Gyro.o [1]
    .bss               zero     0x1fff0e34     0x4  Gyro.o [1]
    .bss               zero     0x1fff0e38     0x4  Gyro.o [1]
    .bss               zero     0x1fff0e3c     0x4  Gyro.o [1]
    .bss               zero     0x1fff0e40     0x4  Gyro.o [1]
    .bss               zero     0x1fff0e44     0xc  main.o [1]
    .bss               zero     0x1fff0e50     0xc  main.o [1]
    .bss               zero     0x1fff0e5c     0xc  main.o [1]
    .bss               zero     0x1fff0e68    0x18  main.o [1]
    .bss               zero     0x1fff0e80     0x4  main.o [1]
    .bss               zero     0x1fff0e84     0x4  main.o [1]
    .bss               zero     0x1fff0e88     0x4  main.o [1]
    .bss               zero     0x1fff0e8c     0x4  main.o [1]
    .bss               zero     0x1fff0e90     0x4  main.o [1]
    .bss               zero     0x1fff0e94    0x10  MK60_ftm.o [1]
    .bss               zero     0x1fff0ea4     0x4  system_MK60DZ10.o [1]
    .bss               zero     0x1fff0ea8     0x4  system_MK60DZ10.o [1]
    .bss               zero     0x1fff0eac     0x4  system_MK60DZ10.o [1]
    .bss               zero     0x1fff0eb0    0x50  xfiles.o [3]
  P2 s0                         0x1fff0f00    0x88  <Init block>
    __DLIB_PERTHREAD   inited   0x1fff0f00    0x88  localeconv.o [3]
                              - 0x1fff0f88   0xb78


*******************************************************************************
*** INIT TABLE
***

          Address     Size
          -------     ----
Zero (__iar_zero_init3)
    1 destination range, total size 0xe4:
          0x1fff0e1c  0xe4



*******************************************************************************
*** MODULE SUMMARY
***

    Module                 ro code  rw code  ro data  rw data
    ------                 -------  -------  -------  -------
E:\文档库\ROBOT Lab\三轴加速度和陀螺仪互补滤波拟合\Prj\IAR\FN15_Debug\Obj: [1]
    Gyro.o                     568                20       60
    MK60_PIT.o                 124                80
    MK60_SysTick.o             100                84
    MK60_adc.o                 696                88        8
    MK60_conf.o                320             1 948    1 800
    MK60_flash.o                        400      484
    MK60_ftm.o               1 504                88       32
    MK60_gpio.o                304               104       20
    MK60_mcg.o                 980       80      172       92
    MK60_port.o                176                20       20
    MK60_uart.o                620               108       24
    MK60_wdog.o                 64
    VCAN_LED.o                 112                 4        4
    VCAN_key.o                 156                 8        8
    main.o                     524                 4       80
    misc.o                      80                76
    motor.o                    212
    startup_MK60DZ10.o           8
    system_MK60DZ10.o          320                         12
    vectors.o                                  1 040
    ---------------------------------------------------------
    Total:                   6 868      480    4 328    2 160

command line: [2]
    ---------------------------------------------------------
    Total:

dl7M_tlf.a: [3]
    div.o                       14
    exit.o                       4
    localeconv.o               108               136      136
    low_level_init.o             4
    printf.o                    36
    putchar.o                   12
    xfiles.o                                      64      144
    xprintflarge_nomb.o      3 054
    xprout.o                    22
    xtls.o                       2
    ---------------------------------------------------------
    Total:                   3 256               200      280

m7M_tl.a: [4]
    DblAdd.o                   232
    DblCmpLe.o                  46
    DblDiv.o                   582
    DblMul.o                   418
    DblSub.o                   384
    DblToFlt.o                 144
    DblToI32.o                  44
    FltAdd.o                   132
    FltDiv.o                   252
    FltMul.o                   216
    FltSub.o                   230
    FltToDbl.o                  78
    FltToS32.o                  68
    I32ToDbl.o                  28
    I32ToFlt.o                  50
    xdnorm.o                    66
    ---------------------------------------------------------
    Total:                   2 970

rt7M_tl.a: [5]
    ABImemcpy_unaligned.o      118
    I64DivMod.o                238
    I64DivZer.o                  2
    XXexit.o                    12
    cexit.o                     10
    cmain.o                     26
    cstartup_M.o                12
    data_init.o                 40
    memchr.o                    88
    strchr.o                    22
    strlen.o                    54
    zero_init3.o                34
    ---------------------------------------------------------
    Total:                     656

    Gaps                        24
    Linker created              24       16       32
-------------------------------------------------------------
    Grand Total:            13 798      496    4 560    2 440


*******************************************************************************
*** ENTRY LIST
***

Entry                      Address   Size  Type      Object
-----                      -------   ----  ----      ------
.bss$$Base              0x1fff0e1c          --   Gb  - Linker created -
.bss$$Limit             0x1fff0f00          --   Gb  - Linker created -
.data$$Base             0x1fff0410          --   Gb  - Linker created -
.data$$Limit            0x1fff0c2c          --   Gb  - Linker created -
.data_init$$Base        0x000019c8          --   Gb  - Linker created -
.data_init$$Limit       0x000021e4          --   Gb  - Linker created -
?main                   0x000046b1         Code  Gb  cmain.o [5]
ADCN                    0x1fff0424    0x8  Data  Gb  MK60_adc.o [1]
ASSERT_FAILED_STR       0x0000465c   0x24  Data  Gb  MK60_conf.o [1]
Acc_Offset              0x1fff0e34    0x4  Data  Gb  Gyro.o [1]
Acc_Smp                 0x1fff0e1c    0x4  Data  Gb  Gyro.o [1]
Angle                   0x1fff0e2c    0x4  Data  Gb  Gyro.o [1]
AngleAcceleArry         0x1fff0e5c    0xc  Data  Gb  main.o [1]
AngleAcceleration_AD    0x000035c3   0x42  Code  Gb  Gyro.o [1]
Angle_Smp               0x1fff0e24    0x4  Data  Gb  Gyro.o [1]
Angle_dot               0x1fff0e30    0x4  Data  Gb  Gyro.o [1]
Angle_dot_Lowpass       0x1fff0414    0x4  Data  Gb  Gyro.o [1]
Angle_dot_Smp           0x1fff0e28    0x4  Data  Gb  Gyro.o [1]
CodeRelocate$$Base      0x00004004          --   Gb  - Linker created -
CodeRelocate$$Limit     0x000041f4          --   Gb  - Linker created -
CodeRelocateRam$$Base   0x1fff0c2c          --   Gb  - Linker created -
CodeRelocateRam$$Limit  0x1fff0e1c          --   Gb  - Linker created -
Complement_Filter_Ex    0x000036f3   0x74  Code  Gb  Gyro.o [1]
EX_Angle                0x1fff0e3c    0x4  Data  Gb  Gyro.o [1]
EX_DeltaAngle           0x1fff0e40    0x4  Data  Gb  Gyro.o [1]
EX_GravityAdjustTime    0x1fff0418    0x4  Data  Gb  Gyro.o [1]
EX_angle_k              0x1fff041c    0x4  Data  Gb  Gyro.o [1]
EX_gyro_k               0x1fff0420    0x4  Data  Gb  Gyro.o [1]
FTMN                    0x1fff0b34   0x10  Data  Gb  MK60_ftm.o [1]
FTM_port_mux            0x000021e5  0x1ac  Code  Lc  MK60_ftm.o [1]
GPIOX                   0x1fff0b44   0x14  Data  Gb  MK60_gpio.o [1]
Gyro_Offset             0x1fff0e38    0x4  Data  Gb  Gyro.o [1]
Gyro_Smp                0x1fff0e20    0x4  Data  Gb  Gyro.o [1]
KEY_PTxn                0x1fff0be0    0x8  Data  Gb  VCAN_key.o [1]
LED_PTxn                0x1fff0be8    0x4  Data  Gb  VCAN_LED.o [1]
LoadInt                 0x00000993   0x6e  Code  Lc  xprintflarge_nomb.o [3]
Lpulse                  0x1fff0e84    0x4  Data  Gb  main.o [1]
Lspeed                  0x1fff0e8c    0x4  Data  Gb  main.o [1]
NVIC_EnableIRQ          0x00003c59   0x14  Code  Lc  main.o [1]
NVIC_SystemReset        0x00002885   0x1a  Code  Lc  MK60_conf.o [1]
PIT0InteruptEventCount  0x1fff0e88    0x4  Data  Gb  main.o [1]
PIT0_IRQHandler         0x00003d11   0xc2  Code  Gb  main.o [1]
PORTX                   0x1fff0bb4   0x14  Data  Gb  MK60_port.o [1]
Parameters_Init         0x00003589   0x3a  Code  Gb  Gyro.o [1]
ReadSensorData          0x00003605   0xee  Code  Gb  Gyro.o [1]
Region$$Table$$Base     0x00004680          --   Gb  - Linker created -
Region$$Table$$Limit    0x00004690          --   Gb  - Linker created -
Reset_Handler           0x00000411         Code  Gb  startup_MK60DZ10.o [1]
Rpulse                  0x1fff0e80    0x4  Data  Gb  main.o [1]
Rspeed                  0x1fff0e90    0x4  Data  Gb  main.o [1]
UARTN                   0x1fff0bc8   0x18  Data  Gb  MK60_uart.o [1]
_GenldLargeNoMb         0x00000d89  0x236  Code  Lc  xprintflarge_nomb.o [3]
_LdtobLargeNoMb         0x00000b09  0x27a  Code  Lc  xprintflarge_nomb.o [3]
_LitobLargeNoMb         0x00000a01  0x106  Code  Lc  xprintflarge_nomb.o [3]
_Locale_aeabi_lconv     0x1fff0f50   0x38  Data  Gb  localeconv.o [3]
_Locale_lconv           0x1fff0f00   0x50  Data  Gb  localeconv.o [3]
_PrintfLargeNoMb        0x00000419  0x574  Code  Gb  xprintflarge_nomb.o [3]
_Prout                  0x000046ed   0x16  Code  Gb  xprout.o [3]
_PutcharsLargeNoMb      0x00000fbf   0x2e  Code  Lc  xprintflarge_nomb.o [3]
__BOOT_STACK_ADDRESS {Abs}
                        0x2000fff8          --   Gb  command line/config [2]
__VECTOR_RAM {Abs}      0x1fff0000          --   Gb  command line/config [2]
__VECTOR_TABLE {Abs}    0x00000000          --   Gb  command line/config [2]
__aeabi_cdcmple         0x00001279         Code  Gb  DblCmpLe.o [4]
__aeabi_d2f             0x00003acd         Code  Gb  DblToFlt.o [4]
__aeabi_d2uiz           0x00001695         Code  Gb  DblToI32.o [4]
__aeabi_dadd            0x000018dd         Code  Gb  DblAdd.o [4]
__aeabi_ddiv            0x0000144d         Code  Gb  DblDiv.o [4]
__aeabi_dmul            0x000012a9         Code  Gb  DblMul.o [4]
__aeabi_dsub            0x000016dd         Code  Gb  DblSub.o [4]
__aeabi_f2d             0x00003a7d         Code  Gb  FltToDbl.o [4]
__aeabi_f2iz            0x00003879         Code  Gb  FltToS32.o [4]
__aeabi_fadd            0x000037f5         Code  Gb  FltAdd.o [4]
__aeabi_fdiv            0x00003b5d         Code  Gb  FltDiv.o [4]
__aeabi_fmul            0x000038bd         Code  Gb  FltMul.o [4]
__aeabi_fsub            0x00003995         Code  Gb  FltSub.o [4]
__aeabi_i2f             0x000037c1         Code  Gb  I32ToFlt.o [4]
__aeabi_ldiv0           0x000018d9         Code  Gb  I64DivZer.o [5]
__aeabi_ui2d            0x000016c1         Code  Gb  I32ToDbl.o [4]
__aeabi_ui2f            0x000037d5         Code  Gb  I32ToFlt.o [4]
__aeabi_uldivmod        0x000010d1         Code  Gb  I64DivMod.o [5]
__cmain                 0x000046b1         Code  Gb  cmain.o [5]
__code_start__ {Abs}    0x00000410          --   Gb  command line/config [2]
__exit                  0x000046e1         Code  Gb  XXexit.o [5]
__iar_Dnorm             0x00001237   0x42  Code  Gb  xdnorm.o [4]
__iar_Locale_lconv_init
                        0x0000185d   0x3a  Code  Gb  localeconv.o [3]
__iar_Memchr            0x00001079         Code  Gb  memchr.o [5]
__iar_Stdout            0x1fff0bec   0x40  Data  Gb  xfiles.o [3]
__iar_Strchr            0x00001029         Code  Gb  strchr.o [5]
__iar_d2uiz             0x000016a1         Code  Gb  DblToI32.o [4]
__iar_dadd              0x000018f1         Code  Gb  DblAdd.o [4]
__iar_data_init3        0x00004635   0x28  Code  Gb  data_init.o [5]
__iar_dlib_perthread_access
                        0x000019c5    0x2  Code  Gb  xtls.o [3]
__iar_dsub              0x000016f1         Code  Gb  DblSub.o [4]
__iar_dsubStart         0x00001703         Code  Gb  DblSub.o [4]
__iar_fadd              0x00003805         Code  Gb  FltAdd.o [4]
__iar_fsub              0x000039a5         Code  Gb  FltSub.o [4]
__iar_fsubStart         0x000039b5         Code  Gb  FltSub.o [4]
__iar_program_start     0x00004725         Code  Gb  cstartup_M.o [5]
__iar_ui2d              0x000016c5         Code  Gb  I32ToDbl.o [4]
__iar_ui2f              0x000037d9         Code  Gb  I32ToFlt.o [4]
__iar_unaligned___aeabi_memcpy
                        0x000011c1         Code  Gb  ABImemcpy_unaligned.o [5]
__iar_unaligned___aeabi_memcpy4
                        0x000011e1         Code  Gb  ABImemcpy_unaligned.o [5]
__iar_unaligned___aeabi_memcpy8
                        0x000011e1         Code  Gb  ABImemcpy_unaligned.o [5]
__iar_zero_init3        0x00001007   0x22  Code  Gb  zero_init3.o [5]
__low_level_init        0x000046cb    0x4  Code  Gb  low_level_init.o [3]
__vector_table          0x00000000  0x410  Data  Gb  vectors.o [1]
_call_main              0x000046bd         Code  Gb  cmain.o [5]
_exit                   0x000046d5         Code  Gb  cexit.o [5]
_main                   0x000046c7         Code  Gb  cmain.o [5]
acc_init                0x1fff0e44    0xc  Data  Gb  main.o [1]
adc_init                0x000032d1  0x20e  Code  Gb  MK60_adc.o [1]
adc_once                0x000034df   0x50  Code  Gb  MK60_adc.o [1]
adc_start               0x0000352f   0x44  Code  Lc  MK60_adc.o [1]
agnle_Lowpass           0x1fff0410    0x4  Data  Gb  Gyro.o [1]
assert_failed           0x0000289f   0x26  Code  Gb  MK60_conf.o [1]
bus_clk_khz             0x1fff0eac    0x4  Data  Gb  system_MK60DZ10.o [1]
common_startup          0x0000425f   0x98  Code  Gb  system_MK60DZ10.o [1]
core_clk_khz            0x1fff0ea4    0x4  Data  Gb  system_MK60DZ10.o [1]
core_clk_mhz            0x1fff0ea8    0x4  Data  Gb  system_MK60DZ10.o [1]
default_isr             0x00002973   0x30  Code  Gb  MK60_conf.o [1]
div                     0x000018c9    0xe  Code  Gb  div.o [3]
exit                    0x000046cf    0x4  Code  Gb  exit.o [3]
flash_cmd               0x1fff0c3d   0x20  Code  Gb  MK60_flash.o [1]
flash_erase_sector      0x1fff0c81   0x5c  Code  Gb  MK60_flash.o [1]
flash_init              0x1fff0c5d   0x24  Code  Gb  MK60_flash.o [1]
flash_write             0x1fff0cdd   0xb4  Code  Gb  MK60_flash.o [1]
fputc                   0x000028c5   0x14  Code  Gb  MK60_conf.o [1]
ftm_mod                 0x1fff0e94   0x10  Data  Lc  MK60_ftm.o [1]
ftm_pwm_duty            0x0000253d  0x112  Code  Gb  MK60_ftm.o [1]
ftm_pwm_init            0x00002391  0x1ac  Code  Gb  MK60_ftm.o [1]
ftm_quad_clean          0x00002781   0x28  Code  Gb  MK60_ftm.o [1]
ftm_quad_get            0x00002755   0x2c  Code  Gb  MK60_ftm.o [1]
ftm_quad_init           0x0000264f  0x106  Code  Gb  MK60_ftm.o [1]
gpio_get                0x00002ead   0x3e  Code  Gb  MK60_gpio.o [1]
gpio_init               0x00002dc5   0xae  Code  Gb  MK60_gpio.o [1]
gpio_turn               0x00002e73   0x3a  Code  Gb  MK60_gpio.o [1]
gyro_init               0x1fff0e50    0xc  Data  Gb  main.o [1]
key_check               0x00002d95   0x2a  Code  Gb  VCAN_key.o [1]
key_get                 0x00002d7b   0x1a  Code  Gb  VCAN_key.o [1]
key_init                0x00002d29   0x52  Code  Gb  VCAN_key.o [1]
led_init                0x000029c5   0x3a  Code  Gb  VCAN_LED.o [1]
led_turn                0x000029ff   0x32  Code  Gb  VCAN_LED.o [1]
localeconv              0x00001897   0x16  Code  Gb  localeconv.o [3]
main                    0x00003c6d   0xa4  Code  Gb  main.o [1]
mcg_cfg                 0x1fff0b58   0x58  Data  Gb  MK60_mcg.o [1]
mcg_div                 0x1fff0bb0    0x4  Data  Gb  MK60_mcg.o [1]
mcg_div_count           0x00002efd  0x304  Code  Gb  MK60_mcg.o [1]
memchr                  0x00001079         Code  Gb  memchr.o [5]
motor_control           0x00003ea1   0x92  Code  Gb  motor.o [1]
motor_init              0x00003e65   0x3c  Code  Gb  motor.o [1]
obuf                    0x1fff0eb0   0x50  Data  Lc  xfiles.o [3]
pit_init                0x00003f89   0x6c  Code  Gb  MK60_PIT.o [1]
pll_init                0x00003201   0xb2  Code  Gb  MK60_mcg.o [1]
port_init               0x000027c5   0x44  Code  Gb  MK60_port.o [1]
port_init_NoALT         0x00002809   0x62  Code  Gb  MK60_port.o [1]
printf                  0x00002a35   0x24  Code  Gb  printf.o [3]
putchar                 0x00004705    0xc  Code  Gb  putchar.o [3]
set_sys_dividers        0x1fff0dcd   0x50  Code  Gb  MK60_mcg.o [1]
set_vector_handler      0x00003f5b   0x22  Code  Gb  misc.o [1]
start                   0x000041f5   0x2e  Code  Gb  system_MK60DZ10.o [1]
start_check             0x000028d9   0x9a  Code  Gb  MK60_conf.o [1]
strchr                  0x00001029         Code  Gb  strchr.o [5]
strlen                  0x00001041         Code  Gb  strlen.o [5]
sysinit                 0x00004223   0x3c  Code  Gb  system_MK60DZ10.o [1]
systick_delay           0x00002a59   0x36  Code  Gb  MK60_SysTick.o [1]
systick_delay_ms        0x00002a8f   0x18  Code  Gb  MK60_SysTick.o [1]
uart_init               0x00002abd  0x214  Code  Gb  MK60_uart.o [1]
uart_putbuff            0x00002ceb   0x24  Code  Gb  MK60_uart.o [1]
uart_putchar            0x00002cd1   0x1a  Code  Gb  MK60_uart.o [1]
var                     0x1fff0e68   0x18  Data  Gb  main.o [1]
vcan_sendware           0x00003dd3   0x38  Code  Gb  main.o [1]
vector_str              0x1fff042c  0x708  Data  Gb  MK60_conf.o [1]
wdog_disable            0x00004335   0x16  Code  Gb  MK60_wdog.o [1]
wdog_unlock             0x0000434b   0x20  Code  Lc  MK60_wdog.o [1]
write_vtor              0x00003f39   0x22  Code  Gb  misc.o [1]


[1] = E:\文档库\ROBOT Lab\三轴加速度和陀螺仪互补滤波拟合\Prj\IAR\FN15_Debug\Obj
[2] = command line
[3] = dl7M_tlf.a
[4] = m7M_tl.a
[5] = rt7M_tl.a

  13 798 bytes of readonly  code memory
     496 bytes of readwrite code memory
   4 560 bytes of readonly  data memory
   2 440 bytes of readwrite data memory

Errors: none
Warnings: none
