###############################################################################
#
# IAR ELF Linker V7.30.3.8024/W32 for ARM                 10/Jul/2017  16:30:10
# Copyright 2007-2014 IAR Systems AB.
#
#    Output file  =  
#        D:\VS程序\Freescale\2017光电直立\Prj\IAR\FN15_Debug\Exe\vcan_Kinetis.out
#    Map file     =  
#        D:\VS程序\Freescale\2017光电直立\Prj\IAR\FN15_Debug\List\vcan_Kinetis.map
#    Command line =  
#        D:\VS程序\Freescale\2017光电直立\Prj\IAR\FN15_Debug\Obj\CarControl.o
#        D:\VS程序\Freescale\2017光电直立\Prj\IAR\FN15_Debug\Obj\diskio.o
#        D:\VS程序\Freescale\2017光电直立\Prj\IAR\FN15_Debug\Obj\ff.o
#        D:\VS程序\Freescale\2017光电直立\Prj\IAR\FN15_Debug\Obj\Gyro.o
#        D:\VS程序\Freescale\2017光电直立\Prj\IAR\FN15_Debug\Obj\Image.o
#        D:\VS程序\Freescale\2017光电直立\Prj\IAR\FN15_Debug\Obj\main.o
#        D:\VS程序\Freescale\2017光电直立\Prj\IAR\FN15_Debug\Obj\map.o
#        D:\VS程序\Freescale\2017光电直立\Prj\IAR\FN15_Debug\Obj\misc.o
#        D:\VS程序\Freescale\2017光电直立\Prj\IAR\FN15_Debug\Obj\MK60_adc.o
#        D:\VS程序\Freescale\2017光电直立\Prj\IAR\FN15_Debug\Obj\MK60_can.o
#        D:\VS程序\Freescale\2017光电直立\Prj\IAR\FN15_Debug\Obj\MK60_conf.o
#        D:\VS程序\Freescale\2017光电直立\Prj\IAR\FN15_Debug\Obj\MK60_dac.o
#        D:\VS程序\Freescale\2017光电直立\Prj\IAR\FN15_Debug\Obj\MK60_dma.o
#        D:\VS程序\Freescale\2017光电直立\Prj\IAR\FN15_Debug\Obj\MK60_DWT.o
#        D:\VS程序\Freescale\2017光电直立\Prj\IAR\FN15_Debug\Obj\MK60_flash.o
#        D:\VS程序\Freescale\2017光电直立\Prj\IAR\FN15_Debug\Obj\MK60_flexbus.o
#        D:\VS程序\Freescale\2017光电直立\Prj\IAR\FN15_Debug\Obj\MK60_ftm.o
#        D:\VS程序\Freescale\2017光电直立\Prj\IAR\FN15_Debug\Obj\MK60_gpio.o
#        D:\VS程序\Freescale\2017光电直立\Prj\IAR\FN15_Debug\Obj\MK60_i2c.o
#        D:\VS程序\Freescale\2017光电直立\Prj\IAR\FN15_Debug\Obj\MK60_it.o
#        D:\VS程序\Freescale\2017光电直立\Prj\IAR\FN15_Debug\Obj\MK60_lptmr.o
#        D:\VS程序\Freescale\2017光电直立\Prj\IAR\FN15_Debug\Obj\MK60_mcg.o
#        D:\VS程序\Freescale\2017光电直立\Prj\IAR\FN15_Debug\Obj\MK60_PIT.o
#        D:\VS程序\Freescale\2017光电直立\Prj\IAR\FN15_Debug\Obj\MK60_port.o
#        D:\VS程序\Freescale\2017光电直立\Prj\IAR\FN15_Debug\Obj\MK60_rtc.o
#        D:\VS程序\Freescale\2017光电直立\Prj\IAR\FN15_Debug\Obj\MK60_sdhc.o
#        D:\VS程序\Freescale\2017光电直立\Prj\IAR\FN15_Debug\Obj\MK60_spi.o
#        D:\VS程序\Freescale\2017光电直立\Prj\IAR\FN15_Debug\Obj\MK60_SysTick.o
#        D:\VS程序\Freescale\2017光电直立\Prj\IAR\FN15_Debug\Obj\MK60_uart.o
#        D:\VS程序\Freescale\2017光电直立\Prj\IAR\FN15_Debug\Obj\MK60_usb.o
#        D:\VS程序\Freescale\2017光电直立\Prj\IAR\FN15_Debug\Obj\MK60_wdog.o
#        D:\VS程序\Freescale\2017光电直立\Prj\IAR\FN15_Debug\Obj\motor.o
#        D:\VS程序\Freescale\2017光电直立\Prj\IAR\FN15_Debug\Obj\PID.o
#        D:\VS程序\Freescale\2017光电直立\Prj\IAR\FN15_Debug\Obj\startup_MK60DZ10.o
#        D:\VS程序\Freescale\2017光电直立\Prj\IAR\FN15_Debug\Obj\system_MK60DZ10.o
#        D:\VS程序\Freescale\2017光电直立\Prj\IAR\FN15_Debug\Obj\USB.o
#        D:\VS程序\Freescale\2017光电直立\Prj\IAR\FN15_Debug\Obj\USB_CDC.o
#        D:\VS程序\Freescale\2017光电直立\Prj\IAR\FN15_Debug\Obj\VCAN_ASCII.o
#        D:\VS程序\Freescale\2017光电直立\Prj\IAR\FN15_Debug\Obj\VCAN_BMP.o
#        D:\VS程序\Freescale\2017光电直立\Prj\IAR\FN15_Debug\Obj\VCAN_camera.o
#        D:\VS程序\Freescale\2017光电直立\Prj\IAR\FN15_Debug\Obj\VCAN_computer.o
#        D:\VS程序\Freescale\2017光电直立\Prj\IAR\FN15_Debug\Obj\vcan_img2sd.o
#        D:\VS程序\Freescale\2017光电直立\Prj\IAR\FN15_Debug\Obj\VCAN_key.o
#        D:\VS程序\Freescale\2017光电直立\Prj\IAR\FN15_Debug\Obj\VCAN_key_event.o
#        D:\VS程序\Freescale\2017光电直立\Prj\IAR\FN15_Debug\Obj\VCAN_LCD.o
#        D:\VS程序\Freescale\2017光电直立\Prj\IAR\FN15_Debug\Obj\VCAN_LCD_CH.o
#        D:\VS程序\Freescale\2017光电直立\Prj\IAR\FN15_Debug\Obj\VCAN_LCD_ILI9341.o
#        D:\VS程序\Freescale\2017光电直立\Prj\IAR\FN15_Debug\Obj\VCAN_LCD_ST7735R.o
#        D:\VS程序\Freescale\2017光电直立\Prj\IAR\FN15_Debug\Obj\VCAN_LCD_ST7735S.o
#        D:\VS程序\Freescale\2017光电直立\Prj\IAR\FN15_Debug\Obj\VCAN_LED.o
#        D:\VS程序\Freescale\2017光电直立\Prj\IAR\FN15_Debug\Obj\VCAN_MMA7455.o
#        D:\VS程序\Freescale\2017光电直立\Prj\IAR\FN15_Debug\Obj\VCAN_NRF24L0.o
#        D:\VS程序\Freescale\2017光电直立\Prj\IAR\FN15_Debug\Obj\VCAN_NRF24L0_MSG.o
#        D:\VS程序\Freescale\2017光电直立\Prj\IAR\FN15_Debug\Obj\VCAN_OV7725_Eagle.o
#        D:\VS程序\Freescale\2017光电直立\Prj\IAR\FN15_Debug\Obj\VCAN_OV7725_Wolf.o
#        D:\VS程序\Freescale\2017光电直立\Prj\IAR\FN15_Debug\Obj\VCAN_RTC_count.o
#        D:\VS程序\Freescale\2017光电直立\Prj\IAR\FN15_Debug\Obj\VCAN_SCCB.o
#        D:\VS程序\Freescale\2017光电直立\Prj\IAR\FN15_Debug\Obj\vcan_sd_app.o
#        D:\VS程序\Freescale\2017光电直立\Prj\IAR\FN15_Debug\Obj\Vcan_touch.o
#        D:\VS程序\Freescale\2017光电直立\Prj\IAR\FN15_Debug\Obj\VCAN_TSL1401.o
#        D:\VS程序\Freescale\2017光电直立\Prj\IAR\FN15_Debug\Obj\VCAN_UI_VAR.o
#        D:\VS程序\Freescale\2017光电直立\Prj\IAR\FN15_Debug\Obj\vectors.o
#        --redirect _Printf=_PrintfLargeNoMb --redirect _Scanf=_ScanfLargeNoMb
#        -o
#        D:\VS程序\Freescale\2017光电直立\Prj\IAR\FN15_Debug\Exe\vcan_Kinetis.out
#        --map
#        D:\VS程序\Freescale\2017光电直立\Prj\IAR\FN15_Debug\List\vcan_Kinetis.map
#        --config "D:\VS程序\Freescale\2017光电直立\Prj\IAR\config
#        files\vcan_ROM_K60N1M.icf"
#        D:\VS程序\Freescale\2017光电直立\Prj\IAR\..\..\Lib\CMSIS\iar_cortexM4l_math.a
#        --entry __iar_program_start --redirect __write=__write_buffered --vfe
#
###############################################################################

*******************************************************************************
*** RUNTIME MODEL ATTRIBUTES
***

CppFlavor       = *
__SystemLibrary = DLib


*******************************************************************************
*** PLACEMENT SUMMARY
***

"A1":  place at 0x00000000 { ro section .intvec };
"A2":  place at 0x00000410 { ro section .noinit };
"P1":  place in [from 0x00000000 to 0x00100000] { ro, block CodeRelocate };
"P2":  place in [from 0x1fff0410 to 0x20010000] {
          rw, block CodeRelocateRam, block CSTACK, block HEAP };

  Section              Kind        Address    Size  Object
  -------              ----        -------    ----  ------
"A1":                                        0x410
  .intvec              const    0x00000000   0x410  vectors.o [1]
                              - 0x00000410   0x410

"P1", part 1 of 2:                             0x0
  .rodata              const    0x00000410     0x0  zero_init3.o [5]

"A2":                                          0x8
  .noinit              ro code  0x00000410     0x8  startup_MK60DZ10.o [1]
                              - 0x00000418     0x8

"P1", part 2 of 2:                          0xf42c
  .rodata              const    0x00000418  0x2580  map.o [1]
  .rodata              const    0x00002998  0x2580  map.o [1]
  .text                ro code  0x00004f18  0x1fb4  Image.o [1]
  .text                ro code  0x00006ecc    0x4e  FltToDbl.o [4]
  .text                ro code  0x00006f1a    0x22  zero_init3.o [5]
  .text                ro code  0x00006f3c    0xe8  DblAdd.o [4]
  .text                ro code  0x00007024    0x58  DblToI32.o [4]
  .text                ro code  0x0000707c    0x30  I32ToDbl.o [4]
  .text                ro code  0x000070ac   0x246  DblDiv.o [4]
  .rodata              const    0x000072f2     0x2  VCAN_camera.o [1]
  .text                ro code  0x000072f4    0x90  DblToFlt.o [4]
  .text                ro code  0x00007384   0x100  sqrt.o [4]
  .text                ro code  0x00007484   0x1a2  DblMul.o [4]
  .text                ro code  0x00007626     0x8  abs.o [3]
  .rodata              const    0x0000762e     0x2  VCAN_computer.o [1]
  .text                ro code  0x00007630   0x5e4  VCAN_LCD.o [1]
  .text                ro code  0x00007c14   0x180  DblSub.o [4]
  .text                ro code  0x00007d94     0xc  iarEdom.o [5]
  .text                ro code  0x00007da0  0x1c2c  VCAN_LCD_ST7735S.o [1]
  .text                ro code  0x000099cc     0xc  errno.o [3]
  .text                ro code  0x000099d8   0x1a4  MK60_gpio.o [1]
  .text                ro code  0x00009b7c    0xb0  MK60_port.o [1]
  .text                ro code  0x00009c2c    0x64  MK60_SysTick.o [1]
  Veneer               ro code  0x00009c90     0x8  - Linker created -
  Veneer               ro code  0x00009c98     0x8  - Linker created -
  .text                ro code  0x00009ca0   0x140  MK60_conf.o [1]
  .text                ro code  0x00009de0     0x2  xtls.o [3]
  .rodata              const    0x00009de2     0x2  VCAN_computer.o [1]
  .text                ro code  0x00009de4    0x70  VCAN_LED.o [1]
  .text                ro code  0x00009e54    0x24  printf.o [3]
  .text                ro code  0x00009e78   0x26c  MK60_uart.o [1]
  .text                ro code  0x0000a0e4    0x9c  VCAN_key.o [1]
  .text                ro code  0x0000a180   0xbee  xprintflarge_nomb.o [3]
  .text                ro code  0x0000ad70    0x16  strchr.o [5]
  .text                ro code  0x0000ad88    0x36  strlen.o [5]
  .text                ro code  0x0000adc0    0x58  memchr.o [5]
  .text                ro code  0x0000ae18    0xee  I64DivMod.o [5]
  .text                ro code  0x0000af08    0x76  ABImemcpy_unaligned.o [5]
  .text                ro code  0x0000af7e    0x42  xdnorm.o [4]
  .text                ro code  0x0000afc0    0x2e  DblCmpLe.o [4]
  .text                ro code  0x0000aff0    0x6c  localeconv.o [3]
  .text                ro code  0x0000b05c     0xe  div.o [3]
  .text                ro code  0x0000b06c     0x2  I64DivZer.o [5]
  .text                ro code  0x0000b070   0xf1c  main.o [1]
  .text                ro code  0x0000bf8c   0x198  CarControl.o [1]
  .text                ro code  0x0000c124   0x280  Gyro.o [1]
  .text                ro code  0x0000c3a4   0x234  VCAN_OV7725_Eagle.o [1]
  .text                ro code  0x0000c5d8   0x362  VCAN_SCCB.o [1]
  .text                ro code  0x0000c93c   0x5e0  MK60_ftm.o [1]
  .text                ro code  0x0000cf1c    0xe0  motor.o [1]
  .text                ro code  0x0000cffc    0x50  misc.o [1]
  .text                ro code  0x0000d04c    0x7c  MK60_PIT.o [1]
  .text                ro code  0x0000d0c8    0x66  ABImemset.o [5]
  .text                ro code  0x0000d130    0x94  VCAN_camera.o [1]
  .text                ro code  0x0000d1c4    0x40  VCAN_computer.o [1]
  .text                ro code  0x0000d204    0x9c  PID.o [1]
  .text                ro code  0x0000d2a0   0x2b8  MK60_adc.o [1]
  .text                ro code  0x0000d558   0x284  MK60_dma.o [1]
  .data_init                    0x0000d7dc   0xdc8  <Block>
    Initializer bytes  ro data  0x0000d7dc   0xdc8  <for .data-1>
  .rodata              const    0x0000e5a4   0x600  VCAN_ASCII.o [1]
  Veneer               ro code  0x0000eba4     0x8  - Linker created -
  .text                ro code  0x0000ebac   0x3d4  MK60_mcg.o [1]
  CodeRelocate                  0x0000ef80   0x1f0  <Block>
    Initializer bytes  ro data  0x0000ef80   0x1f0  <for CodeRelocateRam-1>
  .text                ro code  0x0000f170   0x140  system_MK60DZ10.o [1]
  .text                ro code  0x0000f2b0    0x40  MK60_wdog.o [1]
  .rodata              const    0x0000f2f0    0x40  VCAN_LCD_ST7735S.o [1]
  .rodata              const    0x0000f330    0x3c  map.o [1]
  .rodata              const    0x0000f36c    0x3c  map.o [1]
  .rodata              const    0x0000f3a8    0x3c  MK60_conf.o [1]
  .rodata              const    0x0000f3e4    0x3c  MK60_SysTick.o [1]
  .rodata              const    0x0000f420    0x38  MK60_adc.o [1]
  .rodata              const    0x0000f458    0x38  MK60_dma.o [1]
  .rodata              const    0x0000f490    0x38  MK60_flash.o [1]
  .rodata              const    0x0000f4c8    0x38  MK60_ftm.o [1]
  .rodata              const    0x0000f500    0x38  MK60_gpio.o [1]
  .rodata              const    0x0000f538    0x38  MK60_PIT.o [1]
  .rodata              const    0x0000f570    0x38  MK60_uart.o [1]
  .rodata              const    0x0000f5a8    0x34  misc.o [1]
  .text                ro code  0x0000f5dc    0x28  data_init.o [5]
  .rodata              const    0x0000f604    0x24  MK60_conf.o [1]
  .rodata              const    0x0000f628    0x24  VCAN_OV7725_Eagle.o [1]
  .rodata              const    0x0000f64c    0x24  VCAN_OV7725_Eagle.o [1]
  .text                ro code  0x0000f670    0x22  fpinit_M.o [4]
  .iar.init_table      const    0x0000f694    0x10  - Linker created -
  .rodata              const    0x0000f6a4    0x20  MK60_conf.o [1]
  .rodata              const    0x0000f6c4    0x20  VCAN_OV7725_Eagle.o [1]
  .text                ro code  0x0000f6e4    0x1a  cmain.o [5]
  .text                ro code  0x0000f6fe     0x4  low_level_init.o [3]
  .text                ro code  0x0000f702     0x4  exit.o [3]
  .text                ro code  0x0000f708     0xa  cexit.o [5]
  .text                ro code  0x0000f714     0xc  XXexit.o [5]
  .rodata              const    0x0000f720    0x18  VCAN_OV7725_Eagle.o [1]
  .rodata              const    0x0000f738    0x18  VCAN_OV7725_Eagle.o [1]
  .text                ro code  0x0000f750    0x16  xprout.o [3]
  .text                ro code  0x0000f768     0xc  putchar.o [3]
  .rodata              const    0x0000f774    0x14  MK60_conf.o [1]
  .rodata              const    0x0000f788    0x14  VCAN_OV7725_Eagle.o [1]
  .text                ro code  0x0000f79c     0xc  cstartup_M.o [5]
  .rodata              const    0x0000f7a8     0x4  VCAN_LCD.o [1]
  .rodata              const    0x0000f7ac     0x4  VCAN_LCD.o [1]
  .rodata              const    0x0000f7b0     0x4  VCAN_LCD.o [1]
  .rodata              const    0x0000f7b4     0x4  VCAN_LCD.o [1]
  Initializer bytes    ro data  0x0000f7b8    0x8c  <for P2 s0>
                              - 0x0000f844  0xf42c

"P2":                                       0x9160
  .data                         0x1fff0410   0xdc8  <Block>
    .data-1                     0x1fff0410   0xdc8  <Init block>
      .data            inited   0x1fff0410     0x4  Gyro.o [1]
      .data            inited   0x1fff0414     0x4  Gyro.o [1]
      .data            inited   0x1fff0418     0x4  Gyro.o [1]
      .data            inited   0x1fff041c     0x4  Image.o [1]
      .data            inited   0x1fff0420     0x4  Image.o [1]
      .data            inited   0x1fff0424     0x4  Image.o [1]
      .data            inited   0x1fff0428     0x4  Image.o [1]
      .data            inited   0x1fff042c     0x4  Image.o [1]
      .data            inited   0x1fff0430     0x4  Image.o [1]
      .data            inited   0x1fff0434     0x4  Image.o [1]
      .data            inited   0x1fff0438     0x4  Image.o [1]
      .data            inited   0x1fff043c     0x4  Image.o [1]
      .data            inited   0x1fff0440     0x1  main.o [1]
      .data            inited   0x1fff0444   0x4b0  main.o [1]
      .data            inited   0x1fff08f4    0x14  main.o [1]
      .data            inited   0x1fff0908    0x14  main.o [1]
      .data            inited   0x1fff091c     0x4  main.o [1]
      .data            inited   0x1fff0920     0x4  main.o [1]
      .data            inited   0x1fff0924     0x4  main.o [1]
      .data            inited   0x1fff0928     0x4  main.o [1]
      .data            inited   0x1fff092c     0x4  main.o [1]
      .data            inited   0x1fff0930     0x4  main.o [1]
      .data            inited   0x1fff0934     0x4  main.o [1]
      .data            inited   0x1fff0938     0x4  main.o [1]
      .data            inited   0x1fff093c     0x4  main.o [1]
      .data            inited   0x1fff0940     0x4  main.o [1]
      .data            inited   0x1fff0944     0x4  main.o [1]
      .data            inited   0x1fff0948     0x4  main.o [1]
      .data            inited   0x1fff094c     0x4  main.o [1]
      .data            inited   0x1fff0950     0x4  main.o [1]
      .data            inited   0x1fff0954     0x4  main.o [1]
      .data            inited   0x1fff0958     0x4  main.o [1]
      .data            inited   0x1fff095c     0x4  main.o [1]
      .data            inited   0x1fff0960     0x8  MK60_adc.o [1]
      .data            inited   0x1fff0968   0x708  MK60_conf.o [1]
      .data            inited   0x1fff1070    0x10  MK60_ftm.o [1]
      .data            inited   0x1fff1080    0x14  MK60_gpio.o [1]
      .data            inited   0x1fff1094    0x58  MK60_mcg.o [1]
      .data            inited   0x1fff10ec     0x4  MK60_mcg.o [1]
      .data            inited   0x1fff10f0    0x14  MK60_port.o [1]
      .data            inited   0x1fff1104    0x18  MK60_uart.o [1]
      .data            inited   0x1fff111c     0x8  VCAN_key.o [1]
      .data            inited   0x1fff1124     0x2  VCAN_LCD_ST7735S.o [1]
      .data            inited   0x1fff1126     0x2  VCAN_LCD_ST7735S.o [1]
      .data            inited   0x1fff1128     0x4  VCAN_LED.o [1]
      .data            inited   0x1fff112c     0x1  VCAN_OV7725_Eagle.o [1]
      .data            inited   0x1fff1130    0x64  VCAN_OV7725_Eagle.o [1]
      .data            inited   0x1fff1194     0x1  VCAN_OV7725_Eagle.o [1]
      .data            inited   0x1fff1198    0x40  xfiles.o [3]
  CodeRelocateRam               0x1fff11d8   0x1f0  <Block>
    CodeRelocateRam-1           0x1fff11d8   0x1f0  <Init block>
      Veneer           inited   0x1fff11d8     0x8  - Linker created -
      Veneer           inited   0x1fff11e0     0x8  - Linker created -
      .textrw          inited   0x1fff11e8   0x190  MK60_flash.o [1]
      .textrw          inited   0x1fff1378    0x50  MK60_mcg.o [1]
  .bss                          0x1fff13c8  0x811c  <Block>
    .bss               zero     0x1fff13c8    0x30  CarControl.o [1]
    .bss               zero     0x1fff13f8    0x1c  CarControl.o [1]
    .bss               zero     0x1fff1414    0x1c  CarControl.o [1]
    .bss               zero     0x1fff1430     0x4  CarControl.o [1]
    .bss               zero     0x1fff1434     0x4  Gyro.o [1]
    .bss               zero     0x1fff1438     0x4  Gyro.o [1]
    .bss               zero     0x1fff143c     0x4  Gyro.o [1]
    .bss               zero     0x1fff1440     0x4  Gyro.o [1]
    .bss               zero     0x1fff1444     0x4  Gyro.o [1]
    .bss               zero     0x1fff1448     0x4  Gyro.o [1]
    .bss               zero     0x1fff144c     0x4  Gyro.o [1]
    .bss               zero     0x1fff1450     0x4  Gyro.o [1]
    .bss               zero     0x1fff1454     0x4  Gyro.o [1]
    .bss               zero     0x1fff1458     0x4  Gyro.o [1]
    .bss               zero     0x1fff145c   0x4b0  Image.o [1]
    .bss               zero     0x1fff190c    0x3c  Image.o [1]
    .bss               zero     0x1fff1948  0x2580  Image.o [1]
    .bss               zero     0x1fff3ec8     0x4  Image.o [1]
    .bss               zero     0x1fff3ecc     0x4  Image.o [1]
    .bss               zero     0x1fff3ed0     0x4  Image.o [1]
    .bss               zero     0x1fff3ed4     0x4  Image.o [1]
    .bss               zero     0x1fff3ed8     0x4  Image.o [1]
    .bss               zero     0x1fff3edc     0x4  Image.o [1]
    .bss               zero     0x1fff3ee0     0x4  Image.o [1]
    .bss               zero     0x1fff3ee4    0xf0  Image.o [1]
    .bss               zero     0x1fff3fd4    0xf0  Image.o [1]
    .bss               zero     0x1fff40c4    0xf0  Image.o [1]
    .bss               zero     0x1fff41b4     0x4  Image.o [1]
    .bss               zero     0x1fff41b8    0x10  Image.o [1]
    .bss               zero     0x1fff41c8  0x2580  Image.o [1]
    .bss               zero     0x1fff6748  0x2580  Image.o [1]
    .bss               zero     0x1fff8cc8   0x140  Image.o [1]
    .bss               zero     0x1fff8e08   0x140  Image.o [1]
    .bss               zero     0x1fff8f48     0x8  Image.o [1]
    .bss               zero     0x1fff8f50     0x8  Image.o [1]
    .bss               zero     0x1fff8f58     0x4  Image.o [1]
    .bss               zero     0x1fff8f5c     0x4  Image.o [1]
    .bss               zero     0x1fff8f60     0x4  Image.o [1]
    .bss               zero     0x1fff8f64     0x4  Image.o [1]
    .bss               zero     0x1fff8f68     0x4  Image.o [1]
    .bss               zero     0x1fff8f6c     0x4  Image.o [1]
    .bss               zero     0x1fff8f70     0x4  Image.o [1]
    .bss               zero     0x1fff8f74     0x4  Image.o [1]
    .bss               zero     0x1fff8f78     0x4  Image.o [1]
    .bss               zero     0x1fff8f7c     0xc  main.o [1]
    .bss               zero     0x1fff8f88     0xc  main.o [1]
    .bss               zero     0x1fff8f94     0xc  main.o [1]
    .bss               zero     0x1fff8fa0   0x4b0  main.o [1]
    .bss               zero     0x1fff9450     0x4  main.o [1]
    .bss               zero     0x1fff9454     0x4  main.o [1]
    .bss               zero     0x1fff9458     0x4  main.o [1]
    .bss               zero     0x1fff945c     0x4  main.o [1]
    .bss               zero     0x1fff9460     0x4  main.o [1]
    .bss               zero     0x1fff9464     0x4  main.o [1]
    .bss               zero     0x1fff9468    0x10  MK60_ftm.o [1]
    .bss               zero     0x1fff9478     0x4  system_MK60DZ10.o [1]
    .bss               zero     0x1fff947c     0x4  system_MK60DZ10.o [1]
    .bss               zero     0x1fff9480     0x4  system_MK60DZ10.o [1]
    .bss               zero     0x1fff9484     0x4  VCAN_OV7725_Eagle.o [1]
    .bss               zero     0x1fff9488    0x50  xfiles.o [3]
    .bss               zero     0x1fff94d8     0x2  main.o [1]
    .bss               zero     0x1fff94da     0x2  main.o [1]
    .bss               zero     0x1fff94dc     0x1  CarControl.o [1]
    .bss               zero     0x1fff94dd     0x1  Image.o [1]
    .bss               zero     0x1fff94de     0x1  main.o [1]
    .bss               zero     0x1fff94df     0x1  main.o [1]
    .bss               zero     0x1fff94e0     0x1  main.o [1]
    .bss               zero     0x1fff94e1     0x1  main.o [1]
    .bss               zero     0x1fff94e2     0x1  VCAN_LCD_ST7735S.o [1]
  P2 s0                         0x1fff94e4    0x8c  <Init block>
    __DLIB_PERTHREAD   inited   0x1fff94e4    0x88  localeconv.o [3]
    __DLIB_PERTHREAD   inited   0x1fff956c     0x4  errno.o [3]
                              - 0x1fff9570  0x9160


*******************************************************************************
*** INIT TABLE
***

          Address     Size
          -------     ----
Zero (__iar_zero_init3)
    1 destination range, total size 0x811b:
          0x1fff13c8  0x811b



*******************************************************************************
*** MODULE SUMMARY
***

    Module                 ro code  rw code  ro data  rw data
    ------                 -------  -------  -------  -------
D:\VS程序\Freescale\2017光电直立\Prj\IAR\FN15_Debug\Obj: [1]
    CarControl.o               408                        109
    Gyro.o                     640                12       52
    Image.o                  8 116                36   31 557
    MK60_PIT.o                 124                56
    MK60_SysTick.o             100                60
    MK60_adc.o                 696                64        8
    MK60_conf.o                320             1 948    1 800
    MK60_dma.o                 644                56
    MK60_flash.o                        400      456
    MK60_ftm.o               1 504                72       32
    MK60_gpio.o                420                76       20
    MK60_mcg.o                 980       80      172       92
    MK60_port.o                176                20       20
    MK60_uart.o                620                80       24
    MK60_wdog.o                 64
    PID.o                      156
    VCAN_ASCII.o                               1 536
    VCAN_LCD.o               1 508                16
    VCAN_LCD_ST7735S.o       7 212                68        5
    VCAN_LED.o                 112                 4        4
    VCAN_OV7725_Eagle.o        564               277      106
    VCAN_SCCB.o                866
    VCAN_camera.o              148                 2
    VCAN_computer.o             64                 4
    VCAN_key.o                 156                 8        8
    main.o                   3 868             1 312    2 577
    map.o                                     19 320
    misc.o                      80                52
    motor.o                    224
    startup_MK60DZ10.o           8
    system_MK60DZ10.o          320                         12
    vectors.o                                  1 040
    ---------------------------------------------------------
    Total:                  30 098      480   26 747   36 426

command line: [2]
    ---------------------------------------------------------
    Total:

dl7M_tlf.a: [3]
    abs.o                        8
    div.o                       14
    errno.o                     12                 4        4
    exit.o                       4
    localeconv.o               108               136      136
    low_level_init.o             4
    printf.o                    36
    putchar.o                   12
    xfiles.o                                      67      144
    xprintflarge_nomb.o      3 054
    xprout.o                    22
    xtls.o                       2
    ---------------------------------------------------------
    Total:                   3 276               207      284

m7M_tls.a: [4]
    DblAdd.o                   232
    DblCmpLe.o                  46
    DblDiv.o                   582
    DblMul.o                   418
    DblSub.o                   384
    DblToFlt.o                 144
    DblToI32.o                  88
    FltToDbl.o                  78
    I32ToDbl.o                  48
    fpinit_M.o                  34
    sqrt.o                     256
    xdnorm.o                    66
    ---------------------------------------------------------
    Total:                   2 376

rt7M_tl.a: [5]
    ABImemcpy_unaligned.o      118
    ABImemset.o                102
    I64DivMod.o                238
    I64DivZer.o                  2
    XXexit.o                    12
    cexit.o                     10
    cmain.o                     26
    cstartup_M.o                12
    data_init.o                 40
    iarEdom.o                   12
    memchr.o                    88
    strchr.o                    22
    strlen.o                    54
    zero_init3.o                34
    ---------------------------------------------------------
    Total:                     770

    Gaps                        24                 2        9
    Linker created              24       16       32
-------------------------------------------------------------
    Grand Total:            36 568      496   26 988   36 719


*******************************************************************************
*** ENTRY LIST
***

Entry                      Address    Size  Type      Object
-----                      -------    ----  ----      ------
.bss$$Base              0x1fff13c8           --   Gb  - Linker created -
.bss$$Limit             0x1fff94e4           --   Gb  - Linker created -
.data$$Base             0x1fff0410           --   Gb  - Linker created -
.data$$Limit            0x1fff11d8           --   Gb  - Linker created -
.data_init$$Base        0x0000d7dc           --   Gb  - Linker created -
.data_init$$Limit       0x0000e5a4           --   Gb  - Linker created -
?main                   0x0000f6e5          Code  Gb  cmain.o [5]
A                       0x1fff8f58     0x4  Data  Gb  Image.o [1]
AAGAFilter              0x00004f4b    0x60  Code  Gb  Image.o [1]
AB                      0x1fff8f64     0x4  Data  Gb  Image.o [1]
ADCN                    0x1fff0960     0x8  Data  Gb  MK60_adc.o [1]
ASSERT_FAILED_STR       0x0000f604    0x24  Data  Gb  MK60_conf.o [1]
Acc_Offset              0x1fff144c     0x4  Data  Gb  Gyro.o [1]
Acc_Smp                 0x1fff1434     0x4  Data  Gb  Gyro.o [1]
AllInit                 0x0000b087    0x7a  Code  Gb  main.o [1]
Angle                   0x1fff1444     0x4  Data  Gb  Gyro.o [1]
AngleAcceleArry         0x1fff8f94     0xc  Data  Gb  main.o [1]
AngleAcceleration_AD    0x0000c187    0x42  Code  Gb  Gyro.o [1]
Angle_Smp               0x1fff143c     0x4  Data  Gb  Gyro.o [1]
Angle_dot               0x1fff1448     0x4  Data  Gb  Gyro.o [1]
Angle_dot_Smp           0x1fff1440     0x4  Data  Gb  Gyro.o [1]
ArraySetValue           0x00004f19    0x32  Code  Gb  Image.o [1]
BC                      0x1fff8f60     0x4  Data  Gb  Image.o [1]
C                       0x1fff8f5c     0x4  Data  Gb  Image.o [1]
CalculateLeadLine       0x00005777   0x308  Code  Gb  Image.o [1]
CarGo                   0x1fff9460     0x4  Data  Gb  main.o [1]
CarInit                 0x0000bf8d    0x72  Code  Gb  CarControl.o [1]
CarRate                 0x1fff945c     0x4  Data  Gb  main.o [1]
CarSpeed                0x1fff1430     0x4  Data  Gb  CarControl.o [1]
Car_Info                0x1fff13c8    0x30  Data  Gb  CarControl.o [1]
CarpetSearch            0x00006d8f    0xa4  Code  Gb  Image.o [1]
CodeRelocate$$Base      0x0000ef80           --   Gb  - Linker created -
CodeRelocate$$Limit     0x0000f170           --   Gb  - Linker created -
CodeRelocateRam$$Base   0x1fff11d8           --   Gb  - Linker created -
CodeRelocateRam$$Limit  0x1fff13c8           --   Gb  - Linker created -
Complement_Filter_Ex    0x0000c2b9    0x86  Code  Gb  Gyro.o [1]
CompleteLine            0x0000566d   0x10a  Code  Gb  Image.o [1]
ConGraph                0x1fff145c   0x4b0  Data  Gb  Image.o [1]
CrossMakeUpLine         0x00006747    0xd8  Code  Gb  Image.o [1]
CrossRecognize          0x00005abd   0x55a  Code  Gb  Image.o [1]
Cuvre                   0x1fff41b8    0x10  Data  Gb  Image.o [1]
CuvreControl            0x00006825    0xa0  Code  Gb  Image.o [1]
DFS                     0x00006c15    0xea  Code  Gb  Image.o [1]
DMA0_IRQHandler         0x0000b621     0x8  Code  Gb  main.o [1]
DirKd                   0x1fff092c     0x4  Data  Gb  main.o [1]
DirKp                   0x1fff0924     0x4  Data  Gb  main.o [1]
DirKp2                  0x1fff0928     0x4  Data  Gb  main.o [1]
DirPID                  0x1fff1414    0x1c  Data  Gb  CarControl.o [1]
DirSetPoint             0x1fff0930     0x4  Data  Gb  main.o [1]
EX_Angle                0x1fff1454     0x4  Data  Gb  Gyro.o [1]
EX_DeltaAngle           0x1fff1458     0x4  Data  Gb  Gyro.o [1]
EX_GravityAdjustTime    0x1fff0410     0x4  Data  Gb  Gyro.o [1]
EX_angle_k              0x1fff0414     0x4  Data  Gb  Gyro.o [1]
EX_gyro_k               0x1fff0418     0x4  Data  Gb  Gyro.o [1]
EdgeTrace               0x000054af   0x1be  Code  Gb  Image.o [1]
FTMN                    0x1fff1070    0x10  Data  Gb  MK60_ftm.o [1]
FTM_port_mux            0x0000c93d   0x1ac  Code  Lc  MK60_ftm.o [1]
GPIOX                   0x1fff1080    0x14  Data  Gb  MK60_gpio.o [1]
GetBiasDownRAngle       0x00006025    0x5a  Code  Gb  Image.o [1]
GetBiasUpRAngle         0x0000607f    0x5a  Code  Gb  Image.o [1]
GetLSMatchingLine       0x000060d9    0xb2  Code  Gb  Image.o [1]
GetStraightDownRAngle   0x0000655f    0xe4  Code  Gb  Image.o [1]
GetStraightUpRAngle     0x00006643   0x104  Code  Gb  Image.o [1]
GyroInit                0x0000c125    0x28  Code  Gb  Gyro.o [1]
Gyro_Offset             0x1fff1450     0x4  Data  Gb  Gyro.o [1]
Gyro_Smp                0x1fff1438     0x4  Data  Gb  Gyro.o [1]
HighSpeed               0x1fff0934     0x4  Data  Gb  main.o [1]
ImageBuffer2            0x1fff1948  0x2580  Data  Gb  Image.o [1]
IsConnect               0x1fff190c    0x3c  Data  Gb  Image.o [1]
JudgeLineType           0x0000618d    0xfc  Code  Gb  Image.o [1]
KEY_PTxn                0x1fff111c     0x8  Data  Gb  VCAN_key.o [1]
KeyFree                 0x1fff94de     0x1  Data  Gb  main.o [1]
LCDShowMode             0x1fff94e0     0x1  Data  Gb  main.o [1]
LCD_Img_gray_Z          0x00007aaf   0x13c  Code  Gb  VCAN_LCD.o [1]
LCD_ST7735S_dir         0x00008d5f   0xa0c  Code  Gb  VCAN_LCD_ST7735S.o [1]
LCD_ST7735S_init        0x00007da1   0xfbe  Code  Gb  VCAN_LCD_ST7735S.o [1]
LCD_ST7735S_ptlon       0x00009781   0x21c  Code  Gb  VCAN_LCD_ST7735S.o [1]
LCD_char                0x00007813   0x19e  Code  Gb  VCAN_LCD.o [1]
LCD_clear               0x0000772d    0x28  Code  Gb  VCAN_LCD.o [1]
LCD_init                0x00007631    0x2c  Code  Gb  VCAN_LCD.o [1]
LCD_line_display        0x00006a17   0x1fe  Code  Gb  Image.o [1]
LCD_num_BC              0x000079b1    0xfe  Code  Gb  VCAN_LCD.o [1]
LCD_point               0x00007755    0xbe  Code  Gb  VCAN_LCD.o [1]
LCD_rectangle           0x0000765d    0xd0  Code  Gb  VCAN_LCD.o [1]
LED_PTxn                0x1fff1128     0x4  Data  Gb  VCAN_LED.o [1]
LPulseSum               0x1fff94d8     0x2  Data  Gb  main.o [1]
LeftJump                0x00006d45    0x4a  Code  Gb  Image.o [1]
LineType                0x1fff3ee0     0x4  Data  Gb  Image.o [1]
LoadInt                 0x0000a6fb    0x6e  Code  Lc  xprintflarge_nomb.o [3]
LocPID_Calc             0x0000d223    0x78  Code  Gb  PID.o [1]
Lpulse                  0x1fff9454     0x4  Data  Gb  main.o [1]
MAX_HORLINE_LENGTH      0x1fff043c     0x4  Data  Gb  Image.o [1]
MAX_STRAIGHT_AREA       0x1fff0434     0x4  Data  Gb  Image.o [1]
MIN_CON_POINT           0x1fff0438     0x4  Data  Gb  Image.o [1]
NVIC_DisableIRQ         0x0000c3b9    0x14  Code  Lc  VCAN_OV7725_Eagle.o [1]
NVIC_EnableIRQ          0x0000b071    0x16  Code  Lc  main.o [1]
NVIC_EnableIRQ          0x0000c3a5    0x14  Code  Lc  VCAN_OV7725_Eagle.o [1]
NVIC_SystemReset        0x00009ca1    0x1a  Code  Lc  MK60_conf.o [1]
PID_Init                0x0000d205    0x1e  Code  Gb  PID.o [1]
PIT0InteruptEventCount  0x1fff9458     0x4  Data  Gb  main.o [1]
PIT0_IRQHandler         0x0000b355   0x270  Code  Gb  main.o [1]
PORTA_IRQHandler        0x0000b5c5    0x30  Code  Gb  main.o [1]
PORTX                   0x1fff10f0    0x14  Data  Gb  MK60_port.o [1]
ParameterSet            0x0000b629   0x896  Code  Gb  main.o [1]
Parameters_Init         0x0000c14d    0x3a  Code  Gb  Gyro.o [1]
RPulseSum               0x1fff94da     0x2  Data  Gb  main.o [1]
ReadSensorData          0x0000c1c9    0xf0  Code  Gb  Gyro.o [1]
RecordBWChange          0x00004fab    0x6c  Code  Gb  Image.o [1]
Region$$Table$$Base     0x0000f694           --   Gb  - Linker created -
Region$$Table$$Limit    0x0000f6a4           --   Gb  - Linker created -
Reset_Handler           0x00000411          Code  Gb  startup_MK60DZ10.o [1]
ReverseSearchLine       0x00006295   0x2ca  Code  Gb  Image.o [1]
RightJump               0x00006cff    0x46  Code  Gb  Image.o [1]
Rpulse                  0x1fff9450     0x4  Data  Gb  main.o [1]
SCCB_Ack                0x0000c6ad    0x3c  Code  Lc  VCAN_SCCB.o [1]
SCCB_GPIO_init          0x0000c5f3    0x28  Code  Gb  VCAN_SCCB.o [1]
SCCB_NoAck              0x0000c6e9    0x3c  Code  Lc  VCAN_SCCB.o [1]
SCCB_ReadByte           0x0000c889    0x2c  Code  Gb  VCAN_SCCB.o [1]
SCCB_ReadByte_one       0x0000c8b5    0x86  Code  Lc  VCAN_SCCB.o [1]
SCCB_ReceiveByte        0x0000c7b5    0x54  Code  Lc  VCAN_SCCB.o [1]
SCCB_SendByte           0x0000c771    0x44  Code  Lc  VCAN_SCCB.o [1]
SCCB_Start              0x0000c61b    0x5e  Code  Lc  VCAN_SCCB.o [1]
SCCB_Stop               0x0000c679    0x34  Code  Lc  VCAN_SCCB.o [1]
SCCB_WaitAck            0x0000c725    0x4c  Code  Lc  VCAN_SCCB.o [1]
SCCB_WriteByte          0x0000c819    0x28  Code  Gb  VCAN_SCCB.o [1]
SCCB_WriteByte_one      0x0000c841    0x48  Code  Lc  VCAN_SCCB.o [1]
SCCB_delay              0x0000c5d9    0x1a  Code  Lc  VCAN_SCCB.o [1]
ST7735S_get_h           0x0000999d     0x6  Code  Gb  VCAN_LCD_ST7735S.o [1]
ST7735S_get_w           0x000099a3     0x6  Code  Gb  VCAN_LCD_ST7735S.o [1]
SearchBaseLines         0x00005017   0x498  Code  Gb  Image.o [1]
SpeedChange             0x1fff9464     0x4  Data  Gb  main.o [1]
SpeedControl            0x0000c067    0x6c  Code  Gb  CarControl.o [1]
SpeedControlPeriod      0x1fff94e1     0x1  Data  Gb  main.o [1]
SpeedKi                 0x1fff0920     0x4  Data  Gb  main.o [1]
SpeedKp                 0x1fff091c     0x4  Data  Gb  main.o [1]
SpeedPID                0x1fff13f8    0x1c  Data  Gb  CarControl.o [1]
Straigth                0x0000bfff    0x68  Code  Gb  CarControl.o [1]
T                       0x1fff8f68     0x4  Data  Gb  Image.o [1]
UARTN                   0x1fff1104    0x18  Data  Gb  MK60_uart.o [1]
Upright_Kd              0x1fff0908    0x14  Data  Gb  main.o [1]
Upright_Kp              0x1fff08f4    0x14  Data  Gb  main.o [1]
WIDTH                   0x1fff0420     0x4  Data  Gb  Image.o [1]
X                       0x1fff8f6c     0x4  Data  Gb  Image.o [1]
_GenldLargeNoMb         0x0000aaf1   0x236  Code  Lc  xprintflarge_nomb.o [3]
_LdtobLargeNoMb         0x0000a871   0x27a  Code  Lc  xprintflarge_nomb.o [3]
_LitobLargeNoMb         0x0000a769   0x106  Code  Lc  xprintflarge_nomb.o [3]
_Locale_aeabi_lconv     0x1fff9534    0x38  Data  Gb  localeconv.o [3]
_Locale_lconv           0x1fff94e4    0x50  Data  Gb  localeconv.o [3]
_PrintfLargeNoMb        0x0000a181   0x574  Code  Gb  xprintflarge_nomb.o [3]
_Prout                  0x0000f751    0x16  Code  Gb  xprout.o [3]
_PutcharsLargeNoMb      0x0000ad27    0x2e  Code  Lc  xprintflarge_nomb.o [3]
__BOOT_STACK_ADDRESS {Abs}
                        0x2000fff8           --   Gb  command line/config [2]
__VECTOR_RAM {Abs}      0x1fff0000           --   Gb  command line/config [2]
__VECTOR_TABLE {Abs}    0x00000000           --   Gb  command line/config [2]
__aeabi_cdcmple         0x0000afc1          Code  Gb  DblCmpLe.o [4]
__aeabi_d2f             0x000072f5          Code  Gb  DblToFlt.o [4]
__aeabi_d2iz            0x00007025          Code  Gb  DblToI32.o [4]
__aeabi_d2uiz           0x00007051          Code  Gb  DblToI32.o [4]
__aeabi_dadd            0x00006f3d          Code  Gb  DblAdd.o [4]
__aeabi_ddiv            0x000070ad          Code  Gb  DblDiv.o [4]
__aeabi_dmul            0x00007485          Code  Gb  DblMul.o [4]
__aeabi_dsub            0x00007c15          Code  Gb  DblSub.o [4]
__aeabi_errno_addr      0x000099cd     0x6  Code  Gb  errno.o [3]
__aeabi_f2d             0x00006ecd          Code  Gb  FltToDbl.o [4]
__aeabi_i2d             0x0000707d          Code  Gb  I32ToDbl.o [4]
__aeabi_ldiv0           0x0000b06d          Code  Gb  I64DivZer.o [5]
__aeabi_memset          0x0000d0c9          Code  Gb  ABImemset.o [5]
__aeabi_ui2d            0x00007091          Code  Gb  I32ToDbl.o [4]
__aeabi_uldivmod        0x0000ae19          Code  Gb  I64DivMod.o [5]
__cmain                 0x0000f6e5          Code  Gb  cmain.o [5]
__code_start__ {Abs}    0x00000410           --   Gb  command line/config [2]
__exit                  0x0000f715          Code  Gb  XXexit.o [5]
__iar_Dnorm             0x0000af7f    0x42  Code  Gb  xdnorm.o [4]
__iar_Errno             0x1fff956c     0x4  Data  Gb  errno.o [3]
__iar_Locale_lconv_init
                        0x0000aff1    0x3a  Code  Gb  localeconv.o [3]
__iar_Memchr            0x0000adc1          Code  Gb  memchr.o [5]
__iar_Memset            0x0000d0c9          Code  Gb  ABImemset.o [5]
__iar_Memset_word       0x0000d0d1          Code  Gb  ABImemset.o [5]
__iar_Stdout            0x1fff1198    0x40  Data  Gb  xfiles.o [3]
__iar_Strchr            0x0000ad71          Code  Gb  strchr.o [5]
__iar_d2uiz             0x0000705d          Code  Gb  DblToI32.o [4]
__iar_dadd              0x00006f51          Code  Gb  DblAdd.o [4]
__iar_data_init3        0x0000f5dd    0x28  Code  Gb  data_init.o [5]
__iar_dlib_perthread_access
                        0x00009de1     0x2  Code  Gb  xtls.o [3]
__iar_dsub              0x00007c29          Code  Gb  DblSub.o [4]
__iar_dsubStart         0x00007c3b          Code  Gb  DblSub.o [4]
__iar_edom              0x00007d95          Code  Gb  iarEdom.o [5]
__iar_init_vfp          0x0000f671          Code  Gb  fpinit_M.o [4]
__iar_program_start     0x0000f79d          Code  Gb  cstartup_M.o [5]
__iar_sqrt              0x00007395          Code  Gb  sqrt.o [4]
__iar_ui2d              0x00007095          Code  Gb  I32ToDbl.o [4]
__iar_unaligned___aeabi_memcpy
                        0x0000af09          Code  Gb  ABImemcpy_unaligned.o [5]
__iar_unaligned___aeabi_memcpy4
                        0x0000af29          Code  Gb  ABImemcpy_unaligned.o [5]
__iar_unaligned___aeabi_memcpy8
                        0x0000af29          Code  Gb  ABImemcpy_unaligned.o [5]
__iar_vfp_sqrt          0x00007385          Code  Gb  sqrt.o [4]
__iar_vfp_sqrtl         0x00007385          Code  Gb  sqrt.o [4]
__iar_zero_init3        0x00006f1b    0x22  Code  Gb  zero_init3.o [5]
__low_level_init        0x0000f6ff     0x4  Code  Gb  low_level_init.o [3]
__vector_table          0x00000000   0x410  Data  Gb  vectors.o [1]
_call_main              0x0000f6f1          Code  Gb  cmain.o [5]
_exit                   0x0000f709          Code  Gb  cexit.o [5]
_main                   0x0000f6fb          Code  Gb  cmain.o [5]
abs                     0x00007627     0x8  Code  Gb  abs.o [3]
acc_init                0x1fff8f7c     0xc  Data  Gb  main.o [1]
adc_init                0x0000d2a1   0x20e  Code  Gb  MK60_adc.o [1]
adc_once                0x0000d4af    0x50  Code  Gb  MK60_adc.o [1]
adc_start               0x0000d4ff    0x44  Code  Lc  MK60_adc.o [1]
ascii_8x16              0x0000e5a4   0x600  Data  Gb  VCAN_ASCII.o [1]
assert_failed           0x00009cbb    0x26  Code  Gb  MK60_conf.o [1]
bus_clk_khz             0x1fff9480     0x4  Data  Gb  system_MK60DZ10.o [1]
common_startup          0x0000f1db    0x98  Code  Gb  system_MK60DZ10.o [1]
core_clk_khz            0x1fff9478     0x4  Data  Gb  system_MK60DZ10.o [1]
core_clk_mhz            0x1fff947c     0x4  Data  Gb  system_MK60DZ10.o [1]
default_isr             0x00009d8f    0x30  Code  Gb  MK60_conf.o [1]
div                     0x0000b05d     0xe  Code  Gb  div.o [3]
dma_gpio_input_init     0x0000d559    0x5c  Code  Lc  MK60_dma.o [1]
dma_portx2buff_init     0x0000d5b5   0x1f4  Code  Gb  MK60_dma.o [1]
exit                    0x0000f703     0x4  Code  Gb  exit.o [3]
flash_cmd               0x1fff11e9    0x20  Code  Gb  MK60_flash.o [1]
flash_erase_sector      0x1fff122d    0x5c  Code  Gb  MK60_flash.o [1]
flash_init              0x1fff1209    0x24  Code  Gb  MK60_flash.o [1]
flash_write             0x1fff1289    0xb4  Code  Gb  MK60_flash.o [1]
fputc                   0x00009ce1    0x14  Code  Gb  MK60_conf.o [1]
ftm_mod                 0x1fff9468    0x10  Data  Lc  MK60_ftm.o [1]
ftm_pwm_duty            0x0000cc95   0x112  Code  Gb  MK60_ftm.o [1]
ftm_pwm_init            0x0000cae9   0x1ac  Code  Gb  MK60_ftm.o [1]
ftm_quad_clean          0x0000ced9    0x28  Code  Gb  MK60_ftm.o [1]
ftm_quad_get            0x0000cead    0x2c  Code  Gb  MK60_ftm.o [1]
ftm_quad_init           0x0000cda7   0x106  Code  Gb  MK60_ftm.o [1]
gpio_get                0x00009b35    0x3e  Code  Gb  MK60_gpio.o [1]
gpio_init               0x000099d9    0xae  Code  Gb  MK60_gpio.o [1]
gpio_set                0x00009a87    0x74  Code  Gb  MK60_gpio.o [1]
gpio_turn               0x00009afb    0x3a  Code  Gb  MK60_gpio.o [1]
gyro_init               0x1fff8f88     0xc  Data  Gb  main.o [1]
half                    0x1fff8f78     0x4  Data  Gb  Image.o [1]
imageProcess            0x000068cd   0x14a  Code  Gb  Image.o [1]
img                     0x1fff8fa0   0x4b0  Data  Gb  main.o [1]
img_extract             0x0000d131    0x94  Code  Gb  VCAN_camera.o [1]
imgbuff                 0x1fff0444   0x4b0  Data  Gb  main.o [1]
imgsize                 0x1fff0954     0x4  Data  Gb  main.o [1]
key_check               0x0000a151    0x2a  Code  Gb  VCAN_key.o [1]
key_get                 0x0000a137    0x1a  Code  Gb  VCAN_key.o [1]
key_init                0x0000a0e5    0x52  Code  Gb  VCAN_key.o [1]
leadLine                0x1fff40c4    0xf0  Data  Gb  Image.o [1]
leadYEnd                0x1fff3edc     0x4  Data  Gb  Image.o [1]
leadYStart              0x1fff3ed8     0x4  Data  Gb  Image.o [1]
leadlength              0x1fff41b4     0x4  Data  Gb  Image.o [1]
leadnum0                0x1fff8f70     0x4  Data  Gb  Image.o [1]
leadnumhalf             0x1fff8f74     0x4  Data  Gb  Image.o [1]
led_init                0x00009de5    0x3a  Code  Gb  VCAN_LED.o [1]
led_turn                0x00009e1f    0x32  Code  Gb  VCAN_LED.o [1]
leftEdge                0x0000f330    0x3c  Data  Gb  map.o [1]
leftHalf                0x1fff8cc8   0x140  Data  Gb  Image.o [1]
leftLine                0x1fff3ee4    0xf0  Data  Gb  Image.o [1]
leftYEnd                0x1fff3ecc     0x4  Data  Gb  Image.o [1]
leftYStart              0x1fff3ec8     0x4  Data  Gb  Image.o [1]
limit                   0x1fff0440     0x1  Data  Gb  main.o [1]
localeconv              0x0000b02b    0x16  Code  Gb  localeconv.o [3]
ls                      0x1fff8f48     0x8  Data  Gb  Image.o [1]
main                    0x0000b101   0x254  Code  Gb  main.o [1]
mapX                    0x00002998  0x2580  Data  Gb  map.o [1]
mapY                    0x00000418  0x2580  Data  Gb  map.o [1]
mcg_cfg                 0x1fff1094    0x58  Data  Gb  MK60_mcg.o [1]
mcg_div                 0x1fff10ec     0x4  Data  Gb  MK60_mcg.o [1]
mcg_div_count           0x0000ebad   0x304  Code  Gb  MK60_mcg.o [1]
memchr                  0x0000adc1          Code  Gb  memchr.o [5]
midpoint_before         0x1fff0424     0x4  Data  Gb  Image.o [1]
midpoint_before_E       0x1fff0428     0x4  Data  Gb  Image.o [1]
modle_key               0x1fff94df     0x1  Data  Gb  main.o [1]
motor_control           0x0000cf59    0xa0  Code  Gb  motor.o [1]
motor_init              0x0000cf1d    0x3c  Code  Gb  motor.o [1]
obuf                    0x1fff9488    0x50  Data  Lc  xfiles.o [3]
ov7725_eagle_cfgnum     0x1fff1194     0x1  Data  Gb  VCAN_OV7725_Eagle.o [1]
ov7725_eagle_dma        0x0000c485    0x14  Code  Gb  VCAN_OV7725_Eagle.o [1]
ov7725_eagle_get_img    0x0000c499    0x42  Code  Gb  VCAN_OV7725_Eagle.o [1]
ov7725_eagle_img_buff   0x1fff9484     0x4  Data  Gb  VCAN_OV7725_Eagle.o [1]
ov7725_eagle_img_flag   0x1fff112c     0x1  Data  Gb  VCAN_OV7725_Eagle.o [1]
ov7725_eagle_init       0x0000c3cd    0x18  Code  Gb  VCAN_OV7725_Eagle.o [1]
ov7725_eagle_port_init  0x0000c3e5    0x54  Code  Lc  VCAN_OV7725_Eagle.o [1]
ov7725_eagle_reg        0x1fff1130    0x64  Data  Gb  VCAN_OV7725_Eagle.o [1]
ov7725_eagle_reg_init   0x0000c4db    0xb0  Code  Lc  VCAN_OV7725_Eagle.o [1]
ov7725_eagle_vsync      0x0000c439    0x4c  Code  Gb  VCAN_OV7725_Eagle.o [1]
p1                      0x1fff042c     0x4  Data  Gb  Image.o [1]
p2                      0x1fff0430     0x4  Data  Gb  Image.o [1]
pProcess                0x1fff041c     0x4  Data  Gb  Image.o [1]
pit_init                0x0000d04d    0x6c  Code  Gb  MK60_PIT.o [1]
pll_init                0x0000eeb1    0xb2  Code  Gb  MK60_mcg.o [1]
port_init               0x00009b7d    0x44  Code  Gb  MK60_port.o [1]
port_init_NoALT         0x00009bc1    0x62  Code  Gb  MK60_port.o [1]
printf                  0x00009e55    0x24  Code  Gb  printf.o [3]
processBuf1             0x1fff41c8  0x2580  Data  Gb  Image.o [1]
processBuf2             0x1fff6748  0x2580  Data  Gb  Image.o [1]
putchar                 0x0000f769     0xc  Code  Gb  putchar.o [3]
rightEdge               0x0000f36c    0x3c  Data  Gb  map.o [1]
rightHalf               0x1fff8e08   0x140  Data  Gb  Image.o [1]
rightLine               0x1fff3fd4    0xf0  Data  Gb  Image.o [1]
rightYEnd               0x1fff3ed4     0x4  Data  Gb  Image.o [1]
rightYStart             0x1fff3ed0     0x4  Data  Gb  Image.o [1]
set_sys_dividers        0x1fff1379    0x50  Code  Gb  MK60_mcg.o [1]
set_vector_handler      0x0000d01f    0x22  Code  Gb  misc.o [1]
site2                   0x1fff0950     0x4  Data  Gb  main.o [1]
site_1                  0x1fff095c     0x4  Data  Gb  main.o [1]
site_x_1                0x1fff0938     0x4  Data  Gb  main.o [1]
site_x_2                0x1fff0944     0x4  Data  Gb  main.o [1]
site_y_1                0x1fff093c     0x4  Data  Gb  main.o [1]
site_y_2                0x1fff0948     0x4  Data  Gb  main.o [1]
site_z_1                0x1fff0940     0x4  Data  Gb  main.o [1]
site_z_2                0x1fff094c     0x4  Data  Gb  main.o [1]
size_2                  0x1fff0958     0x4  Data  Gb  main.o [1]
sqrt                    0x00007395          Code  Gb  sqrt.o [4]
sqrtl                   0x00007395          Code  Gb  sqrt.o [4]
st7735s_dir             0x1fff94e2     0x1  Data  Gb  VCAN_LCD_ST7735S.o [1]
st7735s_h               0x1fff1124     0x2  Data  Gb  VCAN_LCD_ST7735S.o [1]
st7735s_w               0x1fff1126     0x2  Data  Gb  VCAN_LCD_ST7735S.o [1]
start                   0x0000f171    0x2e  Code  Gb  system_MK60DZ10.o [1]
start_check             0x00009cf5    0x9a  Code  Gb  MK60_conf.o [1]
strchr                  0x0000ad71          Code  Gb  strchr.o [5]
strlen                  0x0000ad89          Code  Gb  strlen.o [5]
sysinit                 0x0000f19f    0x3c  Code  Gb  system_MK60DZ10.o [1]
systick_delay           0x00009c2d    0x36  Code  Gb  MK60_SysTick.o [1]
systick_delay_ms        0x00009c63    0x18  Code  Gb  MK60_SysTick.o [1]
t                       0x1fff94dc     0x1  Data  Gb  CarControl.o [1]
uart_init               0x00009e79   0x214  Code  Gb  MK60_uart.o [1]
uart_putbuff            0x0000a0a7    0x24  Code  Gb  MK60_uart.o [1]
uart_putchar            0x0000a08d    0x1a  Code  Gb  MK60_uart.o [1]
vcan_sendimg            0x0000d1c5    0x38  Code  Gb  VCAN_computer.o [1]
vector_str              0x1fff0968   0x708  Data  Gb  MK60_conf.o [1]
wdog_disable            0x0000f2b1    0x16  Code  Gb  MK60_wdog.o [1]
wdog_unlock             0x0000f2c7    0x20  Code  Lc  MK60_wdog.o [1]
write_vtor              0x0000cffd    0x22  Code  Gb  misc.o [1]
ys                      0x1fff8f50     0x8  Data  Gb  Image.o [1]
zhuantou                0x1fff94dd     0x1  Data  Gb  Image.o [1]


[1] = D:\VS程序\Freescale\2017光电直立\Prj\IAR\FN15_Debug\Obj
[2] = command line
[3] = dl7M_tlf.a
[4] = m7M_tls.a
[5] = rt7M_tl.a

  36 568 bytes of readonly  code memory
     496 bytes of readwrite code memory
  26 988 bytes of readonly  data memory
  36 719 bytes of readwrite data memory

Errors: none
Warnings: none
