###############################################################################
#
# IAR ELF Linker V7.30.3.8024/W32 for ARM                 14/Jul/2017  14:11:58
# Copyright 2007-2014 IAR Systems AB.
#
#    Output file  =  
#        D:\VS程序\Freescale\光电直立校正版\Prj\IAR\FN15_Debug\Exe\vcan_Kinetis.out
#    Map file     =  
#        D:\VS程序\Freescale\光电直立校正版\Prj\IAR\FN15_Debug\List\vcan_Kinetis.map
#    Command line =  
#        D:\VS程序\Freescale\光电直立校正版\Prj\IAR\FN15_Debug\Obj\CarControl.o
#        D:\VS程序\Freescale\光电直立校正版\Prj\IAR\FN15_Debug\Obj\diskio.o
#        D:\VS程序\Freescale\光电直立校正版\Prj\IAR\FN15_Debug\Obj\ff.o
#        D:\VS程序\Freescale\光电直立校正版\Prj\IAR\FN15_Debug\Obj\Gyro.o
#        D:\VS程序\Freescale\光电直立校正版\Prj\IAR\FN15_Debug\Obj\Image.o
#        D:\VS程序\Freescale\光电直立校正版\Prj\IAR\FN15_Debug\Obj\main.o
#        D:\VS程序\Freescale\光电直立校正版\Prj\IAR\FN15_Debug\Obj\map.o
#        D:\VS程序\Freescale\光电直立校正版\Prj\IAR\FN15_Debug\Obj\misc.o
#        D:\VS程序\Freescale\光电直立校正版\Prj\IAR\FN15_Debug\Obj\MK60_adc.o
#        D:\VS程序\Freescale\光电直立校正版\Prj\IAR\FN15_Debug\Obj\MK60_can.o
#        D:\VS程序\Freescale\光电直立校正版\Prj\IAR\FN15_Debug\Obj\MK60_conf.o
#        D:\VS程序\Freescale\光电直立校正版\Prj\IAR\FN15_Debug\Obj\MK60_dac.o
#        D:\VS程序\Freescale\光电直立校正版\Prj\IAR\FN15_Debug\Obj\MK60_dma.o
#        D:\VS程序\Freescale\光电直立校正版\Prj\IAR\FN15_Debug\Obj\MK60_DWT.o
#        D:\VS程序\Freescale\光电直立校正版\Prj\IAR\FN15_Debug\Obj\MK60_flash.o
#        D:\VS程序\Freescale\光电直立校正版\Prj\IAR\FN15_Debug\Obj\MK60_flexbus.o
#        D:\VS程序\Freescale\光电直立校正版\Prj\IAR\FN15_Debug\Obj\MK60_ftm.o
#        D:\VS程序\Freescale\光电直立校正版\Prj\IAR\FN15_Debug\Obj\MK60_gpio.o
#        D:\VS程序\Freescale\光电直立校正版\Prj\IAR\FN15_Debug\Obj\MK60_i2c.o
#        D:\VS程序\Freescale\光电直立校正版\Prj\IAR\FN15_Debug\Obj\MK60_it.o
#        D:\VS程序\Freescale\光电直立校正版\Prj\IAR\FN15_Debug\Obj\MK60_lptmr.o
#        D:\VS程序\Freescale\光电直立校正版\Prj\IAR\FN15_Debug\Obj\MK60_mcg.o
#        D:\VS程序\Freescale\光电直立校正版\Prj\IAR\FN15_Debug\Obj\MK60_PIT.o
#        D:\VS程序\Freescale\光电直立校正版\Prj\IAR\FN15_Debug\Obj\MK60_port.o
#        D:\VS程序\Freescale\光电直立校正版\Prj\IAR\FN15_Debug\Obj\MK60_rtc.o
#        D:\VS程序\Freescale\光电直立校正版\Prj\IAR\FN15_Debug\Obj\MK60_sdhc.o
#        D:\VS程序\Freescale\光电直立校正版\Prj\IAR\FN15_Debug\Obj\MK60_spi.o
#        D:\VS程序\Freescale\光电直立校正版\Prj\IAR\FN15_Debug\Obj\MK60_SysTick.o
#        D:\VS程序\Freescale\光电直立校正版\Prj\IAR\FN15_Debug\Obj\MK60_uart.o
#        D:\VS程序\Freescale\光电直立校正版\Prj\IAR\FN15_Debug\Obj\MK60_usb.o
#        D:\VS程序\Freescale\光电直立校正版\Prj\IAR\FN15_Debug\Obj\MK60_wdog.o
#        D:\VS程序\Freescale\光电直立校正版\Prj\IAR\FN15_Debug\Obj\motor.o
#        D:\VS程序\Freescale\光电直立校正版\Prj\IAR\FN15_Debug\Obj\PID.o
#        D:\VS程序\Freescale\光电直立校正版\Prj\IAR\FN15_Debug\Obj\startup_MK60DZ10.o
#        D:\VS程序\Freescale\光电直立校正版\Prj\IAR\FN15_Debug\Obj\system_MK60DZ10.o
#        D:\VS程序\Freescale\光电直立校正版\Prj\IAR\FN15_Debug\Obj\USB.o
#        D:\VS程序\Freescale\光电直立校正版\Prj\IAR\FN15_Debug\Obj\USB_CDC.o
#        D:\VS程序\Freescale\光电直立校正版\Prj\IAR\FN15_Debug\Obj\VCAN_ASCII.o
#        D:\VS程序\Freescale\光电直立校正版\Prj\IAR\FN15_Debug\Obj\VCAN_BMP.o
#        D:\VS程序\Freescale\光电直立校正版\Prj\IAR\FN15_Debug\Obj\VCAN_camera.o
#        D:\VS程序\Freescale\光电直立校正版\Prj\IAR\FN15_Debug\Obj\VCAN_computer.o
#        D:\VS程序\Freescale\光电直立校正版\Prj\IAR\FN15_Debug\Obj\vcan_img2sd.o
#        D:\VS程序\Freescale\光电直立校正版\Prj\IAR\FN15_Debug\Obj\VCAN_key.o
#        D:\VS程序\Freescale\光电直立校正版\Prj\IAR\FN15_Debug\Obj\VCAN_key_event.o
#        D:\VS程序\Freescale\光电直立校正版\Prj\IAR\FN15_Debug\Obj\VCAN_LCD.o
#        D:\VS程序\Freescale\光电直立校正版\Prj\IAR\FN15_Debug\Obj\VCAN_LCD_CH.o
#        D:\VS程序\Freescale\光电直立校正版\Prj\IAR\FN15_Debug\Obj\VCAN_LCD_ILI9341.o
#        D:\VS程序\Freescale\光电直立校正版\Prj\IAR\FN15_Debug\Obj\VCAN_LCD_ST7735R.o
#        D:\VS程序\Freescale\光电直立校正版\Prj\IAR\FN15_Debug\Obj\VCAN_LCD_ST7735S.o
#        D:\VS程序\Freescale\光电直立校正版\Prj\IAR\FN15_Debug\Obj\VCAN_LED.o
#        D:\VS程序\Freescale\光电直立校正版\Prj\IAR\FN15_Debug\Obj\VCAN_MMA7455.o
#        D:\VS程序\Freescale\光电直立校正版\Prj\IAR\FN15_Debug\Obj\VCAN_NRF24L0.o
#        D:\VS程序\Freescale\光电直立校正版\Prj\IAR\FN15_Debug\Obj\VCAN_NRF24L0_MSG.o
#        D:\VS程序\Freescale\光电直立校正版\Prj\IAR\FN15_Debug\Obj\VCAN_OV7725_Eagle.o
#        D:\VS程序\Freescale\光电直立校正版\Prj\IAR\FN15_Debug\Obj\VCAN_OV7725_Wolf.o
#        D:\VS程序\Freescale\光电直立校正版\Prj\IAR\FN15_Debug\Obj\VCAN_RTC_count.o
#        D:\VS程序\Freescale\光电直立校正版\Prj\IAR\FN15_Debug\Obj\VCAN_SCCB.o
#        D:\VS程序\Freescale\光电直立校正版\Prj\IAR\FN15_Debug\Obj\vcan_sd_app.o
#        D:\VS程序\Freescale\光电直立校正版\Prj\IAR\FN15_Debug\Obj\Vcan_touch.o
#        D:\VS程序\Freescale\光电直立校正版\Prj\IAR\FN15_Debug\Obj\VCAN_TSL1401.o
#        D:\VS程序\Freescale\光电直立校正版\Prj\IAR\FN15_Debug\Obj\VCAN_UI_VAR.o
#        D:\VS程序\Freescale\光电直立校正版\Prj\IAR\FN15_Debug\Obj\vectors.o
#        --redirect _Printf=_PrintfLargeNoMb --redirect _Scanf=_ScanfLargeNoMb
#        -o
#        D:\VS程序\Freescale\光电直立校正版\Prj\IAR\FN15_Debug\Exe\vcan_Kinetis.out
#        --map
#        D:\VS程序\Freescale\光电直立校正版\Prj\IAR\FN15_Debug\List\vcan_Kinetis.map
#        --config "D:\VS程序\Freescale\光电直立校正版\Prj\IAR\config
#        files\vcan_ROM_K60N1M.icf"
#        D:\VS程序\Freescale\光电直立校正版\Prj\IAR\..\..\Lib\CMSIS\iar_cortexM4l_math.a
#        --entry __iar_program_start --redirect __write=__write_buffered --vfe
#
###############################################################################

*******************************************************************************
*** RUNTIME MODEL ATTRIBUTES
***

CppFlavor       = *
__SystemLibrary = DLib


*******************************************************************************
*** PLACEMENT SUMMARY
***

"A1":  place at 0x00000000 { ro section .intvec };
"A2":  place at 0x00000410 { ro section .noinit };
"P1":  place in [from 0x00000000 to 0x00100000] { ro, block CodeRelocate };
"P2":  place in [from 0x1fff0410 to 0x20010000] {
          rw, block CodeRelocateRam, block CSTACK, block HEAP };

  Section              Kind        Address    Size  Object
  -------              ----        -------    ----  ------
"A1":                                        0x410
  .intvec              const    0x00000000   0x410  vectors.o [1]
                              - 0x00000410   0x410

"P1", part 1 of 2:                             0x0
  .rodata              const    0x00000410     0x0  zero_init3.o [5]

"A2":                                          0x8
  .noinit              ro code  0x00000410     0x8  startup_MK60DZ10.o [1]
                              - 0x00000418     0x8

"P1", part 2 of 2:                          0xffe8
  .text                ro code  0x00000418  0x2c6c  Image.o [1]
  .text                ro code  0x00003084    0x4e  FltToDbl.o [4]
  .text                ro code  0x000030d2    0x22  zero_init3.o [5]
  .text                ro code  0x000030f4    0xe8  DblAdd.o [4]
  .text                ro code  0x000031dc    0x58  DblToI32.o [4]
  .text                ro code  0x00003234     0x8  abs.o [3]
  .text                ro code  0x0000323c    0x30  I32ToDbl.o [4]
  .text                ro code  0x0000326c   0x246  DblDiv.o [4]
  .rodata              const    0x000034b2     0x2  VCAN_camera.o [1]
  .text                ro code  0x000034b4    0x90  DblToFlt.o [4]
  .text                ro code  0x00003544   0x100  sqrt.o [4]
  .text                ro code  0x00003644   0x1a2  DblMul.o [4]
  .text                ro code  0x000037e8    0x66  ABImemset.o [5]
  .text                ro code  0x00003850    0x64  MK60_SysTick.o [1]
  .text                ro code  0x000038b4    0xac  VCAN_LED.o [1]
  .text                ro code  0x00003960   0x5e4  VCAN_LCD.o [1]
  .text                ro code  0x00003f44   0x180  DblSub.o [4]
  .text                ro code  0x000040c4     0xc  iarEdom.o [5]
  Veneer               ro code  0x000040d0     0x8  - Linker created -
  Veneer               ro code  0x000040d8     0x8  - Linker created -
  .text                ro code  0x000040e0   0x140  MK60_conf.o [1]
  .text                ro code  0x00004220   0x1a4  MK60_gpio.o [1]
  .text                ro code  0x000043c4  0x1c2c  VCAN_LCD_ST7735S.o [1]
  .text                ro code  0x00005ff0     0xc  errno.o [3]
  .text                ro code  0x00005ffc    0x24  printf.o [3]
  .text                ro code  0x00006020   0x248  MK60_uart.o [1]
  .text                ro code  0x00006268    0x9c  VCAN_key.o [1]
  .text                ro code  0x00006304    0xb0  MK60_port.o [1]
  .text                ro code  0x000063b4     0x2  xtls.o [3]
  .text                ro code  0x000063b8   0xbee  xprintflarge_nomb.o [3]
  .text                ro code  0x00006fa8    0x16  strchr.o [5]
  .text                ro code  0x00006fc0    0x36  strlen.o [5]
  .text                ro code  0x00006ff8    0x58  memchr.o [5]
  .text                ro code  0x00007050    0xee  I64DivMod.o [5]
  .text                ro code  0x00007140    0x76  ABImemcpy_unaligned.o [5]
  .text                ro code  0x000071b6    0x42  xdnorm.o [4]
  .text                ro code  0x000071f8    0x2e  DblCmpLe.o [4]
  .text                ro code  0x00007228    0x6c  localeconv.o [3]
  .text                ro code  0x00007294     0xe  div.o [3]
  .text                ro code  0x000072a4     0x2  I64DivZer.o [5]
  .rodata              const    0x000072a8  0x2580  map.o [1]
  .rodata              const    0x00009828  0x2580  map.o [1]
  .text                ro code  0x0000bda8   0xe48  main.o [1]
  .text                ro code  0x0000cbf0   0x198  CarControl.o [1]
  .text                ro code  0x0000cd88   0x280  Gyro.o [1]
  .text                ro code  0x0000d008   0x234  VCAN_OV7725_Eagle.o [1]
  .text                ro code  0x0000d23c   0x362  VCAN_SCCB.o [1]
  .text                ro code  0x0000d5a0   0x5e0  MK60_ftm.o [1]
  .text                ro code  0x0000db80    0xe0  motor.o [1]
  .text                ro code  0x0000dc60    0x50  misc.o [1]
  .text                ro code  0x0000dcb0    0x7c  MK60_PIT.o [1]
  .text                ro code  0x0000dd2c    0x94  VCAN_camera.o [1]
  .text                ro code  0x0000ddc0    0x9c  PID.o [1]
  .text                ro code  0x0000de5c   0x2b8  MK60_adc.o [1]
  .text                ro code  0x0000e114   0x284  MK60_dma.o [1]
  .data_init                    0x0000e398   0xdc8  <Block>
    Initializer bytes  ro data  0x0000e398   0xdc8  <for .data-1>
  .rodata              const    0x0000f160   0x600  VCAN_ASCII.o [1]
  Veneer               ro code  0x0000f760     0x8  - Linker created -
  .text                ro code  0x0000f768   0x3d4  MK60_mcg.o [1]
  CodeRelocate                  0x0000fb3c   0x1f0  <Block>
    Initializer bytes  ro data  0x0000fb3c   0x1f0  <for CodeRelocateRam-1>
  .text                ro code  0x0000fd2c   0x140  system_MK60DZ10.o [1]
  .text                ro code  0x0000fe6c    0x40  MK60_wdog.o [1]
  .rodata              const    0x0000feac    0x40  VCAN_LCD_ST7735S.o [1]
  .rodata              const    0x0000feec    0x3c  map.o [1]
  .rodata              const    0x0000ff28    0x3c  map.o [1]
  .rodata              const    0x0000ff64    0x3c  MK60_conf.o [1]
  .rodata              const    0x0000ffa0    0x3c  MK60_SysTick.o [1]
  .rodata              const    0x0000ffdc    0x38  MK60_adc.o [1]
  .rodata              const    0x00010014    0x38  MK60_dma.o [1]
  .rodata              const    0x0001004c    0x38  MK60_flash.o [1]
  .rodata              const    0x00010084    0x38  MK60_ftm.o [1]
  .rodata              const    0x000100bc    0x38  MK60_gpio.o [1]
  .rodata              const    0x000100f4    0x38  MK60_PIT.o [1]
  .rodata              const    0x0001012c    0x38  MK60_uart.o [1]
  .rodata              const    0x00010164    0x34  misc.o [1]
  .text                ro code  0x00010198    0x28  data_init.o [5]
  .rodata              const    0x000101c0    0x24  MK60_conf.o [1]
  .rodata              const    0x000101e4    0x24  VCAN_OV7725_Eagle.o [1]
  .rodata              const    0x00010208    0x24  VCAN_OV7725_Eagle.o [1]
  .text                ro code  0x0001022c    0x22  fpinit_M.o [4]
  .iar.init_table      const    0x00010250    0x10  - Linker created -
  .rodata              const    0x00010260    0x20  MK60_conf.o [1]
  .rodata              const    0x00010280    0x20  VCAN_OV7725_Eagle.o [1]
  .text                ro code  0x000102a0    0x1a  cmain.o [5]
  .text                ro code  0x000102ba     0x4  low_level_init.o [3]
  .text                ro code  0x000102be     0x4  exit.o [3]
  .text                ro code  0x000102c4     0xa  cexit.o [5]
  .text                ro code  0x000102d0     0xc  XXexit.o [5]
  .rodata              const    0x000102dc    0x18  VCAN_OV7725_Eagle.o [1]
  .rodata              const    0x000102f4    0x18  VCAN_OV7725_Eagle.o [1]
  .text                ro code  0x0001030c    0x16  xprout.o [3]
  .text                ro code  0x00010324     0xc  putchar.o [3]
  .rodata              const    0x00010330    0x14  MK60_conf.o [1]
  .rodata              const    0x00010344    0x14  VCAN_OV7725_Eagle.o [1]
  .text                ro code  0x00010358     0xc  cstartup_M.o [5]
  .rodata              const    0x00010364     0x4  VCAN_LCD.o [1]
  .rodata              const    0x00010368     0x4  VCAN_LCD.o [1]
  .rodata              const    0x0001036c     0x4  VCAN_LCD.o [1]
  .rodata              const    0x00010370     0x4  VCAN_LCD.o [1]
  Initializer bytes    ro data  0x00010374    0x8c  <for P2 s0>
                              - 0x00010400  0xffe8

"P2":                                       0xa00c
  .data                         0x1fff0410   0xdc8  <Block>
    .data-1                     0x1fff0410   0xdc8  <Init block>
      .data            inited   0x1fff0410     0x4  Gyro.o [1]
      .data            inited   0x1fff0414     0x4  Gyro.o [1]
      .data            inited   0x1fff0418     0x4  Gyro.o [1]
      .data            inited   0x1fff041c     0x4  Image.o [1]
      .data            inited   0x1fff0420     0x4  Image.o [1]
      .data            inited   0x1fff0424     0x4  Image.o [1]
      .data            inited   0x1fff0428     0x4  Image.o [1]
      .data            inited   0x1fff042c     0x4  Image.o [1]
      .data            inited   0x1fff0430     0x4  Image.o [1]
      .data            inited   0x1fff0434     0x4  Image.o [1]
      .data            inited   0x1fff0438     0x4  Image.o [1]
      .data            inited   0x1fff043c     0x4  Image.o [1]
      .data            inited   0x1fff0440     0x1  main.o [1]
      .data            inited   0x1fff0444   0x4b0  main.o [1]
      .data            inited   0x1fff08f4    0x14  main.o [1]
      .data            inited   0x1fff0908    0x14  main.o [1]
      .data            inited   0x1fff091c     0x4  main.o [1]
      .data            inited   0x1fff0920     0x4  main.o [1]
      .data            inited   0x1fff0924     0x4  main.o [1]
      .data            inited   0x1fff0928     0x4  main.o [1]
      .data            inited   0x1fff092c     0x4  main.o [1]
      .data            inited   0x1fff0930     0x4  main.o [1]
      .data            inited   0x1fff0934     0x4  main.o [1]
      .data            inited   0x1fff0938     0x4  main.o [1]
      .data            inited   0x1fff093c     0x4  main.o [1]
      .data            inited   0x1fff0940     0x4  main.o [1]
      .data            inited   0x1fff0944     0x4  main.o [1]
      .data            inited   0x1fff0948     0x4  main.o [1]
      .data            inited   0x1fff094c     0x4  main.o [1]
      .data            inited   0x1fff0950     0x4  main.o [1]
      .data            inited   0x1fff0954     0x4  main.o [1]
      .data            inited   0x1fff0958     0x4  main.o [1]
      .data            inited   0x1fff095c     0x4  main.o [1]
      .data            inited   0x1fff0960     0x8  MK60_adc.o [1]
      .data            inited   0x1fff0968   0x708  MK60_conf.o [1]
      .data            inited   0x1fff1070    0x10  MK60_ftm.o [1]
      .data            inited   0x1fff1080    0x14  MK60_gpio.o [1]
      .data            inited   0x1fff1094    0x58  MK60_mcg.o [1]
      .data            inited   0x1fff10ec     0x4  MK60_mcg.o [1]
      .data            inited   0x1fff10f0    0x14  MK60_port.o [1]
      .data            inited   0x1fff1104    0x18  MK60_uart.o [1]
      .data            inited   0x1fff111c     0x8  VCAN_key.o [1]
      .data            inited   0x1fff1124     0x2  VCAN_LCD_ST7735S.o [1]
      .data            inited   0x1fff1126     0x2  VCAN_LCD_ST7735S.o [1]
      .data            inited   0x1fff1128     0x4  VCAN_LED.o [1]
      .data            inited   0x1fff112c     0x1  VCAN_OV7725_Eagle.o [1]
      .data            inited   0x1fff1130    0x64  VCAN_OV7725_Eagle.o [1]
      .data            inited   0x1fff1194     0x1  VCAN_OV7725_Eagle.o [1]
      .data            inited   0x1fff1198    0x40  xfiles.o [3]
  CodeRelocateRam               0x1fff11d8   0x1f0  <Block>
    CodeRelocateRam-1           0x1fff11d8   0x1f0  <Init block>
      Veneer           inited   0x1fff11d8     0x8  - Linker created -
      Veneer           inited   0x1fff11e0     0x8  - Linker created -
      .textrw          inited   0x1fff11e8   0x190  MK60_flash.o [1]
      .textrw          inited   0x1fff1378    0x50  MK60_mcg.o [1]
  .bss                          0x1fff13c8  0x8fc8  <Block>
    .bss               zero     0x1fff13c8    0x30  CarControl.o [1]
    .bss               zero     0x1fff13f8    0x1c  CarControl.o [1]
    .bss               zero     0x1fff1414    0x1c  CarControl.o [1]
    .bss               zero     0x1fff1430     0x4  CarControl.o [1]
    .bss               zero     0x1fff1434     0x4  Gyro.o [1]
    .bss               zero     0x1fff1438     0x4  Gyro.o [1]
    .bss               zero     0x1fff143c     0x4  Gyro.o [1]
    .bss               zero     0x1fff1440     0x4  Gyro.o [1]
    .bss               zero     0x1fff1444     0x4  Gyro.o [1]
    .bss               zero     0x1fff1448     0x4  Gyro.o [1]
    .bss               zero     0x1fff144c     0x4  Gyro.o [1]
    .bss               zero     0x1fff1450     0x4  Gyro.o [1]
    .bss               zero     0x1fff1454     0x4  Gyro.o [1]
    .bss               zero     0x1fff1458     0x4  Gyro.o [1]
    .bss               zero     0x1fff145c  0x2580  Image.o [1]
    .bss               zero     0x1fff39dc   0x4b0  Image.o [1]
    .bss               zero     0x1fff3e8c    0x3c  Image.o [1]
    .bss               zero     0x1fff3ec8     0x4  Image.o [1]
    .bss               zero     0x1fff3ecc     0x4  Image.o [1]
    .bss               zero     0x1fff3ed0     0x4  Image.o [1]
    .bss               zero     0x1fff3ed4     0x4  Image.o [1]
    .bss               zero     0x1fff3ed8     0x4  Image.o [1]
    .bss               zero     0x1fff3edc     0x4  Image.o [1]
    .bss               zero     0x1fff3ee0     0x4  Image.o [1]
    .bss               zero     0x1fff3ee4     0x4  Image.o [1]
    .bss               zero     0x1fff3ee8    0xf0  Image.o [1]
    .bss               zero     0x1fff3fd8    0xf0  Image.o [1]
    .bss               zero     0x1fff40c8     0x4  Image.o [1]
    .bss               zero     0x1fff40cc    0xf0  Image.o [1]
    .bss               zero     0x1fff41bc     0x4  Image.o [1]
    .bss               zero     0x1fff41c0    0x10  Image.o [1]
    .bss               zero     0x1fff41d0  0x2580  Image.o [1]
    .bss               zero     0x1fff6750  0x2580  Image.o [1]
    .bss               zero     0x1fff8cd0   0x140  Image.o [1]
    .bss               zero     0x1fff8e10   0x140  Image.o [1]
    .bss               zero     0x1fff8f50     0x8  Image.o [1]
    .bss               zero     0x1fff8f58     0x8  Image.o [1]
    .bss               zero     0x1fff8f60     0x4  Image.o [1]
    .bss               zero     0x1fff8f64     0x4  Image.o [1]
    .bss               zero     0x1fff8f68     0x4  Image.o [1]
    .bss               zero     0x1fff8f6c     0x4  Image.o [1]
    .bss               zero     0x1fff8f70     0x4  Image.o [1]
    .bss               zero     0x1fff8f74     0x4  Image.o [1]
    .bss               zero     0x1fff8f78     0x4  Image.o [1]
    .bss               zero     0x1fff8f7c     0x4  Image.o [1]
    .bss               zero     0x1fff8f80     0x4  Image.o [1]
    .bss               zero     0x1fff8f84    0x78  Image.o [1]
    .bss               zero     0x1fff8ffc   0x4b0  Image.o [1]
    .bss               zero     0x1fff94ac   0x4b0  Image.o [1]
    .bss               zero     0x1fff995c   0x4b0  Image.o [1]
    .bss               zero     0x1fff9e0c     0x4  Image.o [1]
    .bss               zero     0x1fff9e10     0x4  Image.o [1]
    .bss               zero     0x1fff9e14     0x4  Image.o [1]
    .bss               zero     0x1fff9e18     0x4  Image.o [1]
    .bss               zero     0x1fff9e1c   0x4b0  main.o [1]
    .bss               zero     0x1fffa2cc     0x4  main.o [1]
    .bss               zero     0x1fffa2d0     0x4  main.o [1]
    .bss               zero     0x1fffa2d4     0x4  main.o [1]
    .bss               zero     0x1fffa2d8     0x4  main.o [1]
    .bss               zero     0x1fffa2dc     0x4  main.o [1]
    .bss               zero     0x1fffa2e0     0xc  main.o [1]
    .bss               zero     0x1fffa2ec     0xc  main.o [1]
    .bss               zero     0x1fffa2f8     0xc  main.o [1]
    .bss               zero     0x1fffa304     0x4  main.o [1]
    .bss               zero     0x1fffa308     0x4  main.o [1]
    .bss               zero     0x1fffa30c     0x4  main.o [1]
    .bss               zero     0x1fffa310     0x4  main.o [1]
    .bss               zero     0x1fffa314    0x10  MK60_ftm.o [1]
    .bss               zero     0x1fffa324     0x4  system_MK60DZ10.o [1]
    .bss               zero     0x1fffa328     0x4  system_MK60DZ10.o [1]
    .bss               zero     0x1fffa32c     0x4  system_MK60DZ10.o [1]
    .bss               zero     0x1fffa330     0x4  VCAN_OV7725_Eagle.o [1]
    .bss               zero     0x1fffa334    0x50  xfiles.o [3]
    .bss               zero     0x1fffa384     0x2  main.o [1]
    .bss               zero     0x1fffa386     0x2  main.o [1]
    .bss               zero     0x1fffa388     0x1  CarControl.o [1]
    .bss               zero     0x1fffa389     0x1  Image.o [1]
    .bss               zero     0x1fffa38a     0x1  Image.o [1]
    .bss               zero     0x1fffa38b     0x1  main.o [1]
    .bss               zero     0x1fffa38c     0x1  main.o [1]
    .bss               zero     0x1fffa38d     0x1  main.o [1]
    .bss               zero     0x1fffa38e     0x1  main.o [1]
    .bss               zero     0x1fffa38f     0x1  VCAN_LCD_ST7735S.o [1]
  P2 s0                         0x1fffa390    0x8c  <Init block>
    __DLIB_PERTHREAD   inited   0x1fffa390    0x88  localeconv.o [3]
    __DLIB_PERTHREAD   inited   0x1fffa418     0x4  errno.o [3]
                              - 0x1fffa41c  0xa00c


*******************************************************************************
*** INIT TABLE
***

          Address     Size
          -------     ----
Zero (__iar_zero_init3)
    1 destination range, total size 0x8fc8:
          0x1fff13c8  0x8fc8



*******************************************************************************
*** MODULE SUMMARY
***

    Module                 ro code  rw code  ro data  rw data
    ------                 -------  -------  -------  -------
D:\VS程序\Freescale\光电直立校正版\Prj\IAR\FN15_Debug\Obj: [1]
    CarControl.o               408                        109
    Gyro.o                     640                12       52
    Image.o                 11 372                36   35 302
    MK60_PIT.o                 124                56
    MK60_SysTick.o             100                60
    MK60_adc.o                 696                64        8
    MK60_conf.o                320             1 948    1 800
    MK60_dma.o                 644                56
    MK60_flash.o                        400      456
    MK60_ftm.o               1 504                72       32
    MK60_gpio.o                420                76       20
    MK60_mcg.o                 980       80      172       92
    MK60_port.o                176                20       20
    MK60_uart.o                584                80       24
    MK60_wdog.o                 64
    PID.o                      156
    VCAN_ASCII.o                               1 536
    VCAN_LCD.o               1 508                16
    VCAN_LCD_ST7735S.o       7 212                68        5
    VCAN_LED.o                 172                 4        4
    VCAN_OV7725_Eagle.o        564               277      106
    VCAN_SCCB.o                866
    VCAN_camera.o              148                 2
    VCAN_key.o                 156                 8        8
    main.o                   3 656             1 312    2 589
    map.o                                     19 320
    misc.o                      80                52
    motor.o                    224
    startup_MK60DZ10.o           8
    system_MK60DZ10.o          320                         12
    vectors.o                                  1 040
    ---------------------------------------------------------
    Total:                  33 102      480   26 743   40 183

command line: [2]
    ---------------------------------------------------------
    Total:

dl7M_tlf.a: [3]
    abs.o                        8
    div.o                       14
    errno.o                     12                 4        4
    exit.o                       4
    localeconv.o               108               136      136
    low_level_init.o             4
    printf.o                    36
    putchar.o                   12
    xfiles.o                                      67      144
    xprintflarge_nomb.o      3 054
    xprout.o                    22
    xtls.o                       2
    ---------------------------------------------------------
    Total:                   3 276               207      284

m7M_tls.a: [4]
    DblAdd.o                   232
    DblCmpLe.o                  46
    DblDiv.o                   582
    DblMul.o                   418
    DblSub.o                   384
    DblToFlt.o                 144
    DblToI32.o                  88
    FltToDbl.o                  78
    I32ToDbl.o                  48
    fpinit_M.o                  34
    sqrt.o                     256
    xdnorm.o                    66
    ---------------------------------------------------------
    Total:                   2 376

rt7M_tl.a: [5]
    ABImemcpy_unaligned.o      118
    ABImemset.o                102
    I64DivMod.o                238
    I64DivZer.o                  2
    XXexit.o                    12
    cexit.o                     10
    cmain.o                     26
    cstartup_M.o                12
    data_init.o                 40
    iarEdom.o                   12
    memchr.o                    88
    strchr.o                    22
    strlen.o                    54
    zero_init3.o                34
    ---------------------------------------------------------
    Total:                     770

    Gaps                        26                 4        9
    Linker created              24       16       32
-------------------------------------------------------------
    Grand Total:            39 574      496   26 986   40 476


*******************************************************************************
*** ENTRY LIST
***

Entry                      Address    Size  Type      Object
-----                      -------    ----  ----      ------
.bss$$Base              0x1fff13c8           --   Gb  - Linker created -
.bss$$Limit             0x1fffa390           --   Gb  - Linker created -
.data$$Base             0x1fff0410           --   Gb  - Linker created -
.data$$Limit            0x1fff11d8           --   Gb  - Linker created -
.data_init$$Base        0x0000e398           --   Gb  - Linker created -
.data_init$$Limit       0x0000f160           --   Gb  - Linker created -
?main                   0x000102a1          Code  Gb  cmain.o [5]
A                       0x1fff8f60     0x4  Data  Gb  Image.o [1]
AAGAFilter              0x0000044b    0x60  Code  Gb  Image.o [1]
AB                      0x1fff8f6c     0x4  Data  Gb  Image.o [1]
ADCN                    0x1fff0960     0x8  Data  Gb  MK60_adc.o [1]
ASSERT_FAILED_STR       0x000101c0    0x24  Data  Gb  MK60_conf.o [1]
Acc_Offset              0x1fff144c     0x4  Data  Gb  Gyro.o [1]
Acc_Smp                 0x1fff1434     0x4  Data  Gb  Gyro.o [1]
AllInit                 0x0000bdbf    0x86  Code  Gb  main.o [1]
Angle                   0x1fff1444     0x4  Data  Gb  Gyro.o [1]
AngleAcceleArry         0x1fffa2f8     0xc  Data  Gb  main.o [1]
AngleAcceleration_AD    0x0000cdeb    0x42  Code  Gb  Gyro.o [1]
Angle_Smp               0x1fff143c     0x4  Data  Gb  Gyro.o [1]
Angle_dot               0x1fff1448     0x4  Data  Gb  Gyro.o [1]
Angle_dot_Smp           0x1fff1440     0x4  Data  Gb  Gyro.o [1]
ArraySetValue           0x00000419    0x32  Code  Gb  Image.o [1]
BC                      0x1fff8f68     0x4  Data  Gb  Image.o [1]
BLength                 0x1fff94ac   0x4b0  Data  Gb  Image.o [1]
BlockFlag               0x1fff8f7c     0x4  Data  Gb  Image.o [1]
Block_Judge             0x000025cd   0x17c  Code  Gb  Image.o [1]
C                       0x1fff8f64     0x4  Data  Gb  Image.o [1]
CalculateLeadLine       0x00000d25   0x6de  Code  Gb  Image.o [1]
CarGo                   0x1fffa2d0     0x4  Data  Gb  main.o [1]
CarInit                 0x0000cbf1    0x72  Code  Gb  CarControl.o [1]
CarRate                 0x1fffa2cc     0x4  Data  Gb  main.o [1]
CarSpeed                0x1fff1430     0x4  Data  Gb  CarControl.o [1]
CarStop                 0x1fffa30c     0x4  Data  Gb  main.o [1]
Car_Info                0x1fff13c8    0x30  Data  Gb  CarControl.o [1]
CarpetSearch            0x00001599    0xac  Code  Gb  Image.o [1]
CarpetSearch2           0x000024d1    0xe2  Code  Gb  Image.o [1]
CodeRelocate$$Base      0x0000fb3c           --   Gb  - Linker created -
CodeRelocate$$Limit     0x0000fd2c           --   Gb  - Linker created -
CodeRelocateRam$$Base   0x1fff11d8           --   Gb  - Linker created -
CodeRelocateRam$$Limit  0x1fff13c8           --   Gb  - Linker created -
Complement_Filter_Ex    0x0000cf1d    0x86  Code  Gb  Gyro.o [1]
CompleteLine            0x00000bd1   0x116  Code  Gb  Image.o [1]
ConGraph                0x1fff39dc   0x4b0  Data  Gb  Image.o [1]
CrossMakeUpLine         0x00002345    0xd8  Code  Gb  Image.o [1]
CrossRecognize          0x00001671   0x5ac  Code  Gb  Image.o [1]
Cuvre                   0x1fff41c0    0x10  Data  Gb  Image.o [1]
CuvreControl            0x00002425    0xa0  Code  Gb  Image.o [1]
DFS                     0x00001409   0x100  Code  Gb  Image.o [1]
DMA0_IRQHandler         0x0000c3f9     0x8  Code  Gb  main.o [1]
DirKd                   0x1fff092c     0x4  Data  Gb  main.o [1]
DirKp                   0x1fff0924     0x4  Data  Gb  main.o [1]
DirKp2                  0x1fff0928     0x4  Data  Gb  main.o [1]
DirPID                  0x1fff1414    0x1c  Data  Gb  CarControl.o [1]
DirSetPoint             0x1fff0930     0x4  Data  Gb  main.o [1]
EX_Angle                0x1fff1454     0x4  Data  Gb  Gyro.o [1]
EX_DeltaAngle           0x1fff1458     0x4  Data  Gb  Gyro.o [1]
EX_GravityAdjustTime    0x1fff0410     0x4  Data  Gb  Gyro.o [1]
EX_angle_k              0x1fff0414     0x4  Data  Gb  Gyro.o [1]
EX_gyro_k               0x1fff0418     0x4  Data  Gb  Gyro.o [1]
EdgeTrace               0x00000a13   0x1be  Code  Gb  Image.o [1]
FTMN                    0x1fff1070    0x10  Data  Gb  MK60_ftm.o [1]
FTM_port_mux            0x0000d5a1   0x1ac  Code  Lc  MK60_ftm.o [1]
GPIOX                   0x1fff1080    0x14  Data  Gb  MK60_gpio.o [1]
GetBiasDownRAngle       0x00001c1d    0x5a  Code  Gb  Image.o [1]
GetBiasUpRAngle         0x00001c77    0x5a  Code  Gb  Image.o [1]
GetLSMatchingLine       0x00001cd1    0xb2  Code  Gb  Image.o [1]
GetStraightDownRAngle   0x0000215b    0xdc  Code  Gb  Image.o [1]
GetStraightUpRAngle     0x0000223d   0x104  Code  Gb  Image.o [1]
GyroInit                0x0000cd89    0x28  Code  Gb  Gyro.o [1]
Gyro_Offset             0x1fff1450     0x4  Data  Gb  Gyro.o [1]
Gyro_Smp                0x1fff1438     0x4  Data  Gb  Gyro.o [1]
HighSpeed               0x1fff0934     0x4  Data  Gb  main.o [1]
ImageBuffer2            0x1fff145c  0x2580  Data  Gb  Image.o [1]
IsConnect               0x1fff3e8c    0x3c  Data  Gb  Image.o [1]
JudgeCounter            0x1fff9e0c     0x4  Data  Gb  Image.o [1]
JudgeLineType           0x00001d85    0xfc  Code  Gb  Image.o [1]
JudgeMode               0x1fff8f80     0x4  Data  Gb  Image.o [1]
KEY_PTxn                0x1fff111c     0x8  Data  Gb  VCAN_key.o [1]
KeyFree                 0x1fffa38b     0x1  Data  Gb  main.o [1]
LCDShowMode             0x1fffa38d     0x1  Data  Gb  main.o [1]
LCD_Img_gray_Z          0x00003ddf   0x13c  Code  Gb  VCAN_LCD.o [1]
LCD_ST7735S_dir         0x00005383   0xa0c  Code  Gb  VCAN_LCD_ST7735S.o [1]
LCD_ST7735S_init        0x000043c5   0xfbe  Code  Gb  VCAN_LCD_ST7735S.o [1]
LCD_ST7735S_ptlon       0x00005da5   0x21c  Code  Gb  VCAN_LCD_ST7735S.o [1]
LCD_char                0x00003b43   0x19e  Code  Gb  VCAN_LCD.o [1]
LCD_clear               0x00003a5d    0x28  Code  Gb  VCAN_LCD.o [1]
LCD_init                0x00003961    0x2c  Code  Gb  VCAN_LCD.o [1]
LCD_line_display        0x00002e2d   0x1ce  Code  Gb  Image.o [1]
LCD_num_BC              0x00003ce1    0xfe  Code  Gb  VCAN_LCD.o [1]
LCD_point               0x00003a85    0xbe  Code  Gb  VCAN_LCD.o [1]
LCD_rectangle           0x0000398d    0xd0  Code  Gb  VCAN_LCD.o [1]
LED_PTxn                0x1fff1128     0x4  Data  Gb  VCAN_LED.o [1]
LPulseSum               0x1fffa384     0x2  Data  Gb  main.o [1]
LeftJump                0x0000154f    0x4a  Code  Gb  Image.o [1]
LineType                0x1fff3ee4     0x4  Data  Gb  Image.o [1]
LoadInt                 0x00006933    0x6e  Code  Lc  xprintflarge_nomb.o [3]
LocPID_Calc             0x0000dddf    0x78  Code  Gb  PID.o [1]
Lpulse                  0x1fffa2d8     0x4  Data  Gb  main.o [1]
MAX_HORLINE_LENGTH      0x1fff043c     0x4  Data  Gb  Image.o [1]
MAX_STRAIGHT_AREA       0x1fff0434     0x4  Data  Gb  Image.o [1]
MIN_CON_POINT           0x1fff0438     0x4  Data  Gb  Image.o [1]
NVIC_DisableIRQ         0x0000d01d    0x14  Code  Lc  VCAN_OV7725_Eagle.o [1]
NVIC_EnableIRQ          0x0000bda9    0x16  Code  Lc  main.o [1]
NVIC_EnableIRQ          0x0000d009    0x14  Code  Lc  VCAN_OV7725_Eagle.o [1]
NVIC_SystemReset        0x000040e1    0x1a  Code  Lc  MK60_conf.o [1]
PID_Init                0x0000ddc1    0x1e  Code  Gb  PID.o [1]
PIT0InteruptEventCount  0x1fffa2dc     0x4  Data  Gb  main.o [1]
PIT0_IRQHandler         0x0000c155   0x262  Code  Gb  main.o [1]
PORTA_IRQHandler        0x0000c3b9    0x30  Code  Gb  main.o [1]
PORTX                   0x1fff10f0    0x14  Data  Gb  MK60_port.o [1]
ParameterSet            0x0000c401   0x6f6  Code  Gb  main.o [1]
Parameters_Init         0x0000cdb1    0x3a  Code  Gb  Gyro.o [1]
RPulseSum               0x1fffa386     0x2  Data  Gb  main.o [1]
ReadSensorData          0x0000ce2d    0xf0  Code  Gb  Gyro.o [1]
RecordBWChange          0x000004ab    0xe2  Code  Gb  Image.o [1]
Region$$Table$$Base     0x00010250           --   Gb  - Linker created -
Region$$Table$$Limit    0x00010260           --   Gb  - Linker created -
Reset_Handler           0x00000411          Code  Gb  startup_MK60DZ10.o [1]
ReverseSearchLine       0x00001e91   0x2ca  Code  Gb  Image.o [1]
RightJump               0x00001509    0x46  Code  Gb  Image.o [1]
RoadMode                0x1fffa308     0x4  Data  Gb  main.o [1]
Rpulse                  0x1fffa2d4     0x4  Data  Gb  main.o [1]
SCCB_Ack                0x0000d311    0x3c  Code  Lc  VCAN_SCCB.o [1]
SCCB_GPIO_init          0x0000d257    0x28  Code  Gb  VCAN_SCCB.o [1]
SCCB_NoAck              0x0000d34d    0x3c  Code  Lc  VCAN_SCCB.o [1]
SCCB_ReadByte           0x0000d4ed    0x2c  Code  Gb  VCAN_SCCB.o [1]
SCCB_ReadByte_one       0x0000d519    0x86  Code  Lc  VCAN_SCCB.o [1]
SCCB_ReceiveByte        0x0000d419    0x54  Code  Lc  VCAN_SCCB.o [1]
SCCB_SendByte           0x0000d3d5    0x44  Code  Lc  VCAN_SCCB.o [1]
SCCB_Start              0x0000d27f    0x5e  Code  Lc  VCAN_SCCB.o [1]
SCCB_Stop               0x0000d2dd    0x34  Code  Lc  VCAN_SCCB.o [1]
SCCB_WaitAck            0x0000d389    0x4c  Code  Lc  VCAN_SCCB.o [1]
SCCB_WriteByte          0x0000d47d    0x28  Code  Gb  VCAN_SCCB.o [1]
SCCB_WriteByte_one      0x0000d4a5    0x48  Code  Lc  VCAN_SCCB.o [1]
SCCB_delay              0x0000d23d    0x1a  Code  Lc  VCAN_SCCB.o [1]
ST7735S_get_h           0x00005fc1     0x6  Code  Gb  VCAN_LCD_ST7735S.o [1]
ST7735S_get_w           0x00005fc7     0x6  Code  Gb  VCAN_LCD_ST7735S.o [1]
STOP                    0x1fffa38a     0x1  Data  Gb  Image.o [1]
SearchBaseLines         0x0000058d   0x486  Code  Gb  Image.o [1]
SpeedChange             0x1fffa310     0x4  Data  Gb  main.o [1]
SpeedControl            0x0000cccb    0x6c  Code  Gb  CarControl.o [1]
SpeedControlPeriod      0x1fffa38e     0x1  Data  Gb  main.o [1]
SpeedKi                 0x1fff0920     0x4  Data  Gb  main.o [1]
SpeedKp                 0x1fff091c     0x4  Data  Gb  main.o [1]
SpeedPID                0x1fff13f8    0x1c  Data  Gb  CarControl.o [1]
Stopt                   0x1fffa304     0x4  Data  Gb  main.o [1]
Straigth                0x0000cc63    0x68  Code  Gb  CarControl.o [1]
T                       0x1fff8f70     0x4  Data  Gb  Image.o [1]
UARTN                   0x1fff1104    0x18  Data  Gb  MK60_uart.o [1]
Upright_Kd              0x1fff0908    0x14  Data  Gb  main.o [1]
Upright_Kp              0x1fff08f4    0x14  Data  Gb  main.o [1]
WIDTH                   0x1fff0420     0x4  Data  Gb  Image.o [1]
WLength                 0x1fff8ffc   0x4b0  Data  Gb  Image.o [1]
WMid                    0x1fff995c   0x4b0  Data  Gb  Image.o [1]
X                       0x1fff8f74     0x4  Data  Gb  Image.o [1]
ZebraLineFlag           0x1fff8f78     0x4  Data  Gb  Image.o [1]
_GenldLargeNoMb         0x00006d29   0x236  Code  Lc  xprintflarge_nomb.o [3]
_LdtobLargeNoMb         0x00006aa9   0x27a  Code  Lc  xprintflarge_nomb.o [3]
_LitobLargeNoMb         0x000069a1   0x106  Code  Lc  xprintflarge_nomb.o [3]
_Locale_aeabi_lconv     0x1fffa3e0    0x38  Data  Gb  localeconv.o [3]
_Locale_lconv           0x1fffa390    0x50  Data  Gb  localeconv.o [3]
_PrintfLargeNoMb        0x000063b9   0x574  Code  Gb  xprintflarge_nomb.o [3]
_Prout                  0x0001030d    0x16  Code  Gb  xprout.o [3]
_PutcharsLargeNoMb      0x00006f5f    0x2e  Code  Lc  xprintflarge_nomb.o [3]
__BOOT_STACK_ADDRESS {Abs}
                        0x2000fff8           --   Gb  command line/config [2]
__VECTOR_RAM {Abs}      0x1fff0000           --   Gb  command line/config [2]
__VECTOR_TABLE {Abs}    0x00000000           --   Gb  command line/config [2]
__aeabi_cdcmple         0x000071f9          Code  Gb  DblCmpLe.o [4]
__aeabi_d2f             0x000034b5          Code  Gb  DblToFlt.o [4]
__aeabi_d2iz            0x000031dd          Code  Gb  DblToI32.o [4]
__aeabi_d2uiz           0x00003209          Code  Gb  DblToI32.o [4]
__aeabi_dadd            0x000030f5          Code  Gb  DblAdd.o [4]
__aeabi_ddiv            0x0000326d          Code  Gb  DblDiv.o [4]
__aeabi_dmul            0x00003645          Code  Gb  DblMul.o [4]
__aeabi_dsub            0x00003f45          Code  Gb  DblSub.o [4]
__aeabi_errno_addr      0x00005ff1     0x6  Code  Gb  errno.o [3]
__aeabi_f2d             0x00003085          Code  Gb  FltToDbl.o [4]
__aeabi_i2d             0x0000323d          Code  Gb  I32ToDbl.o [4]
__aeabi_ldiv0           0x000072a5          Code  Gb  I64DivZer.o [5]
__aeabi_memset          0x000037e9          Code  Gb  ABImemset.o [5]
__aeabi_ui2d            0x00003251          Code  Gb  I32ToDbl.o [4]
__aeabi_uldivmod        0x00007051          Code  Gb  I64DivMod.o [5]
__cmain                 0x000102a1          Code  Gb  cmain.o [5]
__code_start__ {Abs}    0x00000410           --   Gb  command line/config [2]
__exit                  0x000102d1          Code  Gb  XXexit.o [5]
__iar_Dnorm             0x000071b7    0x42  Code  Gb  xdnorm.o [4]
__iar_Errno             0x1fffa418     0x4  Data  Gb  errno.o [3]
__iar_Locale_lconv_init
                        0x00007229    0x3a  Code  Gb  localeconv.o [3]
__iar_Memchr            0x00006ff9          Code  Gb  memchr.o [5]
__iar_Memset            0x000037e9          Code  Gb  ABImemset.o [5]
__iar_Memset_word       0x000037f1          Code  Gb  ABImemset.o [5]
__iar_Stdout            0x1fff1198    0x40  Data  Gb  xfiles.o [3]
__iar_Strchr            0x00006fa9          Code  Gb  strchr.o [5]
__iar_d2uiz             0x00003215          Code  Gb  DblToI32.o [4]
__iar_dadd              0x00003109          Code  Gb  DblAdd.o [4]
__iar_data_init3        0x00010199    0x28  Code  Gb  data_init.o [5]
__iar_dlib_perthread_access
                        0x000063b5     0x2  Code  Gb  xtls.o [3]
__iar_dsub              0x00003f59          Code  Gb  DblSub.o [4]
__iar_dsubStart         0x00003f6b          Code  Gb  DblSub.o [4]
__iar_edom              0x000040c5          Code  Gb  iarEdom.o [5]
__iar_init_vfp          0x0001022d          Code  Gb  fpinit_M.o [4]
__iar_program_start     0x00010359          Code  Gb  cstartup_M.o [5]
__iar_sqrt              0x00003555          Code  Gb  sqrt.o [4]
__iar_ui2d              0x00003255          Code  Gb  I32ToDbl.o [4]
__iar_unaligned___aeabi_memcpy
                        0x00007141          Code  Gb  ABImemcpy_unaligned.o [5]
__iar_unaligned___aeabi_memcpy4
                        0x00007161          Code  Gb  ABImemcpy_unaligned.o [5]
__iar_unaligned___aeabi_memcpy8
                        0x00007161          Code  Gb  ABImemcpy_unaligned.o [5]
__iar_vfp_sqrt          0x00003545          Code  Gb  sqrt.o [4]
__iar_vfp_sqrtl         0x00003545          Code  Gb  sqrt.o [4]
__iar_zero_init3        0x000030d3    0x22  Code  Gb  zero_init3.o [5]
__low_level_init        0x000102bb     0x4  Code  Gb  low_level_init.o [3]
__vector_table          0x00000000   0x410  Data  Gb  vectors.o [1]
_call_main              0x000102ad          Code  Gb  cmain.o [5]
_exit                   0x000102c5          Code  Gb  cexit.o [5]
_main                   0x000102b7          Code  Gb  cmain.o [5]
abs                     0x00003235     0x8  Code  Gb  abs.o [3]
acc_init                0x1fffa2e0     0xc  Data  Gb  main.o [1]
adc_init                0x0000de5d   0x20e  Code  Gb  MK60_adc.o [1]
adc_once                0x0000e06b    0x50  Code  Gb  MK60_adc.o [1]
adc_start               0x0000e0bb    0x44  Code  Lc  MK60_adc.o [1]
ascii_8x16              0x0000f160   0x600  Data  Gb  VCAN_ASCII.o [1]
assert_failed           0x000040fb    0x26  Code  Gb  MK60_conf.o [1]
block_hang              0x1fff40c8     0x4  Data  Gb  Image.o [1]
bus_clk_khz             0x1fffa32c     0x4  Data  Gb  system_MK60DZ10.o [1]
common_startup          0x0000fd97    0x98  Code  Gb  system_MK60DZ10.o [1]
core_clk_khz            0x1fffa324     0x4  Data  Gb  system_MK60DZ10.o [1]
core_clk_mhz            0x1fffa328     0x4  Data  Gb  system_MK60DZ10.o [1]
default_isr             0x000041cf    0x30  Code  Gb  MK60_conf.o [1]
div                     0x00007295     0xe  Code  Gb  div.o [3]
dma_gpio_input_init     0x0000e115    0x5c  Code  Lc  MK60_dma.o [1]
dma_portx2buff_init     0x0000e171   0x1f4  Code  Gb  MK60_dma.o [1]
exit                    0x000102bf     0x4  Code  Gb  exit.o [3]
flash_cmd               0x1fff11e9    0x20  Code  Gb  MK60_flash.o [1]
flash_erase_sector      0x1fff122d    0x5c  Code  Gb  MK60_flash.o [1]
flash_init              0x1fff1209    0x24  Code  Gb  MK60_flash.o [1]
flash_write             0x1fff1289    0xb4  Code  Gb  MK60_flash.o [1]
fputc                   0x00004121    0x14  Code  Gb  MK60_conf.o [1]
ftm_mod                 0x1fffa314    0x10  Data  Lc  MK60_ftm.o [1]
ftm_pwm_duty            0x0000d8f9   0x112  Code  Gb  MK60_ftm.o [1]
ftm_pwm_init            0x0000d74d   0x1ac  Code  Gb  MK60_ftm.o [1]
ftm_quad_clean          0x0000db3d    0x28  Code  Gb  MK60_ftm.o [1]
ftm_quad_get            0x0000db11    0x2c  Code  Gb  MK60_ftm.o [1]
ftm_quad_init           0x0000da0b   0x106  Code  Gb  MK60_ftm.o [1]
gpio_get                0x0000437d    0x3e  Code  Gb  MK60_gpio.o [1]
gpio_init               0x00004221    0xae  Code  Gb  MK60_gpio.o [1]
gpio_set                0x000042cf    0x74  Code  Gb  MK60_gpio.o [1]
gpio_turn               0x00004343    0x3a  Code  Gb  MK60_gpio.o [1]
gyro_init               0x1fffa2ec     0xc  Data  Gb  main.o [1]
half                    0x1fff9e18     0x4  Data  Gb  Image.o [1]
huan_sign               0x1fff3ec8     0x4  Data  Gb  Image.o [1]
imageProcess            0x0000274d   0x326  Code  Gb  Image.o [1]
img                     0x1fff9e1c   0x4b0  Data  Gb  main.o [1]
img_extract             0x0000dd2d    0x94  Code  Gb  VCAN_camera.o [1]
imgbuff                 0x1fff0444   0x4b0  Data  Gb  main.o [1]
imgsize                 0x1fff0954     0x4  Data  Gb  main.o [1]
judgebigring            0x00002a95   0x390  Code  Gb  Image.o [1]
key_check               0x000062d5    0x2a  Code  Gb  VCAN_key.o [1]
key_get                 0x000062bb    0x1a  Code  Gb  VCAN_key.o [1]
key_init                0x00006269    0x52  Code  Gb  VCAN_key.o [1]
leadLine                0x1fff40cc    0xf0  Data  Gb  Image.o [1]
leadYEnd                0x1fff3ee0     0x4  Data  Gb  Image.o [1]
leadYStart              0x1fff3edc     0x4  Data  Gb  Image.o [1]
leadlength              0x1fff41bc     0x4  Data  Gb  Image.o [1]
leadnum0                0x1fff9e10     0x4  Data  Gb  Image.o [1]
leadnumhalf             0x1fff9e14     0x4  Data  Gb  Image.o [1]
led                     0x000038ef    0x3c  Code  Gb  VCAN_LED.o [1]
led_init                0x000038b5    0x3a  Code  Gb  VCAN_LED.o [1]
led_turn                0x0000392b    0x32  Code  Gb  VCAN_LED.o [1]
leftEdge                0x0000feec    0x3c  Data  Gb  map.o [1]
leftHalf                0x1fff8cd0   0x140  Data  Gb  Image.o [1]
leftLine                0x1fff3ee8    0xf0  Data  Gb  Image.o [1]
leftYEnd                0x1fff3ed0     0x4  Data  Gb  Image.o [1]
leftYStart              0x1fff3ecc     0x4  Data  Gb  Image.o [1]
limit                   0x1fff0440     0x1  Data  Gb  main.o [1]
lineNum                 0x1fff8f84    0x78  Data  Gb  Image.o [1]
localeconv              0x00007263    0x16  Code  Gb  localeconv.o [3]
ls                      0x1fff8f50     0x8  Data  Gb  Image.o [1]
main                    0x0000be45   0x310  Code  Gb  main.o [1]
mapX                    0x00009828  0x2580  Data  Gb  map.o [1]
mapY                    0x000072a8  0x2580  Data  Gb  map.o [1]
mcg_cfg                 0x1fff1094    0x58  Data  Gb  MK60_mcg.o [1]
mcg_div                 0x1fff10ec     0x4  Data  Gb  MK60_mcg.o [1]
mcg_div_count           0x0000f769   0x304  Code  Gb  MK60_mcg.o [1]
memchr                  0x00006ff9          Code  Gb  memchr.o [5]
midpoint_before         0x1fff0424     0x4  Data  Gb  Image.o [1]
midpoint_before_E       0x1fff0428     0x4  Data  Gb  Image.o [1]
modle_key               0x1fffa38c     0x1  Data  Gb  main.o [1]
motor_control           0x0000dbbd    0xa0  Code  Gb  motor.o [1]
motor_init              0x0000db81    0x3c  Code  Gb  motor.o [1]
obuf                    0x1fffa334    0x50  Data  Lc  xfiles.o [3]
ov7725_eagle_cfgnum     0x1fff1194     0x1  Data  Gb  VCAN_OV7725_Eagle.o [1]
ov7725_eagle_dma        0x0000d0e9    0x14  Code  Gb  VCAN_OV7725_Eagle.o [1]
ov7725_eagle_get_img    0x0000d0fd    0x42  Code  Gb  VCAN_OV7725_Eagle.o [1]
ov7725_eagle_img_buff   0x1fffa330     0x4  Data  Gb  VCAN_OV7725_Eagle.o [1]
ov7725_eagle_img_flag   0x1fff112c     0x1  Data  Gb  VCAN_OV7725_Eagle.o [1]
ov7725_eagle_init       0x0000d031    0x18  Code  Gb  VCAN_OV7725_Eagle.o [1]
ov7725_eagle_port_init  0x0000d049    0x54  Code  Lc  VCAN_OV7725_Eagle.o [1]
ov7725_eagle_reg        0x1fff1130    0x64  Data  Gb  VCAN_OV7725_Eagle.o [1]
ov7725_eagle_reg_init   0x0000d13f    0xb0  Code  Lc  VCAN_OV7725_Eagle.o [1]
ov7725_eagle_vsync      0x0000d09d    0x4c  Code  Gb  VCAN_OV7725_Eagle.o [1]
p1                      0x1fff042c     0x4  Data  Gb  Image.o [1]
p2                      0x1fff0430     0x4  Data  Gb  Image.o [1]
pProcess                0x1fff041c     0x4  Data  Gb  Image.o [1]
pit_init                0x0000dcb1    0x6c  Code  Gb  MK60_PIT.o [1]
pll_init                0x0000fa6d    0xb2  Code  Gb  MK60_mcg.o [1]
port_init               0x00006305    0x44  Code  Gb  MK60_port.o [1]
port_init_NoALT         0x00006349    0x62  Code  Gb  MK60_port.o [1]
printf                  0x00005ffd    0x24  Code  Gb  printf.o [3]
processBuf1             0x1fff41d0  0x2580  Data  Gb  Image.o [1]
processBuf2             0x1fff6750  0x2580  Data  Gb  Image.o [1]
putchar                 0x00010325     0xc  Code  Gb  putchar.o [3]
rightEdge               0x0000ff28    0x3c  Data  Gb  map.o [1]
rightHalf               0x1fff8e10   0x140  Data  Gb  Image.o [1]
rightLine               0x1fff3fd8    0xf0  Data  Gb  Image.o [1]
rightYEnd               0x1fff3ed8     0x4  Data  Gb  Image.o [1]
rightYStart             0x1fff3ed4     0x4  Data  Gb  Image.o [1]
set_sys_dividers        0x1fff1379    0x50  Code  Gb  MK60_mcg.o [1]
set_vector_handler      0x0000dc83    0x22  Code  Gb  misc.o [1]
site2                   0x1fff0950     0x4  Data  Gb  main.o [1]
site_1                  0x1fff095c     0x4  Data  Gb  main.o [1]
site_x_1                0x1fff0938     0x4  Data  Gb  main.o [1]
site_x_2                0x1fff0944     0x4  Data  Gb  main.o [1]
site_y_1                0x1fff093c     0x4  Data  Gb  main.o [1]
site_y_2                0x1fff0948     0x4  Data  Gb  main.o [1]
site_z_1                0x1fff0940     0x4  Data  Gb  main.o [1]
site_z_2                0x1fff094c     0x4  Data  Gb  main.o [1]
size_2                  0x1fff0958     0x4  Data  Gb  main.o [1]
sqrt                    0x00003555          Code  Gb  sqrt.o [4]
sqrtl                   0x00003555          Code  Gb  sqrt.o [4]
st7735s_dir             0x1fffa38f     0x1  Data  Gb  VCAN_LCD_ST7735S.o [1]
st7735s_h               0x1fff1124     0x2  Data  Gb  VCAN_LCD_ST7735S.o [1]
st7735s_w               0x1fff1126     0x2  Data  Gb  VCAN_LCD_ST7735S.o [1]
start                   0x0000fd2d    0x2e  Code  Gb  system_MK60DZ10.o [1]
start_check             0x00004135    0x9a  Code  Gb  MK60_conf.o [1]
strchr                  0x00006fa9          Code  Gb  strchr.o [5]
strlen                  0x00006fc1          Code  Gb  strlen.o [5]
sysinit                 0x0000fd5b    0x3c  Code  Gb  system_MK60DZ10.o [1]
systick_delay           0x00003851    0x36  Code  Gb  MK60_SysTick.o [1]
systick_delay_ms        0x00003887    0x18  Code  Gb  MK60_SysTick.o [1]
t                       0x1fffa388     0x1  Data  Gb  CarControl.o [1]
uart_init               0x00006021   0x214  Code  Gb  MK60_uart.o [1]
uart_putchar            0x00006235    0x1a  Code  Gb  MK60_uart.o [1]
vector_str              0x1fff0968   0x708  Data  Gb  MK60_conf.o [1]
wdog_disable            0x0000fe6d    0x16  Code  Gb  MK60_wdog.o [1]
wdog_unlock             0x0000fe83    0x20  Code  Lc  MK60_wdog.o [1]
write_vtor              0x0000dc61    0x22  Code  Gb  misc.o [1]
ys                      0x1fff8f58     0x8  Data  Gb  Image.o [1]
zhuantou                0x1fffa389     0x1  Data  Gb  Image.o [1]


[1] = D:\VS程序\Freescale\光电直立校正版\Prj\IAR\FN15_Debug\Obj
[2] = command line
[3] = dl7M_tlf.a
[4] = m7M_tls.a
[5] = rt7M_tl.a

  39 574 bytes of readonly  code memory
     496 bytes of readwrite code memory
  26 986 bytes of readonly  data memory
  40 476 bytes of readwrite data memory

Errors: none
Warnings: none
