###############################################################################
#
# IAR ELF Linker V7.30.3.8024/W32 for ARM                 09/Jul/2017  01:24:57
# Copyright 2007-2014 IAR Systems AB.
#
#    Output file  =  
#        D:\VS程序\Freescale\2017光电直立\Prj\IAR\FN15_Debug\Exe\vcan_Kinetis.out
#    Map file     =  
#        D:\VS程序\Freescale\2017光电直立\Prj\IAR\FN15_Debug\List\vcan_Kinetis.map
#    Command line =  
#        D:\VS程序\Freescale\2017光电直立\Prj\IAR\FN15_Debug\Obj\CarControl.o
#        D:\VS程序\Freescale\2017光电直立\Prj\IAR\FN15_Debug\Obj\diskio.o
#        D:\VS程序\Freescale\2017光电直立\Prj\IAR\FN15_Debug\Obj\ff.o
#        D:\VS程序\Freescale\2017光电直立\Prj\IAR\FN15_Debug\Obj\Gyro.o
#        D:\VS程序\Freescale\2017光电直立\Prj\IAR\FN15_Debug\Obj\Image.o
#        D:\VS程序\Freescale\2017光电直立\Prj\IAR\FN15_Debug\Obj\main.o
#        D:\VS程序\Freescale\2017光电直立\Prj\IAR\FN15_Debug\Obj\map.o
#        D:\VS程序\Freescale\2017光电直立\Prj\IAR\FN15_Debug\Obj\misc.o
#        D:\VS程序\Freescale\2017光电直立\Prj\IAR\FN15_Debug\Obj\MK60_adc.o
#        D:\VS程序\Freescale\2017光电直立\Prj\IAR\FN15_Debug\Obj\MK60_can.o
#        D:\VS程序\Freescale\2017光电直立\Prj\IAR\FN15_Debug\Obj\MK60_conf.o
#        D:\VS程序\Freescale\2017光电直立\Prj\IAR\FN15_Debug\Obj\MK60_dac.o
#        D:\VS程序\Freescale\2017光电直立\Prj\IAR\FN15_Debug\Obj\MK60_dma.o
#        D:\VS程序\Freescale\2017光电直立\Prj\IAR\FN15_Debug\Obj\MK60_DWT.o
#        D:\VS程序\Freescale\2017光电直立\Prj\IAR\FN15_Debug\Obj\MK60_flash.o
#        D:\VS程序\Freescale\2017光电直立\Prj\IAR\FN15_Debug\Obj\MK60_flexbus.o
#        D:\VS程序\Freescale\2017光电直立\Prj\IAR\FN15_Debug\Obj\MK60_ftm.o
#        D:\VS程序\Freescale\2017光电直立\Prj\IAR\FN15_Debug\Obj\MK60_gpio.o
#        D:\VS程序\Freescale\2017光电直立\Prj\IAR\FN15_Debug\Obj\MK60_i2c.o
#        D:\VS程序\Freescale\2017光电直立\Prj\IAR\FN15_Debug\Obj\MK60_it.o
#        D:\VS程序\Freescale\2017光电直立\Prj\IAR\FN15_Debug\Obj\MK60_lptmr.o
#        D:\VS程序\Freescale\2017光电直立\Prj\IAR\FN15_Debug\Obj\MK60_mcg.o
#        D:\VS程序\Freescale\2017光电直立\Prj\IAR\FN15_Debug\Obj\MK60_PIT.o
#        D:\VS程序\Freescale\2017光电直立\Prj\IAR\FN15_Debug\Obj\MK60_port.o
#        D:\VS程序\Freescale\2017光电直立\Prj\IAR\FN15_Debug\Obj\MK60_rtc.o
#        D:\VS程序\Freescale\2017光电直立\Prj\IAR\FN15_Debug\Obj\MK60_sdhc.o
#        D:\VS程序\Freescale\2017光电直立\Prj\IAR\FN15_Debug\Obj\MK60_spi.o
#        D:\VS程序\Freescale\2017光电直立\Prj\IAR\FN15_Debug\Obj\MK60_SysTick.o
#        D:\VS程序\Freescale\2017光电直立\Prj\IAR\FN15_Debug\Obj\MK60_uart.o
#        D:\VS程序\Freescale\2017光电直立\Prj\IAR\FN15_Debug\Obj\MK60_usb.o
#        D:\VS程序\Freescale\2017光电直立\Prj\IAR\FN15_Debug\Obj\MK60_wdog.o
#        D:\VS程序\Freescale\2017光电直立\Prj\IAR\FN15_Debug\Obj\motor.o
#        D:\VS程序\Freescale\2017光电直立\Prj\IAR\FN15_Debug\Obj\PID.o
#        D:\VS程序\Freescale\2017光电直立\Prj\IAR\FN15_Debug\Obj\startup_MK60DZ10.o
#        D:\VS程序\Freescale\2017光电直立\Prj\IAR\FN15_Debug\Obj\system_MK60DZ10.o
#        D:\VS程序\Freescale\2017光电直立\Prj\IAR\FN15_Debug\Obj\USB.o
#        D:\VS程序\Freescale\2017光电直立\Prj\IAR\FN15_Debug\Obj\USB_CDC.o
#        D:\VS程序\Freescale\2017光电直立\Prj\IAR\FN15_Debug\Obj\VCAN_ASCII.o
#        D:\VS程序\Freescale\2017光电直立\Prj\IAR\FN15_Debug\Obj\VCAN_BMP.o
#        D:\VS程序\Freescale\2017光电直立\Prj\IAR\FN15_Debug\Obj\VCAN_camera.o
#        D:\VS程序\Freescale\2017光电直立\Prj\IAR\FN15_Debug\Obj\VCAN_computer.o
#        D:\VS程序\Freescale\2017光电直立\Prj\IAR\FN15_Debug\Obj\vcan_img2sd.o
#        D:\VS程序\Freescale\2017光电直立\Prj\IAR\FN15_Debug\Obj\VCAN_key.o
#        D:\VS程序\Freescale\2017光电直立\Prj\IAR\FN15_Debug\Obj\VCAN_key_event.o
#        D:\VS程序\Freescale\2017光电直立\Prj\IAR\FN15_Debug\Obj\VCAN_LCD.o
#        D:\VS程序\Freescale\2017光电直立\Prj\IAR\FN15_Debug\Obj\VCAN_LCD_CH.o
#        D:\VS程序\Freescale\2017光电直立\Prj\IAR\FN15_Debug\Obj\VCAN_LCD_ILI9341.o
#        D:\VS程序\Freescale\2017光电直立\Prj\IAR\FN15_Debug\Obj\VCAN_LCD_ST7735R.o
#        D:\VS程序\Freescale\2017光电直立\Prj\IAR\FN15_Debug\Obj\VCAN_LCD_ST7735S.o
#        D:\VS程序\Freescale\2017光电直立\Prj\IAR\FN15_Debug\Obj\VCAN_LED.o
#        D:\VS程序\Freescale\2017光电直立\Prj\IAR\FN15_Debug\Obj\VCAN_MMA7455.o
#        D:\VS程序\Freescale\2017光电直立\Prj\IAR\FN15_Debug\Obj\VCAN_NRF24L0.o
#        D:\VS程序\Freescale\2017光电直立\Prj\IAR\FN15_Debug\Obj\VCAN_NRF24L0_MSG.o
#        D:\VS程序\Freescale\2017光电直立\Prj\IAR\FN15_Debug\Obj\VCAN_OV7725_Eagle.o
#        D:\VS程序\Freescale\2017光电直立\Prj\IAR\FN15_Debug\Obj\VCAN_OV7725_Wolf.o
#        D:\VS程序\Freescale\2017光电直立\Prj\IAR\FN15_Debug\Obj\VCAN_RTC_count.o
#        D:\VS程序\Freescale\2017光电直立\Prj\IAR\FN15_Debug\Obj\VCAN_SCCB.o
#        D:\VS程序\Freescale\2017光电直立\Prj\IAR\FN15_Debug\Obj\vcan_sd_app.o
#        D:\VS程序\Freescale\2017光电直立\Prj\IAR\FN15_Debug\Obj\Vcan_touch.o
#        D:\VS程序\Freescale\2017光电直立\Prj\IAR\FN15_Debug\Obj\VCAN_TSL1401.o
#        D:\VS程序\Freescale\2017光电直立\Prj\IAR\FN15_Debug\Obj\VCAN_UI_VAR.o
#        D:\VS程序\Freescale\2017光电直立\Prj\IAR\FN15_Debug\Obj\vectors.o
#        --redirect _Printf=_PrintfLargeNoMb --redirect _Scanf=_ScanfLargeNoMb
#        -o
#        D:\VS程序\Freescale\2017光电直立\Prj\IAR\FN15_Debug\Exe\vcan_Kinetis.out
#        --map
#        D:\VS程序\Freescale\2017光电直立\Prj\IAR\FN15_Debug\List\vcan_Kinetis.map
#        --config "D:\VS程序\Freescale\2017光电直立\Prj\IAR\config
#        files\vcan_ROM_K60N1M.icf"
#        D:\VS程序\Freescale\2017光电直立\Prj\IAR\..\..\Lib\CMSIS\iar_cortexM4l_math.a
#        --entry __iar_program_start --redirect __write=__write_buffered --vfe
#
###############################################################################

*******************************************************************************
*** RUNTIME MODEL ATTRIBUTES
***

CppFlavor       = *
__SystemLibrary = DLib


*******************************************************************************
*** PLACEMENT SUMMARY
***

"A1":  place at 0x00000000 { ro section .intvec };
"A2":  place at 0x00000410 { ro section .noinit };
"P1":  place in [from 0x00000000 to 0x00100000] { ro, block CodeRelocate };
"P2":  place in [from 0x1fff0410 to 0x20010000] {
          rw, block CodeRelocateRam, block CSTACK, block HEAP };

  Section              Kind        Address    Size  Object
  -------              ----        -------    ----  ------
"A1":                                        0x410
  .intvec              const    0x00000000   0x410  vectors.o [1]
                              - 0x00000410   0x410

"P1", part 1 of 2:                             0x0
  .rodata              const    0x00000410     0x0  zero_init3.o [5]

"A2":                                          0x8
  .noinit              ro code  0x00000410     0x8  startup_MK60DZ10.o [1]
                              - 0x00000418     0x8

"P1", part 2 of 2:                          0xf410
  .rodata              const    0x00000418  0x2580  map.o [1]
  .rodata              const    0x00002998  0x2580  map.o [1]
  .text                ro code  0x00004f18  0x1fa8  Image.o [1]
  .text                ro code  0x00006ec0    0x4e  FltToDbl.o [4]
  .text                ro code  0x00006f0e    0x22  zero_init3.o [5]
  .text                ro code  0x00006f30    0xe8  DblAdd.o [4]
  .text                ro code  0x00007018    0x58  DblToI32.o [4]
  .text                ro code  0x00007070    0x30  I32ToDbl.o [4]
  .text                ro code  0x000070a0   0x246  DblDiv.o [4]
  .rodata              const    0x000072e6     0x2  VCAN_camera.o [1]
  .text                ro code  0x000072e8    0x90  DblToFlt.o [4]
  .text                ro code  0x00007378   0x100  sqrt.o [4]
  .text                ro code  0x00007478   0x1a2  DblMul.o [4]
  .text                ro code  0x0000761a     0x8  abs.o [3]
  .rodata              const    0x00007622     0x2  VCAN_computer.o [1]
  .text                ro code  0x00007624   0x5e4  VCAN_LCD.o [1]
  .text                ro code  0x00007c08   0x180  DblSub.o [4]
  .text                ro code  0x00007d88     0xc  iarEdom.o [5]
  .text                ro code  0x00007d94  0x1c2c  VCAN_LCD_ST7735S.o [1]
  .text                ro code  0x000099c0     0xc  errno.o [3]
  .text                ro code  0x000099cc   0x1a4  MK60_gpio.o [1]
  .text                ro code  0x00009b70    0xb0  MK60_port.o [1]
  .text                ro code  0x00009c20    0x64  MK60_SysTick.o [1]
  Veneer               ro code  0x00009c84     0x8  - Linker created -
  Veneer               ro code  0x00009c8c     0x8  - Linker created -
  .text                ro code  0x00009c94   0x140  MK60_conf.o [1]
  .text                ro code  0x00009dd4     0x2  xtls.o [3]
  .rodata              const    0x00009dd6     0x2  VCAN_computer.o [1]
  .text                ro code  0x00009dd8    0x70  VCAN_LED.o [1]
  .text                ro code  0x00009e48    0x24  printf.o [3]
  .text                ro code  0x00009e6c   0x26c  MK60_uart.o [1]
  .text                ro code  0x0000a0d8    0x9c  VCAN_key.o [1]
  .text                ro code  0x0000a174   0xbee  xprintflarge_nomb.o [3]
  .text                ro code  0x0000ad64    0x16  strchr.o [5]
  .text                ro code  0x0000ad7c    0x36  strlen.o [5]
  .text                ro code  0x0000adb4    0x58  memchr.o [5]
  .text                ro code  0x0000ae0c    0xee  I64DivMod.o [5]
  .text                ro code  0x0000aefc    0x76  ABImemcpy_unaligned.o [5]
  .text                ro code  0x0000af72    0x42  xdnorm.o [4]
  .text                ro code  0x0000afb4    0x2e  DblCmpLe.o [4]
  .text                ro code  0x0000afe4    0x6c  localeconv.o [3]
  .text                ro code  0x0000b050     0xe  div.o [3]
  .text                ro code  0x0000b060     0x2  I64DivZer.o [5]
  .text                ro code  0x0000b064   0xf1c  main.o [1]
  .text                ro code  0x0000bf80   0x194  CarControl.o [1]
  .text                ro code  0x0000c114   0x280  Gyro.o [1]
  .text                ro code  0x0000c394   0x234  VCAN_OV7725_Eagle.o [1]
  .text                ro code  0x0000c5c8   0x362  VCAN_SCCB.o [1]
  .text                ro code  0x0000c92c   0x5e0  MK60_ftm.o [1]
  .text                ro code  0x0000cf0c    0xe0  motor.o [1]
  .text                ro code  0x0000cfec    0x50  misc.o [1]
  .text                ro code  0x0000d03c    0x7c  MK60_PIT.o [1]
  .text                ro code  0x0000d0b8    0x66  ABImemset.o [5]
  .text                ro code  0x0000d120    0x94  VCAN_camera.o [1]
  .text                ro code  0x0000d1b4    0x40  VCAN_computer.o [1]
  .text                ro code  0x0000d1f4    0x9c  PID.o [1]
  .text                ro code  0x0000d290   0x2b8  MK60_adc.o [1]
  .text                ro code  0x0000d548   0x284  MK60_dma.o [1]
  .data_init                    0x0000d7cc   0xdbc  <Block>
    Initializer bytes  ro data  0x0000d7cc   0xdbc  <for .data-1>
  .rodata              const    0x0000e588   0x600  VCAN_ASCII.o [1]
  Veneer               ro code  0x0000eb88     0x8  - Linker created -
  .text                ro code  0x0000eb90   0x3d4  MK60_mcg.o [1]
  CodeRelocate                  0x0000ef64   0x1f0  <Block>
    Initializer bytes  ro data  0x0000ef64   0x1f0  <for CodeRelocateRam-1>
  .text                ro code  0x0000f154   0x140  system_MK60DZ10.o [1]
  .text                ro code  0x0000f294    0x40  MK60_wdog.o [1]
  .rodata              const    0x0000f2d4    0x40  VCAN_LCD_ST7735S.o [1]
  .rodata              const    0x0000f314    0x3c  map.o [1]
  .rodata              const    0x0000f350    0x3c  map.o [1]
  .rodata              const    0x0000f38c    0x3c  MK60_conf.o [1]
  .rodata              const    0x0000f3c8    0x3c  MK60_SysTick.o [1]
  .rodata              const    0x0000f404    0x38  MK60_adc.o [1]
  .rodata              const    0x0000f43c    0x38  MK60_dma.o [1]
  .rodata              const    0x0000f474    0x38  MK60_flash.o [1]
  .rodata              const    0x0000f4ac    0x38  MK60_ftm.o [1]
  .rodata              const    0x0000f4e4    0x38  MK60_gpio.o [1]
  .rodata              const    0x0000f51c    0x38  MK60_PIT.o [1]
  .rodata              const    0x0000f554    0x38  MK60_uart.o [1]
  .rodata              const    0x0000f58c    0x34  misc.o [1]
  .text                ro code  0x0000f5c0    0x28  data_init.o [5]
  .rodata              const    0x0000f5e8    0x24  MK60_conf.o [1]
  .rodata              const    0x0000f60c    0x24  VCAN_OV7725_Eagle.o [1]
  .rodata              const    0x0000f630    0x24  VCAN_OV7725_Eagle.o [1]
  .text                ro code  0x0000f654    0x22  fpinit_M.o [4]
  .iar.init_table      const    0x0000f678    0x10  - Linker created -
  .rodata              const    0x0000f688    0x20  MK60_conf.o [1]
  .rodata              const    0x0000f6a8    0x20  VCAN_OV7725_Eagle.o [1]
  .text                ro code  0x0000f6c8    0x1a  cmain.o [5]
  .text                ro code  0x0000f6e2     0x4  low_level_init.o [3]
  .text                ro code  0x0000f6e6     0x4  exit.o [3]
  .text                ro code  0x0000f6ec     0xa  cexit.o [5]
  .text                ro code  0x0000f6f8     0xc  XXexit.o [5]
  .rodata              const    0x0000f704    0x18  VCAN_OV7725_Eagle.o [1]
  .rodata              const    0x0000f71c    0x18  VCAN_OV7725_Eagle.o [1]
  .text                ro code  0x0000f734    0x16  xprout.o [3]
  .text                ro code  0x0000f74c     0xc  putchar.o [3]
  .rodata              const    0x0000f758    0x14  MK60_conf.o [1]
  .rodata              const    0x0000f76c    0x14  VCAN_OV7725_Eagle.o [1]
  .text                ro code  0x0000f780     0xc  cstartup_M.o [5]
  .rodata              const    0x0000f78c     0x4  VCAN_LCD.o [1]
  .rodata              const    0x0000f790     0x4  VCAN_LCD.o [1]
  .rodata              const    0x0000f794     0x4  VCAN_LCD.o [1]
  .rodata              const    0x0000f798     0x4  VCAN_LCD.o [1]
  Initializer bytes    ro data  0x0000f79c    0x8c  <for P2 s0>
                              - 0x0000f828  0xf410

"P2":                                       0x9158
  .data                         0x1fff0410   0xdbc  <Block>
    .data-1                     0x1fff0410   0xdbc  <Init block>
      .data            inited   0x1fff0410     0x4  Gyro.o [1]
      .data            inited   0x1fff0414     0x4  Gyro.o [1]
      .data            inited   0x1fff0418     0x4  Gyro.o [1]
      .data            inited   0x1fff041c     0x4  Image.o [1]
      .data            inited   0x1fff0420     0x4  Image.o [1]
      .data            inited   0x1fff0424     0x4  Image.o [1]
      .data            inited   0x1fff0428     0x4  Image.o [1]
      .data            inited   0x1fff042c     0x4  Image.o [1]
      .data            inited   0x1fff0430     0x4  Image.o [1]
      .data            inited   0x1fff0434     0x4  Image.o [1]
      .data            inited   0x1fff0438     0x4  Image.o [1]
      .data            inited   0x1fff043c     0x4  Image.o [1]
      .data            inited   0x1fff0440     0x1  main.o [1]
      .data            inited   0x1fff0444   0x4b0  main.o [1]
      .data            inited   0x1fff08f4    0x14  main.o [1]
      .data            inited   0x1fff0908    0x14  main.o [1]
      .data            inited   0x1fff091c     0x4  main.o [1]
      .data            inited   0x1fff0920     0x4  main.o [1]
      .data            inited   0x1fff0924     0x4  main.o [1]
      .data            inited   0x1fff0928     0x4  main.o [1]
      .data            inited   0x1fff092c     0x4  main.o [1]
      .data            inited   0x1fff0930     0x4  main.o [1]
      .data            inited   0x1fff0934     0x4  main.o [1]
      .data            inited   0x1fff0938     0x4  main.o [1]
      .data            inited   0x1fff093c     0x4  main.o [1]
      .data            inited   0x1fff0940     0x4  main.o [1]
      .data            inited   0x1fff0944     0x4  main.o [1]
      .data            inited   0x1fff0948     0x4  main.o [1]
      .data            inited   0x1fff094c     0x4  main.o [1]
      .data            inited   0x1fff0950     0x4  main.o [1]
      .data            inited   0x1fff0954     0x8  MK60_adc.o [1]
      .data            inited   0x1fff095c   0x708  MK60_conf.o [1]
      .data            inited   0x1fff1064    0x10  MK60_ftm.o [1]
      .data            inited   0x1fff1074    0x14  MK60_gpio.o [1]
      .data            inited   0x1fff1088    0x58  MK60_mcg.o [1]
      .data            inited   0x1fff10e0     0x4  MK60_mcg.o [1]
      .data            inited   0x1fff10e4    0x14  MK60_port.o [1]
      .data            inited   0x1fff10f8    0x18  MK60_uart.o [1]
      .data            inited   0x1fff1110     0x8  VCAN_key.o [1]
      .data            inited   0x1fff1118     0x2  VCAN_LCD_ST7735S.o [1]
      .data            inited   0x1fff111a     0x2  VCAN_LCD_ST7735S.o [1]
      .data            inited   0x1fff111c     0x4  VCAN_LED.o [1]
      .data            inited   0x1fff1120     0x1  VCAN_OV7725_Eagle.o [1]
      .data            inited   0x1fff1124    0x64  VCAN_OV7725_Eagle.o [1]
      .data            inited   0x1fff1188     0x1  VCAN_OV7725_Eagle.o [1]
      .data            inited   0x1fff118c    0x40  xfiles.o [3]
  CodeRelocateRam               0x1fff11cc   0x1f0  <Block>
    CodeRelocateRam-1           0x1fff11cc   0x1f0  <Init block>
      Veneer           inited   0x1fff11cc     0x8  - Linker created -
      Veneer           inited   0x1fff11d4     0x8  - Linker created -
      .textrw          inited   0x1fff11dc   0x190  MK60_flash.o [1]
      .textrw          inited   0x1fff136c    0x50  MK60_mcg.o [1]
  .bss                          0x1fff13bc  0x8120  <Block>
    .bss               zero     0x1fff13bc    0x30  CarControl.o [1]
    .bss               zero     0x1fff13ec    0x1c  CarControl.o [1]
    .bss               zero     0x1fff1408    0x1c  CarControl.o [1]
    .bss               zero     0x1fff1424     0x4  CarControl.o [1]
    .bss               zero     0x1fff1428     0x4  Gyro.o [1]
    .bss               zero     0x1fff142c     0x4  Gyro.o [1]
    .bss               zero     0x1fff1430     0x4  Gyro.o [1]
    .bss               zero     0x1fff1434     0x4  Gyro.o [1]
    .bss               zero     0x1fff1438     0x4  Gyro.o [1]
    .bss               zero     0x1fff143c     0x4  Gyro.o [1]
    .bss               zero     0x1fff1440     0x4  Gyro.o [1]
    .bss               zero     0x1fff1444     0x4  Gyro.o [1]
    .bss               zero     0x1fff1448     0x4  Gyro.o [1]
    .bss               zero     0x1fff144c     0x4  Gyro.o [1]
    .bss               zero     0x1fff1450   0x4b0  Image.o [1]
    .bss               zero     0x1fff1900    0x3c  Image.o [1]
    .bss               zero     0x1fff193c  0x2580  Image.o [1]
    .bss               zero     0x1fff3ebc     0x4  Image.o [1]
    .bss               zero     0x1fff3ec0     0x4  Image.o [1]
    .bss               zero     0x1fff3ec4     0x4  Image.o [1]
    .bss               zero     0x1fff3ec8     0x4  Image.o [1]
    .bss               zero     0x1fff3ecc     0x4  Image.o [1]
    .bss               zero     0x1fff3ed0     0x4  Image.o [1]
    .bss               zero     0x1fff3ed4     0x4  Image.o [1]
    .bss               zero     0x1fff3ed8    0xf0  Image.o [1]
    .bss               zero     0x1fff3fc8    0xf0  Image.o [1]
    .bss               zero     0x1fff40b8    0xf0  Image.o [1]
    .bss               zero     0x1fff41a8     0x4  Image.o [1]
    .bss               zero     0x1fff41ac    0x10  Image.o [1]
    .bss               zero     0x1fff41bc  0x2580  Image.o [1]
    .bss               zero     0x1fff673c  0x2580  Image.o [1]
    .bss               zero     0x1fff8cbc   0x140  Image.o [1]
    .bss               zero     0x1fff8dfc   0x140  Image.o [1]
    .bss               zero     0x1fff8f3c     0x8  Image.o [1]
    .bss               zero     0x1fff8f44     0x8  Image.o [1]
    .bss               zero     0x1fff8f4c     0x4  Image.o [1]
    .bss               zero     0x1fff8f50     0x4  Image.o [1]
    .bss               zero     0x1fff8f54     0x4  Image.o [1]
    .bss               zero     0x1fff8f58     0x4  Image.o [1]
    .bss               zero     0x1fff8f5c     0x4  Image.o [1]
    .bss               zero     0x1fff8f60     0x4  Image.o [1]
    .bss               zero     0x1fff8f64     0x4  Image.o [1]
    .bss               zero     0x1fff8f68     0x4  Image.o [1]
    .bss               zero     0x1fff8f6c     0x4  Image.o [1]
    .bss               zero     0x1fff8f70     0xc  main.o [1]
    .bss               zero     0x1fff8f7c     0xc  main.o [1]
    .bss               zero     0x1fff8f88     0xc  main.o [1]
    .bss               zero     0x1fff8f94   0x4b0  main.o [1]
    .bss               zero     0x1fff9444     0x4  main.o [1]
    .bss               zero     0x1fff9448     0x4  main.o [1]
    .bss               zero     0x1fff944c     0x4  main.o [1]
    .bss               zero     0x1fff9450     0x4  main.o [1]
    .bss               zero     0x1fff9454     0x4  main.o [1]
    .bss               zero     0x1fff9458     0x4  main.o [1]
    .bss               zero     0x1fff945c     0x4  main.o [1]
    .bss               zero     0x1fff9460    0x10  MK60_ftm.o [1]
    .bss               zero     0x1fff9470     0x4  system_MK60DZ10.o [1]
    .bss               zero     0x1fff9474     0x4  system_MK60DZ10.o [1]
    .bss               zero     0x1fff9478     0x4  system_MK60DZ10.o [1]
    .bss               zero     0x1fff947c     0x4  VCAN_OV7725_Eagle.o [1]
    .bss               zero     0x1fff9480    0x50  xfiles.o [3]
    .bss               zero     0x1fff94d0     0x2  main.o [1]
    .bss               zero     0x1fff94d2     0x2  main.o [1]
    .bss               zero     0x1fff94d4     0x1  CarControl.o [1]
    .bss               zero     0x1fff94d5     0x1  Image.o [1]
    .bss               zero     0x1fff94d6     0x1  main.o [1]
    .bss               zero     0x1fff94d7     0x1  main.o [1]
    .bss               zero     0x1fff94d8     0x1  main.o [1]
    .bss               zero     0x1fff94d9     0x1  main.o [1]
    .bss               zero     0x1fff94da     0x1  VCAN_LCD_ST7735S.o [1]
  P2 s0                         0x1fff94dc    0x8c  <Init block>
    __DLIB_PERTHREAD   inited   0x1fff94dc    0x88  localeconv.o [3]
    __DLIB_PERTHREAD   inited   0x1fff9564     0x4  errno.o [3]
                              - 0x1fff9568  0x9158


*******************************************************************************
*** INIT TABLE
***

          Address     Size
          -------     ----
Zero (__iar_zero_init3)
    1 destination range, total size 0x811f:
          0x1fff13bc  0x811f



*******************************************************************************
*** MODULE SUMMARY
***

    Module                 ro code  rw code  ro data  rw data
    ------                 -------  -------  -------  -------
D:\VS程序\Freescale\2017光电直立\Prj\IAR\FN15_Debug\Obj: [1]
    CarControl.o               404                        109
    Gyro.o                     640                12       52
    Image.o                  8 104                36   31 557
    MK60_PIT.o                 124                56
    MK60_SysTick.o             100                60
    MK60_adc.o                 696                64        8
    MK60_conf.o                320             1 948    1 800
    MK60_dma.o                 644                56
    MK60_flash.o                        400      456
    MK60_ftm.o               1 504                72       32
    MK60_gpio.o                420                76       20
    MK60_mcg.o                 980       80      172       92
    MK60_port.o                176                20       20
    MK60_uart.o                620                80       24
    MK60_wdog.o                 64
    PID.o                      156
    VCAN_ASCII.o                               1 536
    VCAN_LCD.o               1 508                16
    VCAN_LCD_ST7735S.o       7 212                68        5
    VCAN_LED.o                 112                 4        4
    VCAN_OV7725_Eagle.o        564               277      106
    VCAN_SCCB.o                866
    VCAN_camera.o              148                 2
    VCAN_computer.o             64                 4
    VCAN_key.o                 156                 8        8
    main.o                   3 868             1 300    2 569
    map.o                                     19 320
    misc.o                      80                52
    motor.o                    224
    startup_MK60DZ10.o           8
    system_MK60DZ10.o          320                         12
    vectors.o                                  1 040
    ---------------------------------------------------------
    Total:                  30 082      480   26 735   36 418

command line: [2]
    ---------------------------------------------------------
    Total:

dl7M_tlf.a: [3]
    abs.o                        8
    div.o                       14
    errno.o                     12                 4        4
    exit.o                       4
    localeconv.o               108               136      136
    low_level_init.o             4
    printf.o                    36
    putchar.o                   12
    xfiles.o                                      67      144
    xprintflarge_nomb.o      3 054
    xprout.o                    22
    xtls.o                       2
    ---------------------------------------------------------
    Total:                   3 276               207      284

m7M_tls.a: [4]
    DblAdd.o                   232
    DblCmpLe.o                  46
    DblDiv.o                   582
    DblMul.o                   418
    DblSub.o                   384
    DblToFlt.o                 144
    DblToI32.o                  88
    FltToDbl.o                  78
    I32ToDbl.o                  48
    fpinit_M.o                  34
    sqrt.o                     256
    xdnorm.o                    66
    ---------------------------------------------------------
    Total:                   2 376

rt7M_tl.a: [5]
    ABImemcpy_unaligned.o      118
    ABImemset.o                102
    I64DivMod.o                238
    I64DivZer.o                  2
    XXexit.o                    12
    cexit.o                     10
    cmain.o                     26
    cstartup_M.o                12
    data_init.o                 40
    iarEdom.o                   12
    memchr.o                    88
    strchr.o                    22
    strlen.o                    54
    zero_init3.o                34
    ---------------------------------------------------------
    Total:                     770

    Gaps                        24                 2        9
    Linker created              24       16       32
-------------------------------------------------------------
    Grand Total:            36 552      496   26 976   36 711


*******************************************************************************
*** ENTRY LIST
***

Entry                      Address    Size  Type      Object
-----                      -------    ----  ----      ------
.bss$$Base              0x1fff13bc           --   Gb  - Linker created -
.bss$$Limit             0x1fff94dc           --   Gb  - Linker created -
.data$$Base             0x1fff0410           --   Gb  - Linker created -
.data$$Limit            0x1fff11cc           --   Gb  - Linker created -
.data_init$$Base        0x0000d7cc           --   Gb  - Linker created -
.data_init$$Limit       0x0000e588           --   Gb  - Linker created -
?main                   0x0000f6c9          Code  Gb  cmain.o [5]
A                       0x1fff8f4c     0x4  Data  Gb  Image.o [1]
AAGAFilter              0x00004f4b    0x5e  Code  Gb  Image.o [1]
AB                      0x1fff8f58     0x4  Data  Gb  Image.o [1]
ADCN                    0x1fff0954     0x8  Data  Gb  MK60_adc.o [1]
ASSERT_FAILED_STR       0x0000f5e8    0x24  Data  Gb  MK60_conf.o [1]
Acc_Offset              0x1fff1440     0x4  Data  Gb  Gyro.o [1]
Acc_Smp                 0x1fff1428     0x4  Data  Gb  Gyro.o [1]
AllInit                 0x0000b07b    0x7a  Code  Gb  main.o [1]
Angle                   0x1fff1438     0x4  Data  Gb  Gyro.o [1]
AngleAcceleArry         0x1fff8f88     0xc  Data  Gb  main.o [1]
AngleAcceleration_AD    0x0000c177    0x42  Code  Gb  Gyro.o [1]
Angle_Smp               0x1fff1430     0x4  Data  Gb  Gyro.o [1]
Angle_dot               0x1fff143c     0x4  Data  Gb  Gyro.o [1]
Angle_dot_Smp           0x1fff1434     0x4  Data  Gb  Gyro.o [1]
ArraySetValue           0x00004f19    0x32  Code  Gb  Image.o [1]
BC                      0x1fff8f54     0x4  Data  Gb  Image.o [1]
C                       0x1fff8f50     0x4  Data  Gb  Image.o [1]
CalculateLeadLine       0x00005775   0x308  Code  Gb  Image.o [1]
CarGo                   0x1fff9458     0x4  Data  Gb  main.o [1]
CarInit                 0x0000bf81    0x70  Code  Gb  CarControl.o [1]
CarRate                 0x1fff9454     0x4  Data  Gb  main.o [1]
CarSpeed                0x1fff1424     0x4  Data  Gb  CarControl.o [1]
Car_Info                0x1fff13bc    0x30  Data  Gb  CarControl.o [1]
CarpetSearch            0x00006d83    0xa4  Code  Gb  Image.o [1]
CodeRelocate$$Base      0x0000ef64           --   Gb  - Linker created -
CodeRelocate$$Limit     0x0000f154           --   Gb  - Linker created -
CodeRelocateRam$$Base   0x1fff11cc           --   Gb  - Linker created -
CodeRelocateRam$$Limit  0x1fff13bc           --   Gb  - Linker created -
Complement_Filter_Ex    0x0000c2a9    0x86  Code  Gb  Gyro.o [1]
CompleteLine            0x0000566b   0x10a  Code  Gb  Image.o [1]
ConGraph                0x1fff1450   0x4b0  Data  Gb  Image.o [1]
CrossMakeUpLine         0x0000673b    0xd8  Code  Gb  Image.o [1]
CrossRecognize          0x00005ab9   0x55a  Code  Gb  Image.o [1]
Cuvre                   0x1fff41ac    0x10  Data  Gb  Image.o [1]
CuvreControl            0x00006819    0xa0  Code  Gb  Image.o [1]
DFS                     0x00006c09    0xea  Code  Gb  Image.o [1]
DMA0_IRQHandler         0x0000b5ed     0x8  Code  Gb  main.o [1]
DirKd                   0x1fff9450     0x4  Data  Gb  main.o [1]
DirKp                   0x1fff0924     0x4  Data  Gb  main.o [1]
DirPID                  0x1fff1408    0x1c  Data  Gb  CarControl.o [1]
EX_Angle                0x1fff1448     0x4  Data  Gb  Gyro.o [1]
EX_DeltaAngle           0x1fff144c     0x4  Data  Gb  Gyro.o [1]
EX_GravityAdjustTime    0x1fff0410     0x4  Data  Gb  Gyro.o [1]
EX_angle_k              0x1fff0414     0x4  Data  Gb  Gyro.o [1]
EX_gyro_k               0x1fff0418     0x4  Data  Gb  Gyro.o [1]
EdgeTrace               0x000054ad   0x1be  Code  Gb  Image.o [1]
FTMN                    0x1fff1064    0x10  Data  Gb  MK60_ftm.o [1]
FTM_port_mux            0x0000c92d   0x1ac  Code  Lc  MK60_ftm.o [1]
GPIOX                   0x1fff1074    0x14  Data  Gb  MK60_gpio.o [1]
GetBiasDownRAngle       0x00006021    0x5a  Code  Gb  Image.o [1]
GetBiasUpRAngle         0x0000607b    0x5a  Code  Gb  Image.o [1]
GetLSMatchingLine       0x000060d5    0xb2  Code  Gb  Image.o [1]
GetStraightDownRAngle   0x0000655b    0xdc  Code  Gb  Image.o [1]
GetStraightUpRAngle     0x00006637   0x104  Code  Gb  Image.o [1]
GyroInit                0x0000c115    0x28  Code  Gb  Gyro.o [1]
Gyro_Offset             0x1fff1444     0x4  Data  Gb  Gyro.o [1]
Gyro_Smp                0x1fff142c     0x4  Data  Gb  Gyro.o [1]
HighSpeed               0x1fff0928     0x4  Data  Gb  main.o [1]
ImageBuffer2            0x1fff193c  0x2580  Data  Gb  Image.o [1]
IsConnect               0x1fff1900    0x3c  Data  Gb  Image.o [1]
JudgeLineType           0x00006189    0xfc  Code  Gb  Image.o [1]
KEY_PTxn                0x1fff1110     0x8  Data  Gb  VCAN_key.o [1]
KeyFree                 0x1fff94d6     0x1  Data  Gb  main.o [1]
LCDShowMode             0x1fff94d8     0x1  Data  Gb  main.o [1]
LCD_Img_gray_Z          0x00007aa3   0x13c  Code  Gb  VCAN_LCD.o [1]
LCD_ST7735S_dir         0x00008d53   0xa0c  Code  Gb  VCAN_LCD_ST7735S.o [1]
LCD_ST7735S_init        0x00007d95   0xfbe  Code  Gb  VCAN_LCD_ST7735S.o [1]
LCD_ST7735S_ptlon       0x00009775   0x21c  Code  Gb  VCAN_LCD_ST7735S.o [1]
LCD_char                0x00007807   0x19e  Code  Gb  VCAN_LCD.o [1]
LCD_clear               0x00007721    0x28  Code  Gb  VCAN_LCD.o [1]
LCD_init                0x00007625    0x2c  Code  Gb  VCAN_LCD.o [1]
LCD_line_display        0x00006a0b   0x1fe  Code  Gb  Image.o [1]
LCD_num_BC              0x000079a5    0xfe  Code  Gb  VCAN_LCD.o [1]
LCD_point               0x00007749    0xbe  Code  Gb  VCAN_LCD.o [1]
LCD_rectangle           0x00007651    0xd0  Code  Gb  VCAN_LCD.o [1]
LED_PTxn                0x1fff111c     0x4  Data  Gb  VCAN_LED.o [1]
LPulseSum               0x1fff94d0     0x2  Data  Gb  main.o [1]
LeftJump                0x00006d39    0x4a  Code  Gb  Image.o [1]
LineType                0x1fff3ed4     0x4  Data  Gb  Image.o [1]
LoadInt                 0x0000a6ef    0x6e  Code  Lc  xprintflarge_nomb.o [3]
LocPID_Calc             0x0000d213    0x78  Code  Gb  PID.o [1]
Lpulse                  0x1fff9448     0x4  Data  Gb  main.o [1]
MAX_HORLINE_LENGTH      0x1fff043c     0x4  Data  Gb  Image.o [1]
MAX_STRAIGHT_AREA       0x1fff0434     0x4  Data  Gb  Image.o [1]
MIN_CON_POINT           0x1fff0438     0x4  Data  Gb  Image.o [1]
NVIC_DisableIRQ         0x0000c3a9    0x14  Code  Lc  VCAN_OV7725_Eagle.o [1]
NVIC_EnableIRQ          0x0000b065    0x16  Code  Lc  main.o [1]
NVIC_EnableIRQ          0x0000c395    0x14  Code  Lc  VCAN_OV7725_Eagle.o [1]
NVIC_SystemReset        0x00009c95    0x1a  Code  Lc  MK60_conf.o [1]
PID_Init                0x0000d1f5    0x1e  Code  Gb  PID.o [1]
PIT0InteruptEventCount  0x1fff944c     0x4  Data  Gb  main.o [1]
PIT0_IRQHandler         0x0000b365   0x226  Code  Gb  main.o [1]
PORTA_IRQHandler        0x0000b58d    0x30  Code  Gb  main.o [1]
PORTX                   0x1fff10e4    0x14  Data  Gb  MK60_port.o [1]
ParameterSet            0x0000b5f5   0x8c8  Code  Gb  main.o [1]
Parameters_Init         0x0000c13d    0x3a  Code  Gb  Gyro.o [1]
RPulseSum               0x1fff94d2     0x2  Data  Gb  main.o [1]
ReadSensorData          0x0000c1b9    0xf0  Code  Gb  Gyro.o [1]
RecordBWChange          0x00004fa9    0x6c  Code  Gb  Image.o [1]
Region$$Table$$Base     0x0000f678           --   Gb  - Linker created -
Region$$Table$$Limit    0x0000f688           --   Gb  - Linker created -
Reset_Handler           0x00000411          Code  Gb  startup_MK60DZ10.o [1]
ReverseSearchLine       0x00006291   0x2ca  Code  Gb  Image.o [1]
RightJump               0x00006cf3    0x46  Code  Gb  Image.o [1]
Rpulse                  0x1fff9444     0x4  Data  Gb  main.o [1]
SCCB_Ack                0x0000c69d    0x3c  Code  Lc  VCAN_SCCB.o [1]
SCCB_GPIO_init          0x0000c5e3    0x28  Code  Gb  VCAN_SCCB.o [1]
SCCB_NoAck              0x0000c6d9    0x3c  Code  Lc  VCAN_SCCB.o [1]
SCCB_ReadByte           0x0000c879    0x2c  Code  Gb  VCAN_SCCB.o [1]
SCCB_ReadByte_one       0x0000c8a5    0x86  Code  Lc  VCAN_SCCB.o [1]
SCCB_ReceiveByte        0x0000c7a5    0x54  Code  Lc  VCAN_SCCB.o [1]
SCCB_SendByte           0x0000c761    0x44  Code  Lc  VCAN_SCCB.o [1]
SCCB_Start              0x0000c60b    0x5e  Code  Lc  VCAN_SCCB.o [1]
SCCB_Stop               0x0000c669    0x34  Code  Lc  VCAN_SCCB.o [1]
SCCB_WaitAck            0x0000c715    0x4c  Code  Lc  VCAN_SCCB.o [1]
SCCB_WriteByte          0x0000c809    0x28  Code  Gb  VCAN_SCCB.o [1]
SCCB_WriteByte_one      0x0000c831    0x48  Code  Lc  VCAN_SCCB.o [1]
SCCB_delay              0x0000c5c9    0x1a  Code  Lc  VCAN_SCCB.o [1]
ST7735S_get_h           0x00009991     0x6  Code  Gb  VCAN_LCD_ST7735S.o [1]
ST7735S_get_w           0x00009997     0x6  Code  Gb  VCAN_LCD_ST7735S.o [1]
SearchBaseLines         0x00005015   0x498  Code  Gb  Image.o [1]
SpeedChange             0x1fff945c     0x4  Data  Gb  main.o [1]
SpeedControl            0x0000c059    0x6c  Code  Gb  CarControl.o [1]
SpeedControlPeriod      0x1fff94d9     0x1  Data  Gb  main.o [1]
SpeedKi                 0x1fff0920     0x4  Data  Gb  main.o [1]
SpeedKp                 0x1fff091c     0x4  Data  Gb  main.o [1]
SpeedPID                0x1fff13ec    0x1c  Data  Gb  CarControl.o [1]
Straigth                0x0000bff1    0x68  Code  Gb  CarControl.o [1]
T                       0x1fff8f5c     0x4  Data  Gb  Image.o [1]
UARTN                   0x1fff10f8    0x18  Data  Gb  MK60_uart.o [1]
Upright_Kd              0x1fff0908    0x14  Data  Gb  main.o [1]
Upright_Kp              0x1fff08f4    0x14  Data  Gb  main.o [1]
WIDTH                   0x1fff0420     0x4  Data  Gb  Image.o [1]
X                       0x1fff8f60     0x4  Data  Gb  Image.o [1]
_GenldLargeNoMb         0x0000aae5   0x236  Code  Lc  xprintflarge_nomb.o [3]
_LdtobLargeNoMb         0x0000a865   0x27a  Code  Lc  xprintflarge_nomb.o [3]
_LitobLargeNoMb         0x0000a75d   0x106  Code  Lc  xprintflarge_nomb.o [3]
_Locale_aeabi_lconv     0x1fff952c    0x38  Data  Gb  localeconv.o [3]
_Locale_lconv           0x1fff94dc    0x50  Data  Gb  localeconv.o [3]
_PrintfLargeNoMb        0x0000a175   0x574  Code  Gb  xprintflarge_nomb.o [3]
_Prout                  0x0000f735    0x16  Code  Gb  xprout.o [3]
_PutcharsLargeNoMb      0x0000ad1b    0x2e  Code  Lc  xprintflarge_nomb.o [3]
__BOOT_STACK_ADDRESS {Abs}
                        0x2000fff8           --   Gb  command line/config [2]
__VECTOR_RAM {Abs}      0x1fff0000           --   Gb  command line/config [2]
__VECTOR_TABLE {Abs}    0x00000000           --   Gb  command line/config [2]
__aeabi_cdcmple         0x0000afb5          Code  Gb  DblCmpLe.o [4]
__aeabi_d2f             0x000072e9          Code  Gb  DblToFlt.o [4]
__aeabi_d2iz            0x00007019          Code  Gb  DblToI32.o [4]
__aeabi_d2uiz           0x00007045          Code  Gb  DblToI32.o [4]
__aeabi_dadd            0x00006f31          Code  Gb  DblAdd.o [4]
__aeabi_ddiv            0x000070a1          Code  Gb  DblDiv.o [4]
__aeabi_dmul            0x00007479          Code  Gb  DblMul.o [4]
__aeabi_dsub            0x00007c09          Code  Gb  DblSub.o [4]
__aeabi_errno_addr      0x000099c1     0x6  Code  Gb  errno.o [3]
__aeabi_f2d             0x00006ec1          Code  Gb  FltToDbl.o [4]
__aeabi_i2d             0x00007071          Code  Gb  I32ToDbl.o [4]
__aeabi_ldiv0           0x0000b061          Code  Gb  I64DivZer.o [5]
__aeabi_memset          0x0000d0b9          Code  Gb  ABImemset.o [5]
__aeabi_ui2d            0x00007085          Code  Gb  I32ToDbl.o [4]
__aeabi_uldivmod        0x0000ae0d          Code  Gb  I64DivMod.o [5]
__cmain                 0x0000f6c9          Code  Gb  cmain.o [5]
__code_start__ {Abs}    0x00000410           --   Gb  command line/config [2]
__exit                  0x0000f6f9          Code  Gb  XXexit.o [5]
__iar_Dnorm             0x0000af73    0x42  Code  Gb  xdnorm.o [4]
__iar_Errno             0x1fff9564     0x4  Data  Gb  errno.o [3]
__iar_Locale_lconv_init
                        0x0000afe5    0x3a  Code  Gb  localeconv.o [3]
__iar_Memchr            0x0000adb5          Code  Gb  memchr.o [5]
__iar_Memset            0x0000d0b9          Code  Gb  ABImemset.o [5]
__iar_Memset_word       0x0000d0c1          Code  Gb  ABImemset.o [5]
__iar_Stdout            0x1fff118c    0x40  Data  Gb  xfiles.o [3]
__iar_Strchr            0x0000ad65          Code  Gb  strchr.o [5]
__iar_d2uiz             0x00007051          Code  Gb  DblToI32.o [4]
__iar_dadd              0x00006f45          Code  Gb  DblAdd.o [4]
__iar_data_init3        0x0000f5c1    0x28  Code  Gb  data_init.o [5]
__iar_dlib_perthread_access
                        0x00009dd5     0x2  Code  Gb  xtls.o [3]
__iar_dsub              0x00007c1d          Code  Gb  DblSub.o [4]
__iar_dsubStart         0x00007c2f          Code  Gb  DblSub.o [4]
__iar_edom              0x00007d89          Code  Gb  iarEdom.o [5]
__iar_init_vfp          0x0000f655          Code  Gb  fpinit_M.o [4]
__iar_program_start     0x0000f781          Code  Gb  cstartup_M.o [5]
__iar_sqrt              0x00007389          Code  Gb  sqrt.o [4]
__iar_ui2d              0x00007089          Code  Gb  I32ToDbl.o [4]
__iar_unaligned___aeabi_memcpy
                        0x0000aefd          Code  Gb  ABImemcpy_unaligned.o [5]
__iar_unaligned___aeabi_memcpy4
                        0x0000af1d          Code  Gb  ABImemcpy_unaligned.o [5]
__iar_unaligned___aeabi_memcpy8
                        0x0000af1d          Code  Gb  ABImemcpy_unaligned.o [5]
__iar_vfp_sqrt          0x00007379          Code  Gb  sqrt.o [4]
__iar_vfp_sqrtl         0x00007379          Code  Gb  sqrt.o [4]
__iar_zero_init3        0x00006f0f    0x22  Code  Gb  zero_init3.o [5]
__low_level_init        0x0000f6e3     0x4  Code  Gb  low_level_init.o [3]
__vector_table          0x00000000   0x410  Data  Gb  vectors.o [1]
_call_main              0x0000f6d5          Code  Gb  cmain.o [5]
_exit                   0x0000f6ed          Code  Gb  cexit.o [5]
_main                   0x0000f6df          Code  Gb  cmain.o [5]
abs                     0x0000761b     0x8  Code  Gb  abs.o [3]
acc_init                0x1fff8f70     0xc  Data  Gb  main.o [1]
adc_init                0x0000d291   0x20e  Code  Gb  MK60_adc.o [1]
adc_once                0x0000d49f    0x50  Code  Gb  MK60_adc.o [1]
adc_start               0x0000d4ef    0x44  Code  Lc  MK60_adc.o [1]
ascii_8x16              0x0000e588   0x600  Data  Gb  VCAN_ASCII.o [1]
assert_failed           0x00009caf    0x26  Code  Gb  MK60_conf.o [1]
bus_clk_khz             0x1fff9478     0x4  Data  Gb  system_MK60DZ10.o [1]
common_startup          0x0000f1bf    0x98  Code  Gb  system_MK60DZ10.o [1]
core_clk_khz            0x1fff9470     0x4  Data  Gb  system_MK60DZ10.o [1]
core_clk_mhz            0x1fff9474     0x4  Data  Gb  system_MK60DZ10.o [1]
default_isr             0x00009d83    0x30  Code  Gb  MK60_conf.o [1]
div                     0x0000b051     0xe  Code  Gb  div.o [3]
dma_gpio_input_init     0x0000d549    0x5c  Code  Lc  MK60_dma.o [1]
dma_portx2buff_init     0x0000d5a5   0x1f4  Code  Gb  MK60_dma.o [1]
exit                    0x0000f6e7     0x4  Code  Gb  exit.o [3]
flash_cmd               0x1fff11dd    0x20  Code  Gb  MK60_flash.o [1]
flash_erase_sector      0x1fff1221    0x5c  Code  Gb  MK60_flash.o [1]
flash_init              0x1fff11fd    0x24  Code  Gb  MK60_flash.o [1]
flash_write             0x1fff127d    0xb4  Code  Gb  MK60_flash.o [1]
fputc                   0x00009cd5    0x14  Code  Gb  MK60_conf.o [1]
ftm_mod                 0x1fff9460    0x10  Data  Lc  MK60_ftm.o [1]
ftm_pwm_duty            0x0000cc85   0x112  Code  Gb  MK60_ftm.o [1]
ftm_pwm_init            0x0000cad9   0x1ac  Code  Gb  MK60_ftm.o [1]
ftm_quad_clean          0x0000cec9    0x28  Code  Gb  MK60_ftm.o [1]
ftm_quad_get            0x0000ce9d    0x2c  Code  Gb  MK60_ftm.o [1]
ftm_quad_init           0x0000cd97   0x106  Code  Gb  MK60_ftm.o [1]
gpio_get                0x00009b29    0x3e  Code  Gb  MK60_gpio.o [1]
gpio_init               0x000099cd    0xae  Code  Gb  MK60_gpio.o [1]
gpio_set                0x00009a7b    0x74  Code  Gb  MK60_gpio.o [1]
gpio_turn               0x00009aef    0x3a  Code  Gb  MK60_gpio.o [1]
gyro_init               0x1fff8f7c     0xc  Data  Gb  main.o [1]
half                    0x1fff8f6c     0x4  Data  Gb  Image.o [1]
imageProcess            0x000068c1   0x14a  Code  Gb  Image.o [1]
img                     0x1fff8f94   0x4b0  Data  Gb  main.o [1]
img_extract             0x0000d121    0x94  Code  Gb  VCAN_camera.o [1]
imgbuff                 0x1fff0444   0x4b0  Data  Gb  main.o [1]
imgsize                 0x1fff0948     0x4  Data  Gb  main.o [1]
key_check               0x0000a145    0x2a  Code  Gb  VCAN_key.o [1]
key_get                 0x0000a12b    0x1a  Code  Gb  VCAN_key.o [1]
key_init                0x0000a0d9    0x52  Code  Gb  VCAN_key.o [1]
leadLine                0x1fff40b8    0xf0  Data  Gb  Image.o [1]
leadYEnd                0x1fff3ed0     0x4  Data  Gb  Image.o [1]
leadYStart              0x1fff3ecc     0x4  Data  Gb  Image.o [1]
leadlength              0x1fff41a8     0x4  Data  Gb  Image.o [1]
leadnum0                0x1fff8f64     0x4  Data  Gb  Image.o [1]
leadnumhalf             0x1fff8f68     0x4  Data  Gb  Image.o [1]
led_init                0x00009dd9    0x3a  Code  Gb  VCAN_LED.o [1]
led_turn                0x00009e13    0x32  Code  Gb  VCAN_LED.o [1]
leftEdge                0x0000f314    0x3c  Data  Gb  map.o [1]
leftHalf                0x1fff8cbc   0x140  Data  Gb  Image.o [1]
leftLine                0x1fff3ed8    0xf0  Data  Gb  Image.o [1]
leftYEnd                0x1fff3ec0     0x4  Data  Gb  Image.o [1]
leftYStart              0x1fff3ebc     0x4  Data  Gb  Image.o [1]
limit                   0x1fff0440     0x1  Data  Gb  main.o [1]
localeconv              0x0000b01f    0x16  Code  Gb  localeconv.o [3]
ls                      0x1fff8f3c     0x8  Data  Gb  Image.o [1]
main                    0x0000b0f5   0x26e  Code  Gb  main.o [1]
mapX                    0x00002998  0x2580  Data  Gb  map.o [1]
mapY                    0x00000418  0x2580  Data  Gb  map.o [1]
mcg_cfg                 0x1fff1088    0x58  Data  Gb  MK60_mcg.o [1]
mcg_div                 0x1fff10e0     0x4  Data  Gb  MK60_mcg.o [1]
mcg_div_count           0x0000eb91   0x304  Code  Gb  MK60_mcg.o [1]
memchr                  0x0000adb5          Code  Gb  memchr.o [5]
midpoint_before         0x1fff0424     0x4  Data  Gb  Image.o [1]
midpoint_before_E       0x1fff0428     0x4  Data  Gb  Image.o [1]
modle_key               0x1fff94d7     0x1  Data  Gb  main.o [1]
motor_control           0x0000cf49    0xa0  Code  Gb  motor.o [1]
motor_init              0x0000cf0d    0x3c  Code  Gb  motor.o [1]
obuf                    0x1fff9480    0x50  Data  Lc  xfiles.o [3]
ov7725_eagle_cfgnum     0x1fff1188     0x1  Data  Gb  VCAN_OV7725_Eagle.o [1]
ov7725_eagle_dma        0x0000c475    0x14  Code  Gb  VCAN_OV7725_Eagle.o [1]
ov7725_eagle_get_img    0x0000c489    0x42  Code  Gb  VCAN_OV7725_Eagle.o [1]
ov7725_eagle_img_buff   0x1fff947c     0x4  Data  Gb  VCAN_OV7725_Eagle.o [1]
ov7725_eagle_img_flag   0x1fff1120     0x1  Data  Gb  VCAN_OV7725_Eagle.o [1]
ov7725_eagle_init       0x0000c3bd    0x18  Code  Gb  VCAN_OV7725_Eagle.o [1]
ov7725_eagle_port_init  0x0000c3d5    0x54  Code  Lc  VCAN_OV7725_Eagle.o [1]
ov7725_eagle_reg        0x1fff1124    0x64  Data  Gb  VCAN_OV7725_Eagle.o [1]
ov7725_eagle_reg_init   0x0000c4cb    0xb0  Code  Lc  VCAN_OV7725_Eagle.o [1]
ov7725_eagle_vsync      0x0000c429    0x4c  Code  Gb  VCAN_OV7725_Eagle.o [1]
p1                      0x1fff042c     0x4  Data  Gb  Image.o [1]
p2                      0x1fff0430     0x4  Data  Gb  Image.o [1]
pProcess                0x1fff041c     0x4  Data  Gb  Image.o [1]
pit_init                0x0000d03d    0x6c  Code  Gb  MK60_PIT.o [1]
pll_init                0x0000ee95    0xb2  Code  Gb  MK60_mcg.o [1]
port_init               0x00009b71    0x44  Code  Gb  MK60_port.o [1]
port_init_NoALT         0x00009bb5    0x62  Code  Gb  MK60_port.o [1]
printf                  0x00009e49    0x24  Code  Gb  printf.o [3]
processBuf1             0x1fff41bc  0x2580  Data  Gb  Image.o [1]
processBuf2             0x1fff673c  0x2580  Data  Gb  Image.o [1]
putchar                 0x0000f74d     0xc  Code  Gb  putchar.o [3]
rightEdge               0x0000f350    0x3c  Data  Gb  map.o [1]
rightHalf               0x1fff8dfc   0x140  Data  Gb  Image.o [1]
rightLine               0x1fff3fc8    0xf0  Data  Gb  Image.o [1]
rightYEnd               0x1fff3ec8     0x4  Data  Gb  Image.o [1]
rightYStart             0x1fff3ec4     0x4  Data  Gb  Image.o [1]
set_sys_dividers        0x1fff136d    0x50  Code  Gb  MK60_mcg.o [1]
set_vector_handler      0x0000d00f    0x22  Code  Gb  misc.o [1]
site2                   0x1fff0944     0x4  Data  Gb  main.o [1]
site_1                  0x1fff0950     0x4  Data  Gb  main.o [1]
site_x_1                0x1fff092c     0x4  Data  Gb  main.o [1]
site_x_2                0x1fff0938     0x4  Data  Gb  main.o [1]
site_y_1                0x1fff0930     0x4  Data  Gb  main.o [1]
site_y_2                0x1fff093c     0x4  Data  Gb  main.o [1]
site_z_1                0x1fff0934     0x4  Data  Gb  main.o [1]
site_z_2                0x1fff0940     0x4  Data  Gb  main.o [1]
size_2                  0x1fff094c     0x4  Data  Gb  main.o [1]
sqrt                    0x00007389          Code  Gb  sqrt.o [4]
sqrtl                   0x00007389          Code  Gb  sqrt.o [4]
st7735s_dir             0x1fff94da     0x1  Data  Gb  VCAN_LCD_ST7735S.o [1]
st7735s_h               0x1fff1118     0x2  Data  Gb  VCAN_LCD_ST7735S.o [1]
st7735s_w               0x1fff111a     0x2  Data  Gb  VCAN_LCD_ST7735S.o [1]
start                   0x0000f155    0x2e  Code  Gb  system_MK60DZ10.o [1]
start_check             0x00009ce9    0x9a  Code  Gb  MK60_conf.o [1]
strchr                  0x0000ad65          Code  Gb  strchr.o [5]
strlen                  0x0000ad7d          Code  Gb  strlen.o [5]
sysinit                 0x0000f183    0x3c  Code  Gb  system_MK60DZ10.o [1]
systick_delay           0x00009c21    0x36  Code  Gb  MK60_SysTick.o [1]
systick_delay_ms        0x00009c57    0x18  Code  Gb  MK60_SysTick.o [1]
t                       0x1fff94d4     0x1  Data  Gb  CarControl.o [1]
uart_init               0x00009e6d   0x214  Code  Gb  MK60_uart.o [1]
uart_putbuff            0x0000a09b    0x24  Code  Gb  MK60_uart.o [1]
uart_putchar            0x0000a081    0x1a  Code  Gb  MK60_uart.o [1]
vcan_sendimg            0x0000d1b5    0x38  Code  Gb  VCAN_computer.o [1]
vector_str              0x1fff095c   0x708  Data  Gb  MK60_conf.o [1]
wdog_disable            0x0000f295    0x16  Code  Gb  MK60_wdog.o [1]
wdog_unlock             0x0000f2ab    0x20  Code  Lc  MK60_wdog.o [1]
write_vtor              0x0000cfed    0x22  Code  Gb  misc.o [1]
ys                      0x1fff8f44     0x8  Data  Gb  Image.o [1]
zhuantou                0x1fff94d5     0x1  Data  Gb  Image.o [1]


[1] = D:\VS程序\Freescale\2017光电直立\Prj\IAR\FN15_Debug\Obj
[2] = command line
[3] = dl7M_tlf.a
[4] = m7M_tls.a
[5] = rt7M_tl.a

  36 552 bytes of readonly  code memory
     496 bytes of readwrite code memory
  26 976 bytes of readonly  data memory
  36 711 bytes of readwrite data memory

Errors: none
Warnings: none
